<html>
<body>
<pre>
<h1>�Vision Build Log</h1>
<h2>Tool Versions:</h2>
IDE-Version: ��Vision V5.36.0.0
Copyright (C) 2021 ARM Ltd and ARM Germany GmbH. All rights reserved.
License Information: B zhuhongyuZHY2020@outlook.com, B, LIC=9WSKC-7HUJV-Z9FG9-4JR0F-J6CJJ-TXQ6C
 
Tool Versions:
Toolchain:       MDK-ARM Plus  Version: 5.36.0.0
Toolchain Path:  D:\keil5 MDK\ARM\ARMCLANG\Bin
C Compiler:      ArmClang.exe V6.16
Assembler:       Armasm.exe V6.16
Linker/Locator:  ArmLink.exe V6.16
Library Manager: ArmAr.exe V6.16
Hex Converter:   FromElf.exe V6.16
CPU DLL:         SARMCM3.DLL V5.36.0.0
Dialog DLL:      DCM.DLL V1.17.3.0
Target DLL:      CMSIS_AGDI.dll V1.33.0.0
Dialog DLL:      TCM.DLL V1.53.0.0
 
<h2>Project:</h2>
D:\RM-electro-control\wheelleg\github\wheelleg-robot\Board_chassis_DM_ZUIJIN)\MDK-ARM\LegWheel.uvprojx
Project File Date:  08/08/2025

<h2>Output:</h2>
*** Using Compiler 'V6.16', folder: 'D:\keil5 MDK\ARM\ARMCLANG\Bin'
Rebuild target 'LegWheel'
compiling stm32h7xx_hal_msp.c...
compiling stm32h7xx_it.c...
assembling startup_stm32h723xx.s...
compiling tim.c...
compiling stm32h7xx_hal_tim_ex.c...
compiling gpio.c...
compiling crc.c...
compiling usart.c...
compiling spi.c...
compiling main.c...
compiling stm32h7xx_hal_timebase_tim.c...
compiling dma.c...
compiling fdcan.c...
compiling freertos.c...
compiling stm32h7xx_hal_tim.c...
compiling stm32h7xx_hal_crc.c...
compiling stm32h7xx_hal_cortex.c...
compiling stm32h7xx_hal_crc_ex.c...
compiling stm32h7xx_hal_rcc.c...
compiling stm32h7xx_hal_flash.c...
compiling stm32h7xx_hal_rcc_ex.c...
compiling stm32h7xx_hal_flash_ex.c...
compiling stm32h7xx_hal_gpio.c...
compiling stm32h7xx_hal_hsem.c...
compiling stm32h7xx_hal_dma.c...
compiling stm32h7xx_hal_dma_ex.c...
compiling stm32h7xx_hal_pwr.c...
compiling stm32h7xx_hal_mdma.c...
compiling stm32h7xx_hal_pwr_ex.c...
compiling stm32h7xx_hal.c...
compiling stm32h7xx_hal_i2c_ex.c...
compiling stm32h7xx_hal_exti.c...
compiling stm32h7xx_hal_i2c.c...
compiling stm32h7xx_hal_fdcan.c...
compiling stm32h7xx_hal_spi_ex.c...
compiling stm32h7xx_hal_spi.c...
compiling stm32h7xx_hal_uart.c...
compiling stm32h7xx_hal_uart_ex.c...
compiling system_stm32h7xx.c...
compiling croutine.c...
compiling event_groups.c...
compiling list.c...
compiling stream_buffer.c...
compiling queue.c...
compiling tasks.c...
compiling timers.c...
compiling heap_4.c...
compiling cmsis_os2.c...
compiling port.c...
../Applications/Task_manager.cpp(2): warning: In file included from...
../Applications/Chassis.h(9): warning: In file included from...
../Devices/Unitree\unitree.h(45): warning: anonymous non-C-compatible type given name for linkage purposes by typedef declaration; add a tag name here [-Wnon-c-typedef-for-linkage]
typedef struct{      // 以 4个字节一组排列 ，不然编译器会凑整
              ^
               MasterComdV3
../Devices/Unitree\unitree.h(48): note: type is not C-compatible due to this default member initializer
  uint8_t ModifyBit=0xFF;  
                    ^~~~
../Devices/Unitree\unitree.h(64): note: type is given name 'MasterComdV3' for linkage purposes by this typedef declaration
} MasterComdV3; 
  ^
1 warning generated.
compiling Task_manager.cpp...
../Applications/Chassis.cpp(1): warning: In file included from...
../Applications/Chassis.h(9): warning: In file included from...
../Devices/Unitree\unitree.h(45): warning: anonymous non-C-compatible type given name for linkage purposes by typedef declaration; add a tag name here [-Wnon-c-typedef-for-linkage]
typedef struct{      // 以 4个字节一组排列 ，不然编译器会凑整
              ^
               MasterComdV3
../Devices/Unitree\unitree.h(48): note: type is not C-compatible due to this default member initializer
  uint8_t ModifyBit=0xFF;  
                    ^~~~
../Devices/Unitree\unitree.h(64): note: type is given name 'MasterComdV3' for linkage purposes by this typedef declaration
} MasterComdV3; 
  ^
1 warning generated.
compiling Chassis.cpp...
compiling ins.cpp...
compiling board_comm.c...
compiling lqr.cpp...
compiling vmc.cpp...
compiling kalman_filter.cpp...
compiling crc_def.cpp...
compiling pid.cpp...
compiling user_lib.cpp...
compiling M6020_Motor.c...
compiling Saber_C3.c...
compiling ws2812.c...
compiling M3508.c...
compiling DM_8009P.cpp...
compiling tpid.c...
compiling bsp_dwt.c...
compiling vofa.c...
compiling bsp_uart.c...
../Bsp/CAN/BSP_fdcan.c(16): warning: In file included from...
../Applications\Chassis.h(9): warning: In file included from...
../Devices/Unitree\unitree.h(45): warning: anonymous non-C-compatible type given name for linkage purposes by typedef declaration; add a tag name here [-Wnon-c-typedef-for-linkage]
typedef struct{      // 以 4个字节一组排列 ，不然编译器会凑整
              ^
               MasterComdV3
../Devices/Unitree\unitree.h(48): note: type is not C-compatible due to this default member initializer
  uint8_t ModifyBit=0xFF;  
                    ^~~~
../Devices/Unitree\unitree.h(64): note: type is given name 'MasterComdV3' for linkage purposes by this typedef declaration
} MasterComdV3; 
  ^
1 warning generated.
compiling BSP_fdcan.c...
linking...
Program Size: Code=98840 RO-data=5680 RW-data=68 ZI-data=158356  
FromELF: creating hex file...
"LegWheel\LegWheel.axf" - 0 Error(s), 3 Warning(s).

<h2>Software Packages used:</h2>

Package Vendor: ARM
                http://www.keil.com/pack/ARM.CMSIS.5.8.0.pack
                ARM.CMSIS.5.8.0
                CMSIS (Common Microcontroller Software Interface Standard)
   * Component: CORE Version: 5.5.0

Package Vendor: Keil
                https://www.keil.com/pack/Keil.STM32H7xx_DFP.4.0.0.pack
                Keil.STM32H7xx_DFP.4.0.0
                STMicroelectronics STM32H7 Series Device Support

<h2>Collection of Component include folders:</h2>
  .\RTE\_LegWheel
  D:\keil5 MDK\ARM\CMSIS\5.8.0\CMSIS\Core\Include

<h2>Collection of Component Files used:</h2>

   * Component: ARM::CMSIS:CORE:5.5.0
      Include file:  CMSIS\Core\Include\tz_context.h
Build Time Elapsed:  00:00:14
</pre>
</body>
</html>
