Component: ARM Compiler 6.16 Tool: armlink [5dfeaa00]

==============================================================================

Section Cross References

    startup_stm32h723xx.o(STACK) refers (Special) to heapauxi.o(.text) for __use_two_region_memory
    startup_stm32h723xx.o(HEAP) refers (Special) to heapauxi.o(.text) for __use_two_region_memory
    startup_stm32h723xx.o(RESET) refers (Special) to heapauxi.o(.text) for __use_two_region_memory
    startup_stm32h723xx.o(RESET) refers to startup_stm32h723xx.o(STACK) for __initial_sp
    startup_stm32h723xx.o(RESET) refers to startup_stm32h723xx.o(.text) for Reset_Handler
    startup_stm32h723xx.o(RESET) refers to stm32h7xx_it.o(.text.NMI_Handler) for NMI_Handler
    startup_stm32h723xx.o(RESET) refers to stm32h7xx_it.o(.text.HardFault_Handler) for HardFault_Handler
    startup_stm32h723xx.o(RESET) refers to stm32h7xx_it.o(.text.MemManage_Handler) for MemManage_Handler
    startup_stm32h723xx.o(RESET) refers to stm32h7xx_it.o(.text.BusFault_Handler) for BusFault_Handler
    startup_stm32h723xx.o(RESET) refers to stm32h7xx_it.o(.text.UsageFault_Handler) for UsageFault_Handler
    startup_stm32h723xx.o(RESET) refers to port.o(.text.SVC_Handler) for SVC_Handler
    startup_stm32h723xx.o(RESET) refers to stm32h7xx_it.o(.text.DebugMon_Handler) for DebugMon_Handler
    startup_stm32h723xx.o(RESET) refers to port.o(.text.PendSV_Handler) for PendSV_Handler
    startup_stm32h723xx.o(RESET) refers to cmsis_os2.o(.text.SysTick_Handler) for SysTick_Handler
    startup_stm32h723xx.o(RESET) refers to stm32h7xx_it.o(.text.DMA1_Stream1_IRQHandler) for DMA1_Stream1_IRQHandler
    startup_stm32h723xx.o(RESET) refers to stm32h7xx_it.o(.text.DMA1_Stream2_IRQHandler) for DMA1_Stream2_IRQHandler
    startup_stm32h723xx.o(RESET) refers to stm32h7xx_it.o(.text.DMA1_Stream3_IRQHandler) for DMA1_Stream3_IRQHandler
    startup_stm32h723xx.o(RESET) refers to stm32h7xx_it.o(.text.DMA1_Stream4_IRQHandler) for DMA1_Stream4_IRQHandler
    startup_stm32h723xx.o(RESET) refers to stm32h7xx_it.o(.text.FDCAN1_IT0_IRQHandler) for FDCAN1_IT0_IRQHandler
    startup_stm32h723xx.o(RESET) refers to stm32h7xx_it.o(.text.FDCAN2_IT0_IRQHandler) for FDCAN2_IT0_IRQHandler
    startup_stm32h723xx.o(RESET) refers to stm32h7xx_it.o(.text.TIM2_IRQHandler) for TIM2_IRQHandler
    startup_stm32h723xx.o(RESET) refers to stm32h7xx_it.o(.text.USART2_IRQHandler) for USART2_IRQHandler
    startup_stm32h723xx.o(RESET) refers to stm32h7xx_it.o(.text.USART3_IRQHandler) for USART3_IRQHandler
    startup_stm32h723xx.o(RESET) refers to stm32h7xx_it.o(.text.DMA2_Stream1_IRQHandler) for DMA2_Stream1_IRQHandler
    startup_stm32h723xx.o(RESET) refers to stm32h7xx_it.o(.text.DMA2_Stream2_IRQHandler) for DMA2_Stream2_IRQHandler
    startup_stm32h723xx.o(RESET) refers to stm32h7xx_it.o(.text.DMA2_Stream3_IRQHandler) for DMA2_Stream3_IRQHandler
    startup_stm32h723xx.o(RESET) refers to stm32h7xx_it.o(.text.DMA2_Stream4_IRQHandler) for DMA2_Stream4_IRQHandler
    startup_stm32h723xx.o(RESET) refers to stm32h7xx_it.o(.text.UART7_IRQHandler) for UART7_IRQHandler
    startup_stm32h723xx.o(RESET) refers to stm32h7xx_it.o(.text.USART10_IRQHandler) for USART10_IRQHandler
    startup_stm32h723xx.o(RESET) refers to stm32h7xx_it.o(.text.FDCAN3_IT0_IRQHandler) for FDCAN3_IT0_IRQHandler
    startup_stm32h723xx.o(.text) refers (Special) to heapauxi.o(.text) for __use_two_region_memory
    startup_stm32h723xx.o(.text) refers to system_stm32h7xx.o(.text.SystemInit) for SystemInit
    startup_stm32h723xx.o(.text) refers to __main.o(!!!main) for __main
    startup_stm32h723xx.o(.text) refers to startup_stm32h723xx.o(HEAP) for Heap_Mem
    startup_stm32h723xx.o(.text) refers to startup_stm32h723xx.o(STACK) for Stack_Mem
    main.o(.text.main) refers to stm32h7xx_hal.o(.text.HAL_Init) for HAL_Init
    main.o(.text.main) refers to main.o(.text.SystemClock_Config) for SystemClock_Config
    main.o(.text.main) refers to stm32h7xx_hal_cortex.o(.text.HAL_NVIC_SetPriority) for HAL_NVIC_SetPriority
    main.o(.text.main) refers to gpio.o(.text.MX_GPIO_Init) for MX_GPIO_Init
    main.o(.text.main) refers to dma.o(.text.MX_DMA_Init) for MX_DMA_Init
    main.o(.text.main) refers to spi.o(.text.MX_SPI6_Init) for MX_SPI6_Init
    main.o(.text.main) refers to fdcan.o(.text.MX_FDCAN1_Init) for MX_FDCAN1_Init
    main.o(.text.main) refers to fdcan.o(.text.MX_FDCAN2_Init) for MX_FDCAN2_Init
    main.o(.text.main) refers to usart.o(.text.MX_USART2_UART_Init) for MX_USART2_UART_Init
    main.o(.text.main) refers to usart.o(.text.MX_USART3_UART_Init) for MX_USART3_UART_Init
    main.o(.text.main) refers to crc.o(.text.MX_CRC_Init) for MX_CRC_Init
    main.o(.text.main) refers to usart.o(.text.MX_UART7_Init) for MX_UART7_Init
    main.o(.text.main) refers to tim.o(.text.MX_TIM3_Init) for MX_TIM3_Init
    main.o(.text.main) refers to fdcan.o(.text.MX_FDCAN3_Init) for MX_FDCAN3_Init
[...]
    0x0800034e   0x0800034e   0x00000000   Code   RO         3777    .ARM.Collect$$libinit$$00000030  c_w.l(libinit2.o)
    0x0800034e   0x0800034e   0x00000004   Code   RO         3778    .ARM.Collect$$libinit$$00000031  c_w.l(libinit2.o)
    0x08000352   0x08000352   0x00000000   Code   RO         3779    .ARM.Collect$$libinit$$00000032  c_w.l(libinit2.o)
    0x08000352   0x08000352   0x00000002   Code   RO         3780    .ARM.Collect$$libinit$$00000033  c_w.l(libinit2.o)
    0x08000354   0x08000354   0x00000002   Code   RO         4057    .ARM.Collect$$libshutdown$$00000000  c_w.l(libshutdown.o)
    0x08000356   0x08000356   0x00000000   Code   RO         4009    .ARM.Collect$$libshutdown$$00000002  c_w.l(libshutdown2.o)
    0x08000356   0x08000356   0x00000000   Code   RO         4011    .ARM.Collect$$libshutdown$$00000004  c_w.l(libshutdown2.o)
    0x08000356   0x08000356   0x00000000   Code   RO         4014    .ARM.Collect$$libshutdown$$00000007  c_w.l(libshutdown2.o)
    0x08000356   0x08000356   0x00000000   Code   RO         4017    .ARM.Collect$$libshutdown$$0000000A  c_w.l(libshutdown2.o)
    0x08000356   0x08000356   0x00000000   Code   RO         4019    .ARM.Collect$$libshutdown$$0000000C  c_w.l(libshutdown2.o)
    0x08000356   0x08000356   0x00000000   Code   RO         4022    .ARM.Collect$$libshutdown$$0000000F  c_w.l(libshutdown2.o)
    0x08000356   0x08000356   0x00000002   Code   RO         4023    .ARM.Collect$$libshutdown$$00000010  c_w.l(libshutdown2.o)
    0x08000358   0x08000358   0x00000000   Code   RO         3605    .ARM.Collect$$rtentry$$00000000  c_w.l(__rtentry.o)
    0x08000358   0x08000358   0x00000000   Code   RO         3853    .ARM.Collect$$rtentry$$00000002  c_w.l(__rtentry2.o)
    0x08000358   0x08000358   0x00000006   Code   RO         3865    .ARM.Collect$$rtentry$$00000004  c_w.l(__rtentry4.o)
    0x0800035e   0x0800035e   0x00000000   Code   RO         3855    .ARM.Collect$$rtentry$$00000009  c_w.l(__rtentry2.o)
    0x0800035e   0x0800035e   0x00000004   Code   RO         3856    .ARM.Collect$$rtentry$$0000000A  c_w.l(__rtentry2.o)
    0x08000362   0x08000362   0x00000000   Code   RO         3858    .ARM.Collect$$rtentry$$0000000C  c_w.l(__rtentry2.o)
    0x08000362   0x08000362   0x00000008   Code   RO         3859    .ARM.Collect$$rtentry$$0000000D  c_w.l(__rtentry2.o)
    0x0800036a   0x0800036a   0x00000002   Code   RO         3989    .ARM.Collect$$rtexit$$00000000  c_w.l(rtexit.o)
    0x0800036c   0x0800036c   0x00000000   Code   RO         4031    .ARM.Collect$$rtexit$$00000002  c_w.l(rtexit2.o)
    0x0800036c   0x0800036c   0x00000004   Code   RO         4032    .ARM.Collect$$rtexit$$00000003  c_w.l(rtexit2.o)
    0x08000370   0x08000370   0x00000006   Code   RO         4033    .ARM.Collect$$rtexit$$00000004  c_w.l(rtexit2.o)
    0x08000376   0x08000376   0x00000002   PAD
    0x08000378   0x08000378   0x00000040   Code   RO            4    .text               startup_stm32h723xx.o
    0x080003b8   0x080003b8   0x0000005e   Code   RO         3491    .text               c_w.l(h1_alloc.o)
    0x08000416   0x08000416   0x000000f0   Code   RO         3545    .text               c_w.l(lludivv7m.o)
    0x08000506   0x08000506   0x0000008a   Code   RO         3549    .text               c_w.l(rt_memcpy_v6.o)
    0x08000590   0x08000590   0x00000064   Code   RO         3551    .text               c_w.l(rt_memcpy_w.o)
    0x080005f4   0x080005f4   0x00000010   Code   RO         3555    .text               c_w.l(aeabi_memset4.o)
    0x08000604   0x08000604   0x00000044   Code   RO         3557    .text               c_w.l(rt_memclr.o)
    0x08000648   0x08000648   0x0000004e   Code   RO         3559    .text               c_w.l(rt_memclr_w.o)
    0x08000696   0x08000696   0x00000006   Code   RO         3561    .text               c_w.l(heapauxi.o)
    0x0800069c   0x0800069c   0x00000024   Code   RO         3568    .text               c_w.l(init_aeabi.o)
    0x080006c0   0x080006c0   0x00000008   Code   RO         3613    .text               c_w.l(rt_heap_descriptor_intlibspace.o)
    0x080006c8   0x080006c8   0x00000004   Code   RO         3615    .text               c_w.l(hguard.o)
    0x080006cc   0x080006cc   0x0000008a   Code   RO         3617    .text               c_w.l(init_alloc.o)
    0x08000756   0x08000756   0x0000000e   Code   RO         3623    .text               c_w.l(h1_init.o)
    0x08000764   0x08000764   0x0000004e   Code   RO         3625    .text               c_w.l(h1_free.o)
    0x080007b2   0x080007b2   0x00000016   Code   RO         3639    .text               c_w.l(_rserrno.o)
    0x080007c8   0x080007c8   0x00000008   Code   RO         3849    .text               c_w.l(libspace.o)
    0x080007d0   0x080007d0   0x00000008   Code   RO         3872    .text               c_w.l(rt_errno_addr_intlibspace.o)
    0x080007d8   0x080007d8   0x00000000   Code   RO         3876    .text               c_w.l(maybetermalloc1.o)
    0x080007d8   0x080007d8   0x00000034   Code   RO         3878    .text               c_w.l(h1_extend.o)
    0x0800080c   0x0800080c   0x0000000e   Code   RO         3902    .text               c_w.l(defsig_rtmem_outer.o)
    0x0800081a   0x0800081a   0x00000002   Code   RO         3915    .text               c_w.l(use_no_semi.o)
    0x0800081c   0x0800081c   0x00000000   Code   RO         3917    .text               c_w.l(indicate_semi.o)
    0x0800081c   0x0800081c   0x0000004a   Code   RO         3918    .text               c_w.l(sys_stackheap_outer.o)
    0x08000866   0x08000866   0x00000012   Code   RO         3963    .text               c_w.l(exit.o)
    0x08000878   0x08000878   0x0000000a   Code   RO         3965    .text               c_w.l(defsig_exit.o)
    0x08000882   0x08000882   0x00000002   PAD
    0x08000884   0x08000884   0x00000050   Code   RO         3971    .text               c_w.l(defsig_rtmem_inner.o)
    0x080008d4   0x080008d4   0x0000000c   Code   RO         3985    .text               c_w.l(sys_exit.o)
    0x080008e0   0x080008e0   0x00000032   Code   RO         4002    .text               c_w.l(defsig_general.o)
    0x08000912   0x08000912   0x0000000e   Code   RO         4026    .text               c_w.l(sys_wrch.o)
    0x08000920   0x08000920   0x0000004c   Code   RO         2913    .text.BoardCommInit  board_comm.o
    0x0800096c   0x0800096c   0x00000004   PAD
    0x08000970   0x08000970   0x000000d2   Code   RO         2917    .text.BoardCommReceive  board_comm.o
    0x08000a42   0x08000a42   0x00000006   PAD
    0x08000a48   0x08000a48   0x00000056   Code   RO         2915    .text.BoardCommSend  board_comm.o
    0x08000a9e   0x08000a9e   0x00000002   PAD
    0x08000aa0   0x08000aa0   0x00000004   Code   RO          187    .text.BusFault_Handler  stm32h7xx_it.o
    0x08000aa4   0x08000aa4   0x00000004   PAD
    0x08000aa8   0x08000aa8   0x00000010   Code   RO         2872    .text.ChassisCalcTask  task_manager.o
    0x08000ab8   0x08000ab8   0x000000d8   Code   RO         3211    .text.DATA_Trans    n100.o
    0x08000b90   0x08000b90   0x00000010   Code   RO          193    .text.DMA1_Stream1_IRQHandler  stm32h7xx_it.o
    0x08000ba0   0x08000ba0   0x00000010   Code   RO          195    .text.DMA1_Stream2_IRQHandler  stm32h7xx_it.o
    0x08000bb0   0x08000bb0   0x00000010   Code   RO          197    .text.DMA1_Stream3_IRQHandler  stm32h7xx_it.o
    0x08000bc0   0x08000bc0   0x00000010   Code   RO          199    .text.DMA1_Stream4_IRQHandler  stm32h7xx_it.o
    0x08000bd0   0x08000bd0   0x00000010   Code   RO          211    .text.DMA2_Stream1_IRQHandler  stm32h7xx_it.o
    0x08000be0   0x08000be0   0x00000010   Code   RO          213    .text.DMA2_Stream2_IRQHandler  stm32h7xx_it.o
    0x08000bf0   0x08000bf0   0x00000010   Code   RO          215    .text.DMA2_Stream3_IRQHandler  stm32h7xx_it.o
    0x08000c00   0x08000c00   0x00000010   Code   RO          217    .text.DMA2_Stream4_IRQHandler  stm32h7xx_it.o
    0x08000c10   0x08000c10   0x000001ca   Code   RO          978    .text.DMA_CalcBaseAndBitshift  stm32h7xx_hal_dma.o
    0x08000dda   0x08000dda   0x00000006   PAD
    0x08000de0   0x08000de0   0x00000178   Code   RO          980    .text.DMA_CalcDMAMUXChannelBaseAndMask  stm32h7xx_hal_dma.o
    0x08000f58   0x08000f58   0x0000012a   Code   RO          982    .text.DMA_CalcDMAMUXRequestGenBaseAndMask  stm32h7xx_hal_dma.o
    0x08001082   0x08001082   0x00000006   PAD
    0x08001088   0x08001088   0x000000f0   Code   RO          976    .text.DMA_CheckFifoParam  stm32h7xx_hal_dma.o
    0x08001178   0x08001178   0x00000514   Code   RO          988    .text.DMA_SetConfig  stm32h7xx_hal_dma.o
    0x0800168c   0x0800168c   0x00000004   PAD
    0x08001690   0x08001690   0x0000005c   Code   RO         2866    .text.DM_MotorTask  task_manager.o
    0x080016ec   0x080016ec   0x00000004   PAD
    0x080016f0   0x080016f0   0x00000070   Code   RO         3236    .text.DWT_CNT_Update  bsp_dwt.o
    0x08001760   0x08001760   0x00000058   Code   RO         3250    .text.DWT_Delay     bsp_dwt.o
    0x080017b8   0x080017b8   0x0000004c   Code   RO         3238    .text.DWT_GetDeltaT  bsp_dwt.o
    0x08001804   0x08001804   0x00000004   PAD
    0x08001808   0x08001808   0x00000048   Code   RO         3246    .text.DWT_GetTimeline_ms  bsp_dwt.o
    0x08001850   0x08001850   0x0000008e   Code   RO         3234    .text.DWT_Init      bsp_dwt.o
    0x080018de   0x080018de   0x00000002   PAD
    0x080018e0   0x080018e0   0x000000fc   Code   RO         3242    .text.DWT_SysTimeUpdate  bsp_dwt.o
    0x080019dc   0x080019dc   0x00000004   PAD
    0x080019e0   0x080019e0   0x00000002   Code   RO          191    .text.DebugMon_Handler  stm32h7xx_it.o
    0x080019e2   0x080019e2   0x00000006   PAD
    0x080019e8   0x080019e8   0x0000000e   Code   RO           15    .text.Error_Handler  main.o
    0x080019f6   0x080019f6   0x00000002   PAD
    0x080019f8   0x080019f8   0x00000010   Code   RO          201    .text.FDCAN1_IT0_IRQHandler  stm32h7xx_it.o
    0x08001a08   0x08001a08   0x00000010   Code   RO          203    .text.FDCAN2_IT0_IRQHandler  stm32h7xx_it.o
    0x08001a18   0x08001a18   0x00000010   Code   RO          223    .text.FDCAN3_IT0_IRQHandler  stm32h7xx_it.o
    0x08001a28   0x08001a28   0x000002c2   Code   RO         1549    .text.FDCAN_CalcultateRamBlockAddresses  stm32h7xx_hal_fdcan.o
    0x08001cea   0x08001cea   0x00000006   PAD
    0x08001cf0   0x08001cf0   0x000000b8   Code   RO         1619    .text.FDCAN_CopyMessageToRAM  stm32h7xx_hal_fdcan.o
    0x08001da8   0x08001da8   0x000000ea   Code   RO          708    .text.HAL_CRCEx_Polynomial_Set  stm32h7xx_hal_crc_ex.o
    0x08001e92   0x08001e92   0x00000006   PAD
    0x08001e98   0x08001e98   0x000000cc   Code   RO          683    .text.HAL_CRC_Init  stm32h7xx_hal_crc.o
    0x08001f64   0x08001f64   0x00000004   PAD
    0x08001f68   0x08001f68   0x0000003a   Code   RO           79    .text.HAL_CRC_MspInit  crc.o
    0x08001fa2   0x08001fa2   0x00000006   PAD
    0x08001fa8   0x08001fa8   0x00000978   Code   RO          992    .text.HAL_DMA_Abort  stm32h7xx_hal_dma.o
    0x08002920   0x08002920   0x000006aa   Code   RO          994    .text.HAL_DMA_Abort_IT  stm32h7xx_hal_dma.o
    0x08002fca   0x08002fca   0x00000006   PAD
    0x08002fd0   0x08002fd0   0x000011c0   Code   RO          998    .text.HAL_DMA_IRQHandler  stm32h7xx_hal_dma.o
    0x08004190   0x08004190   0x00000962   Code   RO          974    .text.HAL_DMA_Init  stm32h7xx_hal_dma.o
    0x08004af2   0x08004af2   0x00000006   PAD
    0x08004af8   0x08004af8   0x00000702   Code   RO          990    .text.HAL_DMA_Start_IT  stm32h7xx_hal_dma.o
    0x080051fa   0x080051fa   0x00000006   PAD
    0x08005200   0x08005200   0x000000fe   Code   RO         1697    .text.HAL_FDCAN_ActivateNotification  stm32h7xx_hal_fdcan.o
    0x080052fe   0x080052fe   0x00000002   PAD
    0x08005300   0x08005300   0x000000ca   Code   RO         1617    .text.HAL_FDCAN_AddMessageToTxFifoQ  stm32h7xx_hal_fdcan.o
    0x080053ca   0x080053ca   0x00000006   PAD
    0x080053d0   0x080053d0   0x0000000a   Code   RO         1711    .text.HAL_FDCAN_ClockCalibrationCallback  stm32h7xx_hal_fdcan.o
    0x080053da   0x080053da   0x00000006   PAD
    0x080053e0   0x080053e0   0x00000116   Code   RO         1569    .text.HAL_FDCAN_ConfigFilter  stm32h7xx_hal_fdcan.o
    0x080054f6   0x080054f6   0x00000002   PAD
    0x080054f8   0x080054f8   0x0000005c   Code   RO         1571    .text.HAL_FDCAN_ConfigGlobalFilter  stm32h7xx_hal_fdcan.o
    0x08005554   0x08005554   0x00000004   PAD
    0x08005558   0x08005558   0x00000008   Code   RO         1739    .text.HAL_FDCAN_ErrorCallback  stm32h7xx_hal_fdcan.o
    0x08005560   0x08005560   0x0000000a   Code   RO         1729    .text.HAL_FDCAN_ErrorStatusCallback  stm32h7xx_hal_fdcan.o
    0x0800556a   0x0800556a   0x00000006   PAD
    0x08005570   0x08005570   0x000002f8   Code   RO         1629    .text.HAL_FDCAN_GetRxMessage  stm32h7xx_hal_fdcan.o
    0x08005868   0x08005868   0x00000008   Code   RO         1707    .text.HAL_FDCAN_HighPriorityMessageCallback  stm32h7xx_hal_fdcan.o
    0x08005870   0x08005870   0x000005e2   Code   RO         1705    .text.HAL_FDCAN_IRQHandler  stm32h7xx_hal_fdcan.o
    0x08005e52   0x08005e52   0x00000006   PAD
    0x08005e58   0x08005e58   0x000003e0   Code   RO         1545    .text.HAL_FDCAN_Init  stm32h7xx_hal_fdcan.o
    0x08006238   0x08006238   0x00000260   Code   RO          105    .text.HAL_FDCAN_MspInit  fdcan.o
    0x08006498   0x08006498   0x00000008   Code   RO         1723    .text.HAL_FDCAN_RxBufferNewMessageCallback  stm32h7xx_hal_fdcan.o
    0x080064a0   0x080064a0   0x0000005a   Code   RO         3278    .text.HAL_FDCAN_RxFifo0Callback  bsp_fdcan.o
    0x080064fa   0x080064fa   0x00000006   PAD
    0x08006500   0x08006500   0x0000000a   Code   RO         1717    .text.HAL_FDCAN_RxFifo1Callback  stm32h7xx_hal_fdcan.o
    0x0800650a   0x0800650a   0x00000006   PAD
    0x08006510   0x08006510   0x00000050   Code   RO         1615    .text.HAL_FDCAN_Start  stm32h7xx_hal_fdcan.o
    0x08006560   0x08006560   0x0000000a   Code   RO         1737    .text.HAL_FDCAN_TT_GlobalTimeCallback  stm32h7xx_hal_fdcan.o
    0x0800656a   0x0800656a   0x00000006   PAD
    0x08006570   0x08006570   0x0000000a   Code   RO         1731    .text.HAL_FDCAN_TT_ScheduleSyncCallback  stm32h7xx_hal_fdcan.o
    0x0800657a   0x0800657a   0x00000006   PAD
    0x08006580   0x08006580   0x0000000c   Code   RO         1735    .text.HAL_FDCAN_TT_StopWatchCallback  stm32h7xx_hal_fdcan.o
    0x0800658c   0x0800658c   0x00000004   PAD
    0x08006590   0x08006590   0x0000000a   Code   RO         1733    .text.HAL_FDCAN_TT_TimeMarkCallback  stm32h7xx_hal_fdcan.o
    0x0800659a   0x0800659a   0x00000006   PAD
    0x080065a0   0x080065a0   0x00000008   Code   RO         1727    .text.HAL_FDCAN_TimeoutOccurredCallback  stm32h7xx_hal_fdcan.o
    0x080065a8   0x080065a8   0x00000008   Code   RO         1725    .text.HAL_FDCAN_TimestampWraparoundCallback  stm32h7xx_hal_fdcan.o
    0x080065b0   0x080065b0   0x0000000a   Code   RO         1709    .text.HAL_FDCAN_TxBufferAbortCallback  stm32h7xx_hal_fdcan.o
    0x080065ba   0x080065ba   0x00000006   PAD
    0x080065c0   0x080065c0   0x0000000a   Code   RO         1721    .text.HAL_FDCAN_TxBufferCompleteCallback  stm32h7xx_hal_fdcan.o
    0x080065ca   0x080065ca   0x00000006   PAD
    0x080065d0   0x080065d0   0x0000000a   Code   RO         1713    .text.HAL_FDCAN_TxEventFifoCallback  stm32h7xx_hal_fdcan.o
    0x080065da   0x080065da   0x00000006   PAD
    0x080065e0   0x080065e0   0x00000008   Code   RO         1719    .text.HAL_FDCAN_TxFifoEmptyCallback  stm32h7xx_hal_fdcan.o
    0x080065e8   0x080065e8   0x000003a8   Code   RO          922    .text.HAL_GPIO_Init  stm32h7xx_hal_gpio.o
    0x08006990   0x08006990   0x0000002e   Code   RO          928    .text.HAL_GPIO_WritePin  stm32h7xx_hal_gpio.o
    0x080069be   0x080069be   0x00000002   PAD
    0x080069c0   0x080069c0   0x0000000c   Code   RO         1226    .text.HAL_GetTick   stm32h7xx_hal.o
    0x080069cc   0x080069cc   0x00000004   PAD
    0x080069d0   0x080069d0   0x00000036   Code   RO         1509    .text.HAL_I2CEx_EnableFastModePlus  stm32h7xx_hal_i2c_ex.o
    0x08006a06   0x08006a06   0x00000002   PAD
    0x08006a08   0x08006a08   0x0000001a   Code   RO         1224    .text.HAL_IncTick   stm32h7xx_hal.o
    0x08006a22   0x08006a22   0x00000006   PAD
    0x08006a28   0x08006a28   0x0000007a   Code   RO         1214    .text.HAL_Init      stm32h7xx_hal.o
    0x08006aa2   0x08006aa2   0x00000006   PAD
    0x08006aa8   0x08006aa8   0x000000d8   Code   RO          240    .text.HAL_InitTick  stm32h7xx_hal_timebase_tim.o
    0x08006b80   0x08006b80   0x00000032   Code   RO          232    .text.HAL_MspInit   stm32h7xx_hal_msp.o
    0x08006bb2   0x08006bb2   0x00000006   PAD
    0x08006bb8   0x08006bb8   0x00000014   Code   RO          618    .text.HAL_NVIC_EnableIRQ  stm32h7xx_hal_cortex.o
    0x08006bcc   0x08006bcc   0x00000004   PAD
    0x08006bd0   0x08006bd0   0x0000002e   Code   RO          610    .text.HAL_NVIC_SetPriority  stm32h7xx_hal_cortex.o
    0x08006bfe   0x08006bfe   0x00000002   PAD
    0x08006c00   0x08006c00   0x00000010   Code   RO          606    .text.HAL_NVIC_SetPriorityGrouping  stm32h7xx_hal_cortex.o
    0x08006c10   0x08006c10   0x000000a2   Code   RO         1131    .text.HAL_PWREx_ConfigSupply  stm32h7xx_hal_pwr_ex.o
    0x08006cb2   0x08006cb2   0x00000006   PAD
    0x08006cb8   0x08006cb8   0x00000026   Code   RO          772    .text.HAL_RCCEx_GetD3PCLK1Freq  stm32h7xx_hal_rcc_ex.o
    0x08006cde   0x08006cde   0x00000002   PAD
    0x08006ce0   0x08006ce0   0x000002ac   Code   RO          768    .text.HAL_RCCEx_GetPLL2ClockFreq  stm32h7xx_hal_rcc_ex.o
    0x08006f8c   0x08006f8c   0x00000004   PAD
    0x08006f90   0x08006f90   0x000002ac   Code   RO          770    .text.HAL_RCCEx_GetPLL3ClockFreq  stm32h7xx_hal_rcc_ex.o
    0x0800723c   0x0800723c   0x00000004   PAD
    0x08007240   0x08007240   0x00000fec   Code   RO          756    .text.HAL_RCCEx_PeriphCLKConfig  stm32h7xx_hal_rcc_ex.o
    0x0800822c   0x0800822c   0x00000004   PAD
    0x08008230   0x08008230   0x00000498   Code   RO          725    .text.HAL_RCC_ClockConfig  stm32h7xx_hal_rcc.o
    0x080086c8   0x080086c8   0x00000088   Code   RO          743    .text.HAL_RCC_GetClockConfig  stm32h7xx_hal_rcc.o
    0x08008750   0x08008750   0x00000056   Code   RO          735    .text.HAL_RCC_GetHCLKFreq  stm32h7xx_hal_rcc.o
    0x080087a6   0x080087a6   0x00000002   PAD
    0x080087a8   0x080087a8   0x00000026   Code   RO          737    .text.HAL_RCC_GetPCLK1Freq  stm32h7xx_hal_rcc.o
    0x080087ce   0x080087ce   0x00000002   PAD
    0x080087d0   0x080087d0   0x00000026   Code   RO          739    .text.HAL_RCC_GetPCLK2Freq  stm32h7xx_hal_rcc.o
    0x080087f6   0x080087f6   0x00000002   PAD
    0x080087f8   0x080087f8   0x00000310   Code   RO          727    .text.HAL_RCC_GetSysClockFreq  stm32h7xx_hal_rcc.o
    0x08008b08   0x08008b08   0x00000a20   Code   RO          723    .text.HAL_RCC_OscConfig  stm32h7xx_hal_rcc.o
    0x08009528   0x08009528   0x000000d0   Code   RO         2022    .text.HAL_RS485Ex_Init  stm32h7xx_hal_uart_ex.o
    0x080095f8   0x080095f8   0x00000292   Code   RO         1754    .text.HAL_SPI_Init  stm32h7xx_hal_spi.o
    0x0800988a   0x0800988a   0x00000006   PAD
    0x08009890   0x08009890   0x000000ae   Code   RO          122    .text.HAL_SPI_MspInit  spi.o
    0x0800993e   0x0800993e   0x00000002   PAD
    0x08009940   0x08009940   0x000003e4   Code   RO         1764    .text.HAL_SPI_Transmit  stm32h7xx_hal_spi.o
    0x08009d24   0x08009d24   0x00000004   PAD
    0x08009d28   0x08009d28   0x0000001e   Code   RO         1264    .text.HAL_SYSCFG_AnalogSwitchConfig  stm32h7xx_hal.o
    0x08009d46   0x08009d46   0x00000002   PAD
    0x08009d48   0x08009d48   0x00000008   Code   RO          593    .text.HAL_TIMEx_Break2Callback  stm32h7xx_hal_tim_ex.o
    0x08009d50   0x08009d50   0x00000008   Code   RO          591    .text.HAL_TIMEx_BreakCallback  stm32h7xx_hal_tim_ex.o
    0x08009d58   0x08009d58   0x00000008   Code   RO          587    .text.HAL_TIMEx_CommutCallback  stm32h7xx_hal_tim_ex.o
    0x08009d60   0x08009d60   0x0000017c   Code   RO          571    .text.HAL_TIMEx_MasterConfigSynchronization  stm32h7xx_hal_tim_ex.o
    0x08009edc   0x08009edc   0x00000004   PAD
    0x08009ee0   0x08009ee0   0x000000a8   Code   RO          254    .text.HAL_TIM_Base_Init  stm32h7xx_hal_tim.o
    0x08009f88   0x08009f88   0x00000008   Code   RO          256    .text.HAL_TIM_Base_MspInit  stm32h7xx_hal_tim.o
    0x08009f90   0x08009f90   0x00000128   Code   RO          268    .text.HAL_TIM_Base_Start_IT  stm32h7xx_hal_tim.o
    0x0800a0b8   0x0800a0b8   0x00000008   Code   RO          390    .text.HAL_TIM_IC_CaptureCallback  stm32h7xx_hal_tim.o
    0x0800a0c0   0x0800a0c0   0x00000250   Code   RO          388    .text.HAL_TIM_IRQHandler  stm32h7xx_hal_tim.o
    0x0800a310   0x0800a310   0x00000064   Code   RO          136    .text.HAL_TIM_MspPostInit  tim.o
    0x0800a374   0x0800a374   0x00000004   PAD
    0x0800a378   0x0800a378   0x00000008   Code   RO          392    .text.HAL_TIM_OC_DelayElapsedCallback  stm32h7xx_hal_tim.o
    0x0800a380   0x0800a380   0x000001b0   Code   RO          424    .text.HAL_TIM_PWM_ConfigChannel  stm32h7xx_hal_tim.o
    0x0800a530   0x0800a530   0x000000a8   Code   RO          308    .text.HAL_TIM_PWM_Init  stm32h7xx_hal_tim.o
    0x0800a5d8   0x0800a5d8   0x0000003a   Code   RO          138    .text.HAL_TIM_PWM_MspInit  tim.o
    0x0800a612   0x0800a612   0x00000006   PAD
    0x0800a618   0x0800a618   0x00000008   Code   RO          394    .text.HAL_TIM_PWM_PulseFinishedCallback  stm32h7xx_hal_tim.o
    0x0800a620   0x0800a620   0x0000001c   Code   RO           17    .text.HAL_TIM_PeriodElapsedCallback  main.o
    0x0800a63c   0x0800a63c   0x00000004   PAD
    0x0800a640   0x0800a640   0x00000008   Code   RO          398    .text.HAL_TIM_TriggerCallback  stm32h7xx_hal_tim.o
    0x0800a648   0x0800a648   0x0000007c   Code   RO         2044    .text.HAL_UARTEx_DisableFifoMode  stm32h7xx_hal_uart_ex.o
    0x0800a6c4   0x0800a6c4   0x00000004   PAD
    0x0800a6c8   0x0800a6c8   0x000000b0   Code   RO         2054    .text.HAL_UARTEx_ReceiveToIdle_DMA  stm32h7xx_hal_uart_ex.o
    0x0800a778   0x0800a778   0x000002c0   Code   RO         3300    .text.HAL_UARTEx_RxEventCallback  bsp_uart.o
    0x0800aa38   0x0800aa38   0x00000008   Code   RO         2026    .text.HAL_UARTEx_RxFifoFullCallback  stm32h7xx_hal_uart_ex.o
    0x0800aa40   0x0800aa40   0x0000008c   Code   RO         2048    .text.HAL_UARTEx_SetRxFifoThreshold  stm32h7xx_hal_uart_ex.o
    0x0800aacc   0x0800aacc   0x00000004   PAD
    0x0800aad0   0x0800aad0   0x0000008c   Code   RO         2046    .text.HAL_UARTEx_SetTxFifoThreshold  stm32h7xx_hal_uart_ex.o
    0x0800ab5c   0x0800ab5c   0x00000004   PAD
    0x0800ab60   0x0800ab60   0x00000008   Code   RO         2028    .text.HAL_UARTEx_TxFifoEmptyCallback  stm32h7xx_hal_uart_ex.o
    0x0800ab68   0x0800ab68   0x00000008   Code   RO         2024    .text.HAL_UARTEx_WakeupCallback  stm32h7xx_hal_uart_ex.o
    0x0800ab70   0x0800ab70   0x0000007e   Code   RO         3302    .text.HAL_UART_ErrorCallback  bsp_uart.o
    0x0800abee   0x0800abee   0x00000002   PAD
    0x0800abf0   0x0800abf0   0x000006fe   Code   RO         1962    .text.HAL_UART_IRQHandler  stm32h7xx_hal_uart.o
    0x0800b2ee   0x0800b2ee   0x00000002   PAD
    0x0800b2f0   0x0800b2f0   0x000000aa   Code   RO         1874    .text.HAL_UART_Init  stm32h7xx_hal_uart.o
    0x0800b39a   0x0800b39a   0x00000006   PAD
    0x0800b3a0   0x0800b3a0   0x000005fc   Code   RO          158    .text.HAL_UART_MspInit  usart.o
    0x0800b99c   0x0800b99c   0x00000004   PAD
    0x0800b9a0   0x0800b9a0   0x00000008   Code   RO         1976    .text.HAL_UART_RxCpltCallback  stm32h7xx_hal_uart.o
    0x0800b9a8   0x0800b9a8   0x00000008   Code   RO         1978    .text.HAL_UART_RxHalfCpltCallback  stm32h7xx_hal_uart.o
    0x0800b9b0   0x0800b9b0   0x00000108   Code   RO         1914    .text.HAL_UART_Transmit_DMA  stm32h7xx_hal_uart.o
    0x0800bab8   0x0800bab8   0x00000008   Code   RO         1972    .text.HAL_UART_TxCpltCallback  stm32h7xx_hal_uart.o
    0x0800bac0   0x0800bac0   0x00000008   Code   RO         1974    .text.HAL_UART_TxHalfCpltCallback  stm32h7xx_hal_uart.o
    0x0800bac8   0x0800bac8   0x00000004   Code   RO          183    .text.HardFault_Handler  stm32h7xx_it.o
    0x0800bacc   0x0800bacc   0x00000004   PAD
    0x0800bad0   0x0800bad0   0x00000008   Code   RO         2886    .text.INS_Init      ins.o
    0x0800bad8   0x0800bad8   0x00000178   Code   RO         2888    .text.INS_Task      ins.o
    0x0800bc50   0x0800bc50   0x00000030   Code   RO         3161    .text.M3508_Init    m3508.o
    0x0800bc80   0x0800bc80   0x00000118   Code   RO         3159    .text.M3508_SetTor  m3508.o
    0x0800bd98   0x0800bd98   0x000001a0   Code   RO         3157    .text.M3508_getInfo  m3508.o
    0x0800bf38   0x0800bf38   0x00000044   Code   RO         3155    .text.M3508_setCurrent  m3508.o
    0x0800bf7c   0x0800bf7c   0x00000004   PAD
    0x0800bf80   0x0800bf80   0x0000009c   Code   RO         3075    .text.M6020_Enable  m6020_motor.o
    0x0800c01c   0x0800c01c   0x00000004   PAD
    0x0800c020   0x0800c020   0x00000024   Code   RO         3073    .text.M6020_Reset   m6020_motor.o
    0x0800c044   0x0800c044   0x00000004   PAD
    0x0800c048   0x0800c048   0x000000f0   Code   RO         3071    .text.M6020_getInfo  m6020_motor.o
    0x0800c138   0x0800c138   0x0000004a   Code   RO         3069    .text.M6020_setVoltage  m6020_motor.o
    0x0800c182   0x0800c182   0x00000006   PAD
    0x0800c188   0x0800c188   0x00000044   Code   RO           77    .text.MX_CRC_Init   crc.o
    0x0800c1cc   0x0800c1cc   0x00000004   PAD
    0x0800c1d0   0x0800c1d0   0x000000d8   Code   RO           91    .text.MX_DMA_Init   dma.o
    0x0800c2a8   0x0800c2a8   0x0000007a   Code   RO           99    .text.MX_FDCAN1_Init  fdcan.o
    0x0800c322   0x0800c322   0x00000006   PAD
    0x0800c328   0x0800c328   0x0000007e   Code   RO          101    .text.MX_FDCAN2_Init  fdcan.o
    0x0800c3a6   0x0800c3a6   0x00000002   PAD
    0x0800c3a8   0x0800c3a8   0x0000007e   Code   RO          103    .text.MX_FDCAN3_Init  fdcan.o
    0x0800c426   0x0800c426   0x00000002   PAD
    0x0800c428   0x0800c428   0x000000ca   Code   RO           35    .text.MX_FREERTOS_Init  freertos.o
    0x0800c4f2   0x0800c4f2   0x00000006   PAD
    0x0800c4f8   0x0800c4f8   0x00000160   Code   RO           27    .text.MX_GPIO_Init  gpio.o
    0x0800c658   0x0800c658   0x0000006a   Code   RO          120    .text.MX_SPI6_Init  spi.o
    0x0800c6c2   0x0800c6c2   0x00000006   PAD
    0x0800c6c8   0x0800c6c8   0x000000a0   Code   RO          134    .text.MX_TIM3_Init  tim.o
    0x0800c768   0x0800c768   0x0000008e   Code   RO          150    .text.MX_UART7_Init  usart.o
    0x0800c7f6   0x0800c7f6   0x00000002   PAD
    0x0800c7f8   0x0800c7f8   0x0000008e   Code   RO          156    .text.MX_USART10_UART_Init  usart.o
    0x0800c886   0x0800c886   0x00000002   PAD
    0x0800c888   0x0800c888   0x00000096   Code   RO          152    .text.MX_USART2_UART_Init  usart.o
    0x0800c91e   0x0800c91e   0x00000002   PAD
    0x0800c920   0x0800c920   0x00000096   Code   RO          154    .text.MX_USART3_UART_Init  usart.o
    0x0800c9b6   0x0800c9b6   0x00000002   PAD
    0x0800c9b8   0x0800c9b8   0x00000004   Code   RO          185    .text.MemManage_Handler  stm32h7xx_it.o
    0x0800c9bc   0x0800c9bc   0x00000004   PAD
    0x0800c9c0   0x0800c9c0   0x0000004a   Code   RO         3207    .text.N100_Init     n100.o
    0x0800ca0a   0x0800ca0a   0x00000006   PAD
    0x0800ca10   0x0800ca10   0x000002e4   Code   RO         3209    .text.N100_Read     n100.o
    0x0800ccf4   0x0800ccf4   0x00000004   PAD
    0x0800ccf8   0x0800ccf8   0x00000004   Code   RO          181    .text.NMI_Handler   stm32h7xx_it.o
    0x0800ccfc   0x0800ccfc   0x00000004   PAD
    0x0800cd00   0x0800cd00   0x0000006c   Code   RO          616    .text.NVIC_EncodePriority  stm32h7xx_hal_cortex.o
    0x0800cd6c   0x0800cd6c   0x00000004   PAD
    0x0800cd70   0x0800cd70   0x00000064   Code   RO         2735    .text.PendSV_Handler  port.o
    0x0800cdd4   0x0800cdd4   0x00000004   PAD
    0x0800cdd8   0x0800cdd8   0x0000006a   Code   RO         3182    .text.Position_PIDInit  tpid.o
    0x0800ce42   0x0800ce42   0x00000006   PAD
    0x0800ce48   0x0800ce48   0x000001ca   Code   RO          758    .text.RCCEx_PLL2_Config  stm32h7xx_hal_rcc_ex.o
    0x0800d012   0x0800d012   0x00000006   PAD
    0x0800d018   0x0800d018   0x000001ca   Code   RO          760    .text.RCCEx_PLL3_Config  stm32h7xx_hal_rcc_ex.o
    0x0800d1e2   0x0800d1e2   0x00000006   PAD
    0x0800d1e8   0x0800d1e8   0x00000116   Code   RO         1766    .text.SPI_CloseTransfer  stm32h7xx_hal_spi.o
    0x0800d2fe   0x0800d2fe   0x00000002   PAD
    0x0800d300   0x0800d300   0x0000002a   Code   RO         1756    .text.SPI_GetPacketSize  stm32h7xx_hal_spi.o
    0x0800d32a   0x0800d32a   0x00000006   PAD
    0x0800d330   0x0800d330   0x00000068   Code   RO         1768    .text.SPI_WaitOnFlagUntilTimeout  stm32h7xx_hal_spi.o
    0x0800d398   0x0800d398   0x00000008   PAD
    0x0800d3a0   0x0800d3a0   0x00000024   Code   RO         2719    .text.SVC_Handler   port.o
    0x0800d3c4   0x0800d3c4   0x00000004   PAD
    0x0800d3c8   0x0800d3c8   0x0000000e   Code   RO         2515    .text.SVC_Setup     cmsis_os2.o
    0x0800d3d6   0x0800d3d6   0x00000002   PAD
    0x0800d3d8   0x0800d3d8   0x00000058   Code   RO           45    .text.StartBoardcommTask  freertos.o
    0x0800d430   0x0800d430   0x00000040   Code   RO           39    .text.StartChassisTask  freertos.o
    0x0800d470   0x0800d470   0x00000030   Code   RO           37    .text.StartDefaultTask  freertos.o
    0x0800d4a0   0x0800d4a0   0x00000044   Code   RO           43    .text.StartIMUTask  freertos.o
    0x0800d4e4   0x0800d4e4   0x00000004   PAD
    0x0800d4e8   0x0800d4e8   0x0000005a   Code   RO           41    .text.StartLegMotorTask  freertos.o
    0x0800d542   0x0800d542   0x00000006   PAD
    0x0800d548   0x0800d548   0x00000052   Code   RO           47    .text.StartVofaTask  freertos.o
    0x0800d59a   0x0800d59a   0x00000006   PAD
    0x0800d5a0   0x0800d5a0   0x0000001e   Code   RO         2505    .text.SysTick_Handler  cmsis_os2.o
    0x0800d5be   0x0800d5be   0x00000002   PAD
    0x0800d5c0   0x0800d5c0   0x000000cc   Code   RO           13    .text.SystemClock_Config  main.o
    0x0800d68c   0x0800d68c   0x00000004   PAD
    0x0800d690   0x0800d690   0x0000013a   Code   RO         2067    .text.SystemInit    system_stm32h7xx.o
    0x0800d7ca   0x0800d7ca   0x00000006   PAD
    0x0800d7d0   0x0800d7d0   0x00000010   Code   RO          205    .text.TIM2_IRQHandler  stm32h7xx_it.o
    0x0800d7e0   0x0800d7e0   0x000001c4   Code   RO          258    .text.TIM_Base_SetConfig  stm32h7xx_hal_tim.o
    0x0800d9a4   0x0800d9a4   0x00000004   PAD
    0x0800d9a8   0x0800d9a8   0x00000150   Code   RO          402    .text.TIM_OC1_SetConfig  stm32h7xx_hal_tim.o
    0x0800daf8   0x0800daf8   0x0000016c   Code   RO          404    .text.TIM_OC2_SetConfig  stm32h7xx_hal_tim.o
    0x0800dc64   0x0800dc64   0x00000004   PAD
    0x0800dc68   0x0800dc68   0x0000016a   Code   RO          406    .text.TIM_OC3_SetConfig  stm32h7xx_hal_tim.o
    0x0800ddd2   0x0800ddd2   0x00000006   PAD
    0x0800ddd8   0x0800ddd8   0x000000da   Code   RO          408    .text.TIM_OC4_SetConfig  stm32h7xx_hal_tim.o
    0x0800deb2   0x0800deb2   0x00000006   PAD
    0x0800deb8   0x0800deb8   0x000000d0   Code   RO          410    .text.TIM_OC5_SetConfig  stm32h7xx_hal_tim.o
    0x0800df88   0x0800df88   0x000000d2   Code   RO          412    .text.TIM_OC6_SetConfig  stm32h7xx_hal_tim.o
    0x0800e05a   0x0800e05a   0x00000006   PAD
    0x0800e060   0x0800e060   0x000000f4   Code   RO         3178    .text.T_Update      tpid.o
    0x0800e154   0x0800e154   0x00000004   PAD
    0x0800e158   0x0800e158   0x00000010   Code   RO          219    .text.UART7_IRQHandler  stm32h7xx_it.o
    0x0800e168   0x0800e168   0x00000086   Code   RO         2042    .text.UARTEx_SetNbDataToProcess  stm32h7xx_hal_uart_ex.o
    0x0800e1ee   0x0800e1ee   0x00000002   PAD
    0x0800e1f0   0x0800e1f0   0x00000148   Code   RO         1878    .text.UART_AdvFeatureConfig  stm32h7xx_hal_uart.o
    0x0800e338   0x0800e338   0x00000146   Code   RO         1882    .text.UART_CheckIdleState  stm32h7xx_hal_uart.o
    0x0800e47e   0x0800e47e   0x00000002   PAD
    0x0800e480   0x0800e480   0x0000001e   Code   RO         1964    .text.UART_DMAAbortOnError  stm32h7xx_hal_uart.o
    0x0800e49e   0x0800e49e   0x00000002   PAD
    0x0800e4a0   0x0800e4a0   0x00000080   Code   RO         1920    .text.UART_DMAError  stm32h7xx_hal_uart.o
    0x0800e520   0x0800e520   0x000000f6   Code   RO         2010    .text.UART_DMAReceiveCplt  stm32h7xx_hal_uart.o
    0x0800e616   0x0800e616   0x00000002   PAD
    0x0800e618   0x0800e618   0x00000036   Code   RO         2012    .text.UART_DMARxHalfCplt  stm32h7xx_hal_uart.o
    0x0800e64e   0x0800e64e   0x00000002   PAD
    0x0800e650   0x0800e650   0x0000007a   Code   RO         1916    .text.UART_DMATransmitCplt  stm32h7xx_hal_uart.o
    0x0800e6ca   0x0800e6ca   0x00000006   PAD
    0x0800e6d0   0x0800e6d0   0x00000016   Code   RO         1918    .text.UART_DMATxHalfCplt  stm32h7xx_hal_uart.o
    0x0800e6e6   0x0800e6e6   0x00000002   PAD
    0x0800e6e8   0x0800e6e8   0x0000009e   Code   RO         1934    .text.UART_EndRxTransfer  stm32h7xx_hal_uart.o
    0x0800e786   0x0800e786   0x00000002   PAD
    0x0800e788   0x0800e788   0x00000044   Code   RO         1970    .text.UART_EndTransmit_IT  stm32h7xx_hal_uart.o
    0x0800e7cc   0x0800e7cc   0x00000004   PAD
    0x0800e7d0   0x0800e7d0   0x0000005c   Code   RO         1932    .text.UART_EndTxTransfer  stm32h7xx_hal_uart.o
    0x0800e82c   0x0800e82c   0x00000004   PAD
    0x0800e830   0x0800e830   0x00000a4e   Code   RO         1880    .text.UART_SetConfig  stm32h7xx_hal_uart.o
    0x0800f27e   0x0800f27e   0x00000002   PAD
    0x0800f280   0x0800f280   0x0000012e   Code   RO         1924    .text.UART_Start_Receive_DMA  stm32h7xx_hal_uart.o
    0x0800f3ae   0x0800f3ae   0x00000002   PAD
    0x0800f3b0   0x0800f3b0   0x0000010c   Code   RO         1896    .text.UART_WaitOnFlagUntilTimeout  stm32h7xx_hal_uart.o
    0x0800f4bc   0x0800f4bc   0x00000004   PAD
    0x0800f4c0   0x0800f4c0   0x00000010   Code   RO          221    .text.USART10_IRQHandler  stm32h7xx_it.o
    0x0800f4d0   0x0800f4d0   0x00000010   Code   RO          207    .text.USART2_IRQHandler  stm32h7xx_it.o
    0x0800f4e0   0x0800f4e0   0x00000010   Code   RO          209    .text.USART3_IRQHandler  stm32h7xx_it.o
    0x0800f4f0   0x0800f4f0   0x00000004   Code   RO          189    .text.UsageFault_Handler  stm32h7xx_it.o
    0x0800f4f4   0x0800f4f4   0x00000004   PAD
    0x0800f4f8   0x0800f4f8   0x0000004c   Code   RO         3195    .text.Vofa_JustFloat  vofa.o
    0x0800f544   0x0800f544   0x00000004   PAD
    0x0800f548   0x0800f548   0x000000e2   Code   RO         3110    .text.WS2812_Ctrl   ws2812.o
    0x0800f62a   0x0800f62a   0x00000006   PAD
    0x0800f630   0x0800f630   0x00000010   Code   RO         2868    .text.WheelMotorTask  task_manager.o
    0x0800f640   0x0800f640   0x00000008   Code   RO         2797    .text._GLOBAL__sub_I_Chassis.cpp  chassis.o
    0x0800f648   0x0800f648   0x00000058   Code   RO         3270    .text._Z12can_bsp_initv  bsp_fdcan.o
    0x0800f6a0   0x0800f6a0   0x000004f6   Code   RO         3274    .text._Z14fdcanx_receiveP19FDCAN_HandleTypeDef  bsp_fdcan.o
    0x0800fb96   0x0800fb96   0x00000002   PAD
    0x0800fb98   0x0800fb98   0x0000004e   Code   RO         3272    .text._Z16fdcanx_send_dataP19FDCAN_HandleTypeDeftPhj  bsp_fdcan.o
    0x0800fbe6   0x0800fbe6   0x00000002   PAD
    0x0800fbe8   0x0800fbe8   0x000005f2   Code   RO         2952    .text._Z18Kalman_Filter_InitP4kf_thhh  kalman_filter.o
    0x080101da   0x080101da   0x00000006   PAD
    0x080101e0   0x080101e0   0x000000fa   Code   RO         2962    .text._Z18Kalman_Filter_SetKP4kf_t  kalman_filter.o
    0x080102da   0x080102da   0x00000006   PAD
    0x080102e0   0x080102e0   0x00000190   Code   RO         2968    .text._Z20Kalman_Filter_UpdateP4kf_t  kalman_filter.o
    0x08010470   0x08010470   0x00000102   Code   RO         2890    .text._Z21BodyFrameToEarthFramePKfPfS1_  ins.o
    0x08010572   0x08010572   0x00000006   PAD
    0x08010578   0x08010578   0x00000102   Code   RO         2892    .text._Z21EarthFrameToBodyFramePKfPfS1_  ins.o
    0x0801067a   0x0801067a   0x00000006   PAD
    0x08010680   0x08010680   0x00000062   Code   RO         2954    .text._Z21Kalman_Filter_MeasureP4kf_t  kalman_filter.o
    0x080106e2   0x080106e2   0x00000006   PAD
    0x080106e8   0x080106e8   0x00000080   Code   RO         2966    .text._Z22Kalman_Filter_P_UpdateP4kf_t  kalman_filter.o
    0x08010768   0x08010768   0x000000ac   Code   RO         2964    .text._Z24Kalman_Filter_xhatUpdateP4kf_t  kalman_filter.o
    0x08010814   0x08010814   0x00000004   PAD
    0x08010818   0x08010818   0x0000007e   Code   RO         2960    .text._Z26Kalman_Filter_PminusUpdateP4kf_t  kalman_filter.o
    0x08010896   0x08010896   0x00000002   PAD
    0x08010898   0x08010898   0x000000a2   Code   RO         2958    .text._Z29Kalman_Filter_xhatMinusUpdateP4kf_t  kalman_filter.o
    0x0801093a   0x0801093a   0x00000006   PAD
    0x08010940   0x08010940   0x00000058   Code   RO         3132    .text._ZL13float_to_uintfffi  dm_8009p.o
    0x08010998   0x08010998   0x00000052   Code   RO         3126    .text._ZL13uint_to_floatiffi  dm_8009p.o
    0x080109ea   0x080109ea   0x00000006   PAD
    0x080109f0   0x080109f0   0x00000080   Code   RO         3276    .text._ZL15can_filter_initv  bsp_fdcan.o
    0x08010a70   0x08010a70   0x0000018e   Code   RO         2956    .text._ZL16H_K_R_AdjustmentP4kf_t  kalman_filter.o
    0x08010bfe   0x08010bfe   0x00000002   PAD
    0x08010c00   0x08010c00   0x00000018   Code   RO         3280    .text._ZL18fdcan1_rx_callbackv  bsp_fdcan.o
    0x08010c18   0x08010c18   0x00000018   Code   RO         3282    .text._ZL18fdcan2_rx_callbackv  bsp_fdcan.o
    0x08010c30   0x08010c30   0x00000018   Code   RO         3284    .text._ZL18fdcan3_rx_callbackv  bsp_fdcan.o
    0x08010c48   0x08010c48   0x0000004c   Code   RO         2773    .text._ZN15balance_Chassis10ControllerEv  chassis.o
    0x08010c94   0x08010c94   0x00000004   PAD
    0x08010c98   0x08010c98   0x00000058   Code   RO         2769    .text._ZN15balance_Chassis10LegLenCalcEv  chassis.o
    0x08010cf0   0x08010cf0   0x00000010   Code   RO         2765    .text._ZN15balance_Chassis10TorControlEv  chassis.o
    0x08010d00   0x08010d00   0x0000006c   Code   RO         2767    .text._ZN15balance_Chassis11SetMotorTorEv  chassis.o
    0x08010d6c   0x08010d6c   0x00000004   PAD
    0x08010d70   0x08010d70   0x00000150   Code   RO         2757    .text._ZN15balance_Chassis12SpeedEstInitEv  chassis.o
    0x08010ec0   0x08010ec0   0x00000184   Code   RO         2779    .text._ZN15balance_Chassis4JumpEv  chassis.o
    0x08011044   0x08011044   0x00000004   PAD
    0x08011048   0x08011048   0x00000046   Code   RO         2787    .text._ZN15balance_Chassis6SetSpdEv  chassis.o
    0x0801108e   0x0801108e   0x00000002   PAD
    0x08011090   0x08011090   0x000001cc   Code   RO         2761    .text._ZN15balance_Chassis7LQRCalcEv  chassis.o
    0x0801125c   0x0801125c   0x00000004   PAD
    0x08011260   0x08011260   0x000000a4   Code   RO         2759    .text._ZN15balance_Chassis7LegCalcEv  chassis.o
    0x08011304   0x08011304   0x00000004   PAD
    0x08011308   0x08011308   0x000000b4   Code   RO         2755    .text._ZN15balance_Chassis7PidInitEv  chassis.o
    0x080113bc   0x080113bc   0x00000004   PAD
    0x080113c0   0x080113c0   0x00000050   Code   RO         2763    .text._ZN15balance_Chassis7TorCalcEv  chassis.o
    0x08011410   0x08011410   0x00000052   Code   RO         2775    .text._ZN15balance_Chassis8SetStateEv  chassis.o
    0x08011462   0x08011462   0x00000006   PAD
    0x08011468   0x08011468   0x000000ce   Code   RO         2753    .text._ZN15balance_Chassis9MotorInitEv  chassis.o
    0x08011536   0x08011536   0x00000002   PAD
    0x08011538   0x08011538   0x00000088   Code   RO         2783    .text._ZN15balance_Chassis9SetLegLenEv  chassis.o
    0x080115c0   0x080115c0   0x00000278   Code   RO         2777    .text._ZN15balance_Chassis9SpeedCalcEv  chassis.o
    0x08011838   0x08011838   0x0000003e   Code   RO         2811    .text._ZN15balance_ChassisC2Ev  chassis.o
    0x08011876   0x08011876   0x00000002   PAD
    0x08011878   0x08011878   0x00000032   Code   RO         3136    .text._ZN20Class_Motor_DM_8009P12SetMotorDataEfffff  dm_8009p.o
    0x080118aa   0x080118aa   0x00000006   PAD
    0x080118b0   0x080118b0   0x00000110   Code   RO         3128    .text._ZN20Class_Motor_DM_8009P13DM_8009P_CtrlEv  dm_8009p.o
    0x080119c0   0x080119c0   0x000001d8   Code   RO         3124    .text._ZN20Class_Motor_DM_8009P16DM_8009P_getInfoE19FDCan_Export_Data_t  dm_8009p.o
    0x08011b98   0x08011b98   0x00000042   Code   RO         3130    .text._ZN20Class_Motor_DM_8009P31TIM_Alive_PeriodElapsedCallbackEv  dm_8009p.o
    0x08011bda   0x08011bda   0x00000006   PAD
    0x08011be0   0x08011be0   0x000000a6   Code   RO         3122    .text._ZN20Class_Motor_DM_8009P4InitEP19FDCAN_HandleTypeDefhh28Enum_Motor_DM_Control_Methodffff  dm_8009p.o
    0x08011c86   0x08011c86   0x00000002   PAD
    0x08011c88   0x08011c88   0x00000046   Code   RO         3118    .text._ZN20Class_Motor_DM_8009P6EnableEv  dm_8009p.o
    0x08011cce   0x08011cce   0x00000002   PAD
    0x08011cd0   0x08011cd0   0x0000000e   Code   RO         3146    .text._ZN20Class_Motor_DM_8009P6GetTorEv  dm_8009p.o
    0x08011cde   0x08011cde   0x00000002   PAD
    0x08011ce0   0x08011ce0   0x0000000e   Code   RO         3142    .text._ZN20Class_Motor_DM_8009P8GetAngleEv  dm_8009p.o
    0x08011cee   0x08011cee   0x00000002   PAD
    0x08011cf0   0x08011cf0   0x0000000e   Code   RO         3144    .text._ZN20Class_Motor_DM_8009P8GetSpeedEv  dm_8009p.o
    0x08011cfe   0x08011cfe   0x00000002   PAD
    0x08011d00   0x08011d00   0x00000040   Code   RO         3138    .text._ZN20Class_Motor_DM_8009P9SetMotorTEf  dm_8009p.o
    0x08011d40   0x08011d40   0x00000016   Code   RO         2861    .text._ZN20Class_Motor_DM_8009PC2Ev  chassis.o
    0x08011d56   0x08011d56   0x00000002   PAD
    0x08011d58   0x08011d58   0x00000012   Code   RO         2821    .text._ZN3Lqr11SetRotationEf  chassis.o
    0x08011d6a   0x08011d6a   0x00000006   PAD
    0x08011d70   0x08011d70   0x00000012   Code   RO         2823    .text._ZN3Lqr12SetWRotationEf  chassis.o
    0x08011d82   0x08011d82   0x00000006   PAD
    0x08011d88   0x08011d88   0x00000b48   Code   RO         2927    .text._ZN3Lqr4CalcEv  lqr.o
    0x080128d0   0x080128d0   0x0000007a   Code   RO         2825    .text._ZN3Lqr7SetDataEffffffffffffff  chassis.o
    0x0801294a   0x0801294a   0x00000006   PAD
    0x08012950   0x08012950   0x00000012   Code   RO         2819    .text._ZN3Lqr7SetDistEf  chassis.o
    0x08012962   0x08012962   0x00000006   PAD
    0x08012968   0x08012968   0x00000012   Code   RO         2817    .text._ZN3Lqr8SetSpeedEf  chassis.o
    0x0801297a   0x0801297a   0x00000006   PAD
    0x08012980   0x08012980   0x00000012   Code   RO         2837    .text._ZN3Pid10SetMeasureEf  chassis.o
    0x08012992   0x08012992   0x00000006   PAD
    0x08012998   0x08012998   0x000000b8   Code   RO         2981    .text._ZN3Pid11ErrorHandleEv  pid.o
    0x08012a50   0x08012a50   0x00000052   Code   RO         2995    .text._ZN3Pid11OutputLimitEv  pid.o
    0x08012aa2   0x08012aa2   0x00000006   PAD
    0x08012aa8   0x08012aa8   0x00000036   Code   RO         2993    .text._ZN3Pid12OutputFilterEv  pid.o
    0x08012ade   0x08012ade   0x00000002   PAD
    0x08012ae0   0x08012ae0   0x000000e4   Code   RO         2991    .text._ZN3Pid13IntegralLimitEv  pid.o
    0x08012bc4   0x08012bc4   0x00000004   PAD
    0x08012bc8   0x08012bc8   0x00000036   Code   RO         2989    .text._ZN3Pid16DerivativeFilterEv  pid.o
    0x08012bfe   0x08012bfe   0x00000002   PAD
    0x08012c00   0x08012c00   0x00000032   Code   RO         2983    .text._ZN3Pid18TrapezoidIntergralEv  pid.o
    0x08012c32   0x08012c32   0x00000006   PAD
    0x08012c38   0x08012c38   0x000000a8   Code   RO         2985    .text._ZN3Pid22ChangingIntegratioRateEv  pid.o
    0x08012ce0   0x08012ce0   0x0000002a   Code   RO         2987    .text._ZN3Pid23DerivativeOnMeasurementEv  pid.o
    0x08012d0a   0x08012d0a   0x00000006   PAD
    0x08012d10   0x08012d10   0x00000032   Code   RO         2813    .text._ZN3Pid4InitEfffff  chassis.o
    0x08012d42   0x08012d42   0x00000006   PAD
    0x08012d48   0x08012d48   0x00000012   Code   RO         2843    .text._ZN3Pid6SetRefEf  chassis.o
    0x08012d5a   0x08012d5a   0x00000006   PAD
    0x08012d60   0x08012d60   0x0000016c   Code   RO         2979    .text._ZN3Pid9CalculateEv  pid.o
    0x08012ecc   0x08012ecc   0x00000004   PAD
    0x08012ed0   0x08012ed0   0x0000003a   Code   RO         2815    .text._ZN3Vmc10SetLegDataEffffff  chassis.o
    0x08012f0a   0x08012f0a   0x00000006   PAD
    0x08012f10   0x08012f10   0x0000000e   Code   RO         2829    .text._ZN3Vmc11GetDotThetaEv  chassis.o
    0x08012f1e   0x08012f1e   0x00000002   PAD
    0x08012f20   0x08012f20   0x0000000e   Code   RO         2859    .text._ZN3Vmc11GetLegSpeedEv  chassis.o
    0x08012f2e   0x08012f2e   0x00000002   PAD
    0x08012f30   0x08012f30   0x0000000e   Code   RO         2857    .text._ZN3Vmc12GetPhi2SpeedEv  chassis.o
    0x08012f3e   0x08012f3e   0x00000002   PAD
    0x08012f40   0x08012f40   0x0000000e   Code   RO         2833    .text._ZN3Vmc14GetForceNormalEv  chassis.o
    0x08012f4e   0x08012f4e   0x00000002   PAD
    0x08012f50   0x08012f50   0x0000000e   Code   RO         2855    .text._ZN3Vmc5GetT1Ev  chassis.o
    0x08012f5e   0x08012f5e   0x00000002   PAD
    0x08012f60   0x08012f60   0x0000000e   Code   RO         2853    .text._ZN3Vmc5GetT2Ev  chassis.o
    0x08012f6e   0x08012f6e   0x00000002   PAD
    0x08012f70   0x08012f70   0x0000001a   Code   RO         2835    .text._ZN3Vmc6SetTorEff  chassis.o
    0x08012f8a   0x08012f8a   0x00000006   PAD
    0x08012f90   0x08012f90   0x000002f4   Code   RO         2937    .text._ZN3Vmc7LegCalcEv  vmc.o
    0x08013284   0x08013284   0x00000004   PAD
    0x08013288   0x08013288   0x00000042   Code   RO         2939    .text._ZN3Vmc7TorCalcEv  vmc.o
    0x080132ca   0x080132ca   0x00000006   PAD
    0x080132d0   0x080132d0   0x0000000e   Code   RO         2827    .text._ZN3Vmc8GetThetaEv  chassis.o
    0x080132de   0x080132de   0x00000002   PAD
    0x080132e0   0x080132e0   0x0000032c   Code   RO         2941    .text._ZN3Vmc8JacobianEv  vmc.o
    0x0801360c   0x0801360c   0x00000004   PAD
    0x08013610   0x08013610   0x0000000e   Code   RO         2831    .text._ZN3Vmc9GetLegLenEv  chassis.o
    0x0801361e   0x0801361e   0x00000002   PAD
    0x08013620   0x08013620   0x00000054   Code   RO         3036    .text._ZN4Math8AbsLimitEff  user_lib.o
    0x08013674   0x08013674   0x00000004   PAD
    0x08013678   0x08013678   0x00000030   Code   RO          620    .text.__NVIC_EnableIRQ  stm32h7xx_hal_cortex.o
    0x080136a8   0x080136a8   0x00000010   Code   RO          612    .text.__NVIC_GetPriorityGrouping  stm32h7xx_hal_cortex.o
    0x080136b8   0x080136b8   0x00000042   Code   RO          614    .text.__NVIC_SetPriority  stm32h7xx_hal_cortex.o
    0x080136fa   0x080136fa   0x00000006   PAD
    0x08013700   0x08013700   0x00000042   Code   RO         2669    .text.__NVIC_SetPriority  cmsis_os2.o
    0x08013742   0x08013742   0x00000006   PAD
    0x08013748   0x08013748   0x0000003c   Code   RO          608    .text.__NVIC_SetPriorityGrouping  stm32h7xx_hal_cortex.o
    0x08013784   0x08013784   0x00000004   PAD
    0x08013788   0x08013788   0x00000010   Code   RO         2751    .text.__cxx_global_var_init  chassis.o
    0x08013798   0x08013798   0x00000054   Code   RO         3180    .text.abs_limit     tpid.o
    0x080137ec   0x080137ec   0x00000090   Code   RO         3314    .text.arm_cos_f32   arm_cortexM7lfdp_math.lib(arm_cos_f32.o)
    0x0801387c   0x0801387c   0x000000be   Code   RO         3334    .text.arm_mat_add_f32  arm_cortexM7lfdp_math.lib(arm_mat_add_f32.o)
    0x0801393a   0x0801393a   0x00000008   Code   RO         3344    .text.arm_mat_init_f32  arm_cortexM7lfdp_math.lib(arm_mat_init_f32.o)
    0x08013942   0x08013942   0x00000002   PAD
    0x08013944   0x08013944   0x000002cc   Code   RO         3353    .text.arm_mat_inverse_f32  arm_cortexM7lfdp_math.lib(arm_mat_inverse_f32.o)
    0x08013c10   0x08013c10   0x00000130   Code   RO         3363    .text.arm_mat_mult_f32  arm_cortexM7lfdp_math.lib(arm_mat_mult_f32.o)
    0x08013d40   0x08013d40   0x000000be   Code   RO         3373    .text.arm_mat_sub_f32  arm_cortexM7lfdp_math.lib(arm_mat_sub_f32.o)
    0x08013dfe   0x08013dfe   0x00000002   PAD
    0x08013e00   0x08013e00   0x000000b4   Code   RO         3383    .text.arm_mat_trans_f32  arm_cortexM7lfdp_math.lib(arm_mat_trans_f32.o)
    0x08013eb4   0x08013eb4   0x0000008c   Code   RO         3324    .text.arm_sin_f32   arm_cortexM7lfdp_math.lib(arm_sin_f32.o)
    0x08013f40   0x08013f40   0x00000068   Code   RO         2874    .text.boardCommunicateTask  task_manager.o
    0x08013fa8   0x08013fa8   0x00000074   Code   RO           11    .text.main          main.o
    0x0801401c   0x0801401c   0x00000004   PAD
    0x08014020   0x08014020   0x00000022   Code   RO         2864    .text.motor_init    task_manager.o
    0x08014042   0x08014042   0x00000006   PAD
    0x08014048   0x08014048   0x00000034   Code   RO         2573    .text.osDelay       cmsis_os2.o
    0x0801407c   0x0801407c   0x00000004   PAD
    0x08014080   0x08014080   0x00000046   Code   RO         2507    .text.osKernelInitialize  cmsis_os2.o
    0x080140c6   0x080140c6   0x00000002   PAD
    0x080140c8   0x080140c8   0x00000052   Code   RO         2513    .text.osKernelStart  cmsis_os2.o
    0x0801411a   0x0801411a   0x00000006   PAD
    0x08014120   0x08014120   0x0000015a   Code   RO         2537    .text.osThreadNew   cmsis_os2.o
    0x0801427a   0x0801427a   0x00000006   PAD
    0x08014280   0x08014280   0x000000d4   Code   RO         2299    .text.prvAddCurrentTaskToDelayedList  tasks.o
    0x08014354   0x08014354   0x00000004   PAD
    0x08014358   0x08014358   0x00000122   Code   RO         2285    .text.prvAddNewTaskToReadyList  tasks.o
    0x0801447a   0x0801447a   0x00000006   PAD
    0x08014480   0x08014480   0x000000a2   Code   RO         2436    .text.prvCheckForValidListAndQueue  timers.o
    0x08014522   0x08014522   0x00000006   PAD
    0x08014528   0x08014528   0x0000005a   Code   RO         2403    .text.prvCheckTasksWaitingTermination  tasks.o
    0x08014582   0x08014582   0x00000006   PAD
    0x08014588   0x08014588   0x00000042   Code   RO         2178    .text.prvCopyDataFromQueue  queue.o
    0x080145ca   0x080145ca   0x00000006   PAD
    0x080145d0   0x080145d0   0x000000cc   Code   RO         2166    .text.prvCopyDataToQueue  queue.o
    0x0801469c   0x0801469c   0x00000004   PAD
    0x080146a0   0x080146a0   0x0000005e   Code   RO         2291    .text.prvDeleteTCB  tasks.o
    0x080146fe   0x080146fe   0x00000002   PAD
    0x08014700   0x08014700   0x00000040   Code   RO         2474    .text.prvGetNextExpireTime  timers.o
    0x08014740   0x08014740   0x000000bc   Code   RO         2686    .text.prvHeapInit   heap_4.o
    0x080147fc   0x080147fc   0x00000004   PAD
    0x08014800   0x08014800   0x00000038   Code   RO         2325    .text.prvIdleTask   tasks.o
    0x08014838   0x08014838   0x00000048   Code   RO         2140    .text.prvInitialiseNewQueue  queue.o
    0x08014880   0x08014880   0x00000122   Code   RO         2283    .text.prvInitialiseNewTask  tasks.o
    0x080149a2   0x080149a2   0x00000006   PAD
    0x080149a8   0x080149a8   0x0000008e   Code   RO         2401    .text.prvInitialiseTaskLists  tasks.o
    0x08014a36   0x08014a36   0x00000002   PAD
    0x08014a38   0x08014a38   0x000000c6   Code   RO         2688    .text.prvInsertBlockIntoFreeList  heap_4.o
    0x08014afe   0x08014afe   0x00000002   PAD
    0x08014b00   0x08014b00   0x00000086   Code   RO         2486    .text.prvInsertTimerInActiveList  timers.o
    0x08014b86   0x08014b86   0x00000002   PAD
    0x08014b88   0x08014b88   0x00000028   Code   RO         2180    .text.prvIsQueueEmpty  queue.o
    0x08014bb0   0x08014bb0   0x0000002e   Code   RO         2168    .text.prvIsQueueFull  queue.o
    0x08014bde   0x08014bde   0x00000002   PAD
    0x08014be0   0x08014be0   0x00000028   Code   RO         2727    .text.prvPortStartFirstTask  port.o
    0x08014c08   0x08014c08   0x0000008e   Code   RO         2482    .text.prvProcessExpiredTimer  timers.o
    0x08014c96   0x08014c96   0x00000002   PAD
    0x08014c98   0x08014c98   0x00000192   Code   RO         2478    .text.prvProcessReceivedCommands  timers.o
    0x08014e2a   0x08014e2a   0x00000006   PAD
    0x08014e30   0x08014e30   0x0000009a   Code   RO         2476    .text.prvProcessTimerOrBlockTask  timers.o
    0x08014eca   0x08014eca   0x00000006   PAD
    0x08014ed0   0x08014ed0   0x00000046   Code   RO         2293    .text.prvResetNextTaskUnblockTime  tasks.o
    0x08014f16   0x08014f16   0x00000002   PAD
    0x08014f18   0x08014f18   0x00000044   Code   RO         2480    .text.prvSampleTimeNow  timers.o
    0x08014f5c   0x08014f5c   0x00000004   PAD
    0x08014f60   0x08014f60   0x000000d4   Code   RO         2484    .text.prvSwitchTimerLists  timers.o
    0x08015034   0x08015034   0x00000004   PAD
    0x08015038   0x08015038   0x0000004c   Code   RO         2717    .text.prvTaskExitError  port.o
    0x08015084   0x08015084   0x00000004   PAD
    0x08015088   0x08015088   0x0000001e   Code   RO         2438    .text.prvTimerTask  timers.o
    0x080150a6   0x080150a6   0x00000002   PAD
    0x080150a8   0x080150a8   0x000000ae   Code   RO         2170    .text.prvUnlockQueue  queue.o
    0x08015156   0x08015156   0x00000002   PAD
    0x08015158   0x08015158   0x000001ec   Code   RO         2684    .text.pvPortMalloc  heap_4.o
    0x08015344   0x08015344   0x00000004   PAD
    0x08015348   0x08015348   0x0000005e   Code   RO         2715    .text.pxPortInitialiseStack  port.o
    0x080153a6   0x080153a6   0x00000002   PAD
    0x080153a8   0x080153a8   0x00000086   Code   RO         3213    .text.timestamp     n100.o
    0x0801542e   0x0801542e   0x00000002   PAD
    0x08015430   0x08015430   0x00000048   Code   RO         2127    .text.uxListRemove  list.o
    0x08015478   0x08015478   0x0000002a   Code   RO         2665    .text.vApplicationGetIdleTaskMemory  cmsis_os2.o
    0x080154a2   0x080154a2   0x00000006   PAD
    0x080154a8   0x080154a8   0x0000002c   Code   RO         2667    .text.vApplicationGetTimerTaskMemory  cmsis_os2.o
    0x080154d4   0x080154d4   0x00000004   PAD
    0x080154d8   0x080154d8   0x0000002e   Code   RO         2119    .text.vListInitialise  list.o
    0x08015506   0x08015506   0x00000002   PAD
    0x08015508   0x08015508   0x0000000e   Code   RO         2121    .text.vListInitialiseItem  list.o
    0x08015516   0x08015516   0x00000002   PAD
    0x08015518   0x08015518   0x0000006a   Code   RO         2125    .text.vListInsert   list.o
    0x08015582   0x08015582   0x00000006   PAD
    0x08015588   0x08015588   0x0000003a   Code   RO         2123    .text.vListInsertEnd  list.o
    0x080155c2   0x080155c2   0x00000006   PAD
    0x080155c8   0x080155c8   0x00000014   Code   RO         2725    .text.vPortEnableVFP  port.o
    0x080155dc   0x080155dc   0x00000004   PAD
    0x080155e0   0x080155e0   0x00000056   Code   RO         2731    .text.vPortEnterCritical  port.o
    0x08015636   0x08015636   0x00000002   PAD
    0x08015638   0x08015638   0x0000004a   Code   RO         2733    .text.vPortExitCritical  port.o
    0x08015682   0x08015682   0x00000006   PAD
    0x08015688   0x08015688   0x000000ce   Code   RO         2690    .text.vPortFree     heap_4.o
    0x08015756   0x08015756   0x00000002   PAD
    0x08015758   0x08015758   0x00000044   Code   RO         2723    .text.vPortSetupTimerInterrupt  port.o
    0x0801579c   0x0801579c   0x00000004   PAD
    0x080157a0   0x080157a0   0x00000084   Code   RO         2739    .text.vPortValidateInterruptPriority  port.o
    0x08015824   0x08015824   0x00000004   PAD
    0x08015828   0x08015828   0x00000052   Code   RO         2210    .text.vQueueAddToRegistry  queue.o
    0x0801587a   0x0801587a   0x00000006   PAD
    0x08015880   0x08015880   0x00000064   Code   RO         2214    .text.vQueueWaitForMessageRestricted  queue.o
    0x080158e4   0x080158e4   0x00000004   PAD
    0x080158e8   0x080158e8   0x0000006e   Code   RO         2303    .text.vTaskDelay    tasks.o
    0x08015956   0x08015956   0x00000002   PAD
    0x08015958   0x08015958   0x00000024   Code   RO         2357    .text.vTaskInternalSetTimeOutState  tasks.o
    0x0801597c   0x0801597c   0x00000004   PAD
    0x08015980   0x08015980   0x0000000e   Code   RO         2361    .text.vTaskMissedYield  tasks.o
    0x0801598e   0x0801598e   0x00000002   PAD
    0x08015990   0x08015990   0x00000042   Code   RO         2345    .text.vTaskPlaceOnEventList  tasks.o
    0x080159d2   0x080159d2   0x00000006   PAD
    0x080159d8   0x080159d8   0x00000052   Code   RO         2349    .text.vTaskPlaceOnEventListRestricted  tasks.o
    0x08015a2a   0x08015a2a   0x00000006   PAD
    0x08015a30   0x08015a30   0x000000e0   Code   RO         2323    .text.vTaskStartScheduler  tasks.o
    0x08015b10   0x08015b10   0x00000010   Code   RO         2297    .text.vTaskSuspendAll  tasks.o
    0x08015b20   0x08015b20   0x000000c6   Code   RO         2315    .text.vTaskSwitchContext  tasks.o
    0x08015be6   0x08015be6   0x00000002   PAD
    0x08015be8   0x08015be8   0x0000001e   Code   RO         2876    .text.vofaTask      task_manager.o
    0x08015c06   0x08015c06   0x00000002   PAD
    0x08015c08   0x08015c08   0x00000156   Code   RO         2721    .text.xPortStartScheduler  port.o
    0x08015d5e   0x08015d5e   0x00000002   PAD
    0x08015d60   0x08015d60   0x0000003c   Code   RO         2737    .text.xPortSysTickHandler  port.o
    0x08015d9c   0x08015d9c   0x00000004   PAD
    0x08015da0   0x08015da0   0x0000010e   Code   RO         2138    .text.xQueueGenericCreateStatic  queue.o
    0x08015eae   0x08015eae   0x00000002   PAD
    0x08015eb0   0x08015eb0   0x000000ba   Code   RO         2136    .text.xQueueGenericReset  queue.o
    0x08015f6a   0x08015f6a   0x00000006   PAD
    0x08015f70   0x08015f70   0x0000022c   Code   RO         2156    .text.xQueueGenericSend  queue.o
    0x0801619c   0x0801619c   0x00000004   PAD
    0x080161a0   0x080161a0   0x0000014c   Code   RO         2172    .text.xQueueGenericSendFromISR  queue.o
    0x080162ec   0x080162ec   0x00000004   PAD
    0x080162f0   0x080162f0   0x000001dc   Code   RO         2176    .text.xQueueReceive  queue.o
    0x080164cc   0x080164cc   0x00000004   PAD
    0x080164d0   0x080164d0   0x000000cc   Code   RO         2359    .text.xTaskCheckForTimeOut  tasks.o
    0x0801659c   0x0801659c   0x00000004   PAD
    0x080165a0   0x080165a0   0x0000009e   Code   RO         2287    .text.xTaskCreate   tasks.o
    0x0801663e   0x0801663e   0x00000002   PAD
    0x08016640   0x08016640   0x000000ce   Code   RO         2281    .text.xTaskCreateStatic  tasks.o
    0x0801670e   0x0801670e   0x00000002   PAD
    0x08016710   0x08016710   0x00000038   Code   RO         2375    .text.xTaskGetSchedulerState  tasks.o
    0x08016748   0x08016748   0x00000014   Code   RO         2331    .text.xTaskGetTickCount  tasks.o
    0x0801675c   0x0801675c   0x00000004   PAD
    0x08016760   0x08016760   0x000001c4   Code   RO         2329    .text.xTaskIncrementTick  tasks.o
    0x08016924   0x08016924   0x00000004   PAD
    0x08016928   0x08016928   0x000000ec   Code   RO         2379    .text.xTaskPriorityDisinherit  tasks.o
    0x08016a14   0x08016a14   0x00000004   PAD
    0x08016a18   0x08016a18   0x000000ce   Code   RO         2351    .text.xTaskRemoveFromEventList  tasks.o
    0x08016ae6   0x08016ae6   0x00000002   PAD
    0x08016ae8   0x08016ae8   0x00000186   Code   RO         2301    .text.xTaskResumeAll  tasks.o
    0x08016c6e   0x08016c6e   0x00000002   PAD
    0x08016c70   0x08016c70   0x00000094   Code   RO         2434    .text.xTimerCreateTimerTask  timers.o
    0x08016d04   0x08016d04   0x00000004   PAD
    0x08016d08   0x08016d08   0x000000b0   Code   RO         2446    .text.xTimerGenericCommand  timers.o
    0x08016db8   0x08016db8   0x00000030   Code   RO         3818    i.__ARM_fpclassify  m_wv.l(fpclassify.o)
    0x08016de8   0x08016de8   0x00000026   Code   RO         3820    i.__ARM_fpclassifyf  m_wv.l(fpclassifyf.o)
    0x08016e0e   0x08016e0e   0x00000002   PAD
    0x08016e10   0x08016e10   0x000002ac   Code   RO         3577    i.__hardfp_atan2f   m_wv.l(atan2f.o)
    0x080170bc   0x080170bc   0x00000004   PAD
    0x080170c0   0x080170c0   0x000008c4   Code   RO         3583    i.__hardfp_pow      m_wv.l(pow.o)
    0x08017984   0x08017984   0x00000664   Code   RO         3590    i.__hardfp_powf     m_wv.l(powf.o)
    0x08017fe8   0x08017fe8   0x0000003a   Code   RO         3597    i.__hardfp_sqrtf    m_wv.l(sqrtf.o)
    0x08018022   0x08018022   0x00000070   Code   RO         3836    i.__kernel_poly     m_wv.l(poly.o)
    0x08018092   0x08018092   0x00000006   PAD
    0x08018098   0x08018098   0x00000018   Code   RO         3798    i.__mathlib_dbl_divzero  m_wv.l(dunder.o)
    0x080180b0   0x080180b0   0x00000006   Code   RO         3800    i.__mathlib_dbl_infnan2  m_wv.l(dunder.o)
    0x080180b6   0x080180b6   0x00000002   PAD
    0x080180b8   0x080180b8   0x00000018   Code   RO         3801    i.__mathlib_dbl_invalid  m_wv.l(dunder.o)
    0x080180d0   0x080180d0   0x00000018   Code   RO         3802    i.__mathlib_dbl_overflow  m_wv.l(dunder.o)
    0x080180e8   0x080180e8   0x00000018   Code   RO         3804    i.__mathlib_dbl_underflow  m_wv.l(dunder.o)
    0x08018100   0x08018100   0x00000014   Code   RO         3822    i.__mathlib_flt_divzero  m_wv.l(funder.o)
    0x08018114   0x08018114   0x00000006   Code   RO         3824    i.__mathlib_flt_infnan2  m_wv.l(funder.o)
    0x0801811a   0x0801811a   0x00000002   PAD
    0x0801811c   0x0801811c   0x00000010   Code   RO         3825    i.__mathlib_flt_invalid  m_wv.l(funder.o)
    0x0801812c   0x0801812c   0x00000010   Code   RO         3826    i.__mathlib_flt_overflow  m_wv.l(funder.o)
    0x0801813c   0x0801813c   0x00000010   Code   RO         3828    i.__mathlib_flt_underflow  m_wv.l(funder.o)
    0x0801814c   0x0801814c   0x00000018   Code   RO         3814    i.fabs              m_wv.l(fabs.o)
    0x08018164   0x08018164   0x0000006a   Code   RO         3841    i.sqrt              m_wv.l(sqrt.o)
    0x080181ce   0x080181ce   0x00000002   PAD
    0x080181d0   0x080181d0   0x00000010   Code   RO         3911    x$fpl$dcheck1       fz_wv.l(dcheck1.o)
    0x080181e0   0x080181e0   0x0000001a   Code   RO         3913    x$fpl$fpinit        fz_wv.l(fpinit.o)
    0x080181fa   0x080181fa   0x00000064   Code   RO         3983    x$fpl$retnan        fz_wv.l(retnan.o)
    0x0801825e   0x0801825e   0x0000005c   Code   RO         3795    x$fpl$scalbn        fz_wv.l(scalbn.o)
    0x080182ba   0x080182ba   0x00000030   Code   RO         4024    x$fpl$trapveneer    fz_wv.l(trapv.o)
    0x080182ea   0x080182ea   0x00000000   Code   RO         3797    x$fpl$usenofp       fz_wv.l(usenofp.o)
    0x080182ea   0x080182ea   0x00000006   PAD
    0x080182f0   0x080182f0   0x00000088   Data   RO         3586    .constdata          m_wv.l(pow.o)
    0x08018378   0x08018378   0x00000140   Data   RO         3593    .constdata          m_wv.l(powf.o)
    0x080184b8   0x080184b8   0x00000008   Data   RO         3838    .constdata          m_wv.l(qnan.o)
    0x080184c0   0x080184c0   0x0000004c   Data   RO         1745    .rodata..L__const.HAL_FDCAN_Init.CvtEltSize  stm32h7xx_hal_fdcan.o
    0x0801850c   0x0801850c   0x0000000c   Data   RO         2900    .rodata..L__const.INS_Task.gravity  ins.o
    0x08018518   0x08018518   0x00000024   Data   RO           54    .rodata.BoardcommTask_attributes  freertos.o
    0x0801853c   0x0801853c   0x00000024   Data   RO           51    .rodata.ChassisTask_attributes  freertos.o
    0x08018560   0x08018560   0x00000010   Data   RO         2073    .rodata.D1CorePrescTable  system_stm32h7xx.o
    0x08018570   0x08018570   0x00000010   Data   RO         1746    .rodata.DLCtoBytes  stm32h7xx_hal_fdcan.o
    0x08018580   0x08018580   0x00000008   Data   RO         1008    .rodata.DMA_CalcBaseAndBitshift.flagBitshiftOffset  stm32h7xx_hal_dma.o
    0x08018588   0x08018588   0x00000024   Data   RO           53    .rodata.IMUTask_attributes  freertos.o
    0x080185ac   0x080185ac   0x00000024   Data   RO           52    .rodata.LegMotorTask_attributes  freertos.o
    0x080185d0   0x080185d0   0x00000008   Data   RO         2059    .rodata.UARTEx_SetNbDataToProcess.denominator  stm32h7xx_hal_uart_ex.o
    0x080185d8   0x080185d8   0x00000008   Data   RO         2058    .rodata.UARTEx_SetNbDataToProcess.numerator  stm32h7xx_hal_uart_ex.o
    0x080185e0   0x080185e0   0x00000018   Data   RO         2014    .rodata.UARTPrescTable  stm32h7xx_hal_uart.o
    0x080185f8   0x080185f8   0x00000024   Data   RO           55    .rodata.VofaTask_attributes  freertos.o
    0x0801861c   0x0801861c   0x000003c0   Data   RO         2929    .rodata._ZL1k       lqr.o
    0x080189dc   0x080189dc   0x0000000c   Data   RO         2903    .rodata._ZL2xb      ins.o
    0x080189e8   0x080189e8   0x0000000c   Data   RO         2904    .rodata._ZL2yb      ins.o
    0x080189f4   0x080189f4   0x0000000c   Data   RO         2905    .rodata._ZL2zb      ins.o
    0x08018a00   0x08018a00   0x000003c0   Data   RO         2930    .rodata._ZL5k_off   lqr.o
    0x08018dc0   0x08018dc0   0x00000050   Data   RO         2802    .rodata.cst16       chassis.o
    0x08018e10   0x08018e10   0x00000024   Data   RO           50    .rodata.defaultTask_attributes  freertos.o
    0x08018e34   0x08018e34   0x00000804   Data   RO         3479    .rodata.sinTable_f32  arm_cortexM7lfdp_math.lib(arm_common_tables.o)
    0x08019638   0x08019638   0x00000044   Data   RO           49    .rodata.str1.1      freertos.o
    0x0801967c   0x0801967c   0x00000005   Data   RO         2419    .rodata.str1.1      tasks.o
    0x08019681   0x08019681   0x0000000d   Data   RO         2489    .rodata.str1.1      timers.o
    0x0801968e   0x0801968e   0x00000002   PAD
    0x08019690   0x08019690   0x00000030   Data   RO         4059    Region$$Table       anon$$obj.o
    0x080196c0   0x080196c0   0x00000004   Data   RO         2804    .init_array         chassis.o
    0x080196c4   0x080196c0   0x00000000   Data   RO         3566    .init_array         c_w.l(init_aeabi.o)


    Execution Region RW_IRAM1 (Exec base: 0x20000000, Load base: 0x080196c4, Size: 0x00020000, Max: 0x00020000, ABSOLUTE)

    Exec Addr    Load Addr    Size         Type   Attr      Idx    E Section Name        Object

    0x20000000        -       0x00020000   Zero   RW            2    HEAP                startup_stm32h723xx.o


    Execution Region RW_IRAM2 (Exec base: 0x24000000, Load base: 0x080196c8, Size: 0x00006b48, Max: 0x00020000, ABSOLUTE)

    Exec Addr    Load Addr    Size         Type   Attr      Idx    E Section Name        Object

    0x24000000   0x080196c8   0x0000000c   Data   RW         3286    .data.Can_Fun       bsp_fdcan.o
    0x2400000c   0x080196d4   0x00000010   Data   RW         3164    .data.M3508_FUN     m3508.o
    0x2400001c   0x080196e4   0x00000010   Data   RW         3079    .data.M6020_Fun     m6020_motor.o
    0x2400002c   0x080196f4   0x00000004   Data   RW         2071    .data.SystemCoreClock  system_stm32h7xx.o
    0x24000030   0x080196f8   0x00000004   Data   RW         2072    .data.SystemD2Clock  system_stm32h7xx.o
    0x24000034   0x080196fc   0x00000001   Data   RW         1323    .data.uwTickFreq    stm32h7xx_hal.o
    0x24000035   0x080196fd   0x00000003   PAD
    0x24000038   0x08019700   0x00000004   Data   RW         1322    .data.uwTickPrio    stm32h7xx_hal.o
    0x2400003c   0x08019704   0x00000004   Data   RW         2743    .data.uxCriticalNesting  port.o
    0x24000040        -       0x00000060   Zero   RW         3850    .bss                c_w.l(libspace.o)
    0x240000a0        -       0x00000038   Zero   RW         3225    .bss.AHRSData_Packet  n100.o
    0x240000d8        -       0x00000004   Zero   RW           60    .bss.BoardcommTaskHandle  freertos.o
    0x240000dc        -       0x00000004   Zero   RW         3252    .bss.CPU_FREQ_Hz    bsp_dwt.o
    0x240000e0        -       0x00000004   Zero   RW         3253    .bss.CPU_FREQ_Hz_ms  bsp_dwt.o
    0x240000e4        -       0x00000004   Zero   RW         3254    .bss.CPU_FREQ_Hz_us  bsp_dwt.o
    0x240000e8        -       0x00000008   Zero   RW         3259    .bss.CYCCNT64       bsp_dwt.o
    0x240000f0        -       0x00000004   Zero   RW         3262    .bss.CYCCNT_LAST    bsp_dwt.o
    0x240000f4        -       0x00000004   Zero   RW         3255    .bss.CYCCNT_RountCount  bsp_dwt.o
    0x240000f8        -       0x00000004   Zero   RW           57    .bss.ChassisTaskHandle  freertos.o
    0x240000fc        -       0x00000001   Zero   RW         3219    .bss.Count          n100.o
    0x240000fd        -       0x00000001   Zero   RW         3261    .bss.DWT_CNT_Update.bit_locker  bsp_dwt.o
    0x240000fe   0x08019708   0x00000002   PAD
    0x24000100        -       0x00000008   Zero   RW         3256    .bss.DWT_SysTimeUpdate.CNT_TEMP1  bsp_dwt.o
    0x24000108        -       0x00000008   Zero   RW         3257    .bss.DWT_SysTimeUpdate.CNT_TEMP2  bsp_dwt.o
    0x24000110        -       0x00000008   Zero   RW         3258    .bss.DWT_SysTimeUpdate.CNT_TEMP3  bsp_dwt.o
    0x24000118        -       0x00000004   Zero   RW         3215    .bss.Flag_Ahrs      n100.o
    0x2400011c        -       0x00000004   Zero   RW         3216    .bss.Flag_Imu       n100.o
    0x24000120        -       0x00000004   Zero   RW          112    .bss.HAL_RCC_FDCAN_CLK_ENABLED  fdcan.o
    0x24000124        -       0x00000004   Zero   RW         3217    .bss.Handle_Ahrs    n100.o
    0x24000128        -       0x00000004   Zero   RW         3218    .bss.Handle_Imu     n100.o
    0x2400012c        -       0x00000034   Zero   RW         3226    .bss.IMUData_Packet  n100.o
    0x24000160        -       0x00000004   Zero   RW           59    .bss.IMUTaskHandle  freertos.o
    0x24000164        -       0x0000007c   Zero   RW         2898    .bss.INS            ins.o
    0x240001e0        -       0x00000004   Zero   RW         2899    .bss.INS_DWT_Count  ins.o
    0x240001e4        -       0x00000004   Zero   RW         2671    .bss.KernelState    cmsis_os2.o
    0x240001e8        -       0x00000004   Zero   RW           58    .bss.LegMotorTaskHandle  freertos.o
    0x240001ec        -       0x00000100   Zero   RW         3163    .bss.M3508_Array    m3508.o
    0x240002ec        -       0x00000008   Zero   RW         3165    .bss.M3508_Data_Tx  m3508.o
    0x240002f4        -       0x00000008   Zero   RW         3081    .bss.M6020_Data_Tx  m6020_motor.o
    0x240002fc        -       0x00000118   Zero   RW         3080    .bss.M6020s_Yaw     m6020_motor.o
    0x24000414        -       0x00000038   Zero   RW         3222    .bss.N100_ReAhrs    n100.o
    0x2400044c        -       0x00000040   Zero   RW         3221    .bss.N100_ReImu     n100.o
    0x2400048c        -       0x00000001   Zero   RW         3224    .bss.N100_Rxbuffer  n100.o
    0x2400048d        -       0x00000040   Zero   RW         3223    .bss.N100_tmpData   n100.o
    0x240004cd   0x08019708   0x00000003   PAD
    0x240004d0        -       0x00000034   Zero   RW         3102    .bss.Saber_Angle    saber_c3.o
    0x24000504        -       0x00000004   Zero   RW           69    .bss.StartBoardcommTask.board_dt  freertos.o
    0x24000508        -       0x00000004   Zero   RW           68    .bss.StartBoardcommTask.board_start  freertos.o
    0x2400050c        -       0x00000004   Zero   RW           63    .bss.StartChassisTask.chassis_dt  freertos.o
    0x24000510        -       0x00000004   Zero   RW           62    .bss.StartChassisTask.chassis_start  freertos.o
    0x24000514        -       0x00000004   Zero   RW           67    .bss.StartIMUTask.ins_dt  freertos.o
    0x24000518        -       0x00000004   Zero   RW           66    .bss.StartIMUTask.ins_start  freertos.o
    0x2400051c        -       0x00000004   Zero   RW           65    .bss.StartLegMotorTask.leg_dt  freertos.o
    0x24000520        -       0x00000004   Zero   RW           64    .bss.StartLegMotorTask.leg_start  freertos.o
    0x24000524        -       0x00000008   Zero   RW         3260    .bss.SysTime        bsp_dwt.o
    0x2400052c        -       0x00000018   Zero   RW         3199    .bss.Vofa           vofa.o
    0x24000544        -       0x00000004   Zero   RW           61    .bss.VofaTaskHandle  freertos.o
    0x24000548        -       0x00000004   Zero   RW         2902    .bss._ZL1t          ins.o
    0x2400054c        -       0x00000004   Zero   RW         2901    .bss._ZL2dt         ins.o
    0x24000550        -       0x00000004   Zero   RW         2998    .bss._ZZN3Pid13IntegralLimitEvE10temp_i_out  pid.o
    0x24000554        -       0x00000004   Zero   RW         2997    .bss._ZZN3Pid13IntegralLimitEvE11temp_output  pid.o
    0x24000558        -       0x00000024   Zero   RW         2919    .bss.board_comm     board_comm.o
    0x2400057c   0x08019708   0x00000004   PAD
    0x24000580        -       0x00000ac0   Zero   RW         2801    .bss.chassis        chassis.o
    0x24001040        -       0x00000004   Zero   RW           56    .bss.defaultTaskHandle  freertos.o
    0x24001044        -       0x00000024   Zero   RW           83    .bss.hcrc           crc.o
    0x24001068        -       0x00000078   Zero   RW          166    .bss.hdma_uart7_rx  usart.o
    0x240010e0        -       0x00000078   Zero   RW          167    .bss.hdma_uart7_tx  usart.o
    0x24001158        -       0x00000078   Zero   RW          172    .bss.hdma_usart10_rx  usart.o
    0x240011d0        -       0x00000078   Zero   RW          173    .bss.hdma_usart10_tx  usart.o
    0x24001248        -       0x00000078   Zero   RW          168    .bss.hdma_usart2_rx  usart.o
    0x240012c0        -       0x00000078   Zero   RW          169    .bss.hdma_usart2_tx  usart.o
    0x24001338        -       0x00000078   Zero   RW          170    .bss.hdma_usart3_rx  usart.o
    0x240013b0        -       0x00000078   Zero   RW          171    .bss.hdma_usart3_tx  usart.o
    0x24001428        -       0x000000a0   Zero   RW          109    .bss.hfdcan1        fdcan.o
    0x240014c8        -       0x000000a0   Zero   RW          110    .bss.hfdcan2        fdcan.o
    0x24001568        -       0x000000a0   Zero   RW          111    .bss.hfdcan3        fdcan.o
    0x24001608        -       0x00000088   Zero   RW          126    .bss.hspi6          spi.o
    0x24001690        -       0x0000004c   Zero   RW          246    .bss.htim2          stm32h7xx_hal_timebase_tim.o
    0x240016dc        -       0x0000004c   Zero   RW          142    .bss.htim3          tim.o
    0x24001728        -       0x00000094   Zero   RW          165    .bss.huart10        usart.o
    0x240017bc        -       0x00000094   Zero   RW          163    .bss.huart2         usart.o
    0x24001850        -       0x00000094   Zero   RW          164    .bss.huart3         usart.o
    0x240018e4        -       0x00000094   Zero   RW          162    .bss.huart7         usart.o
    0x24001978        -       0x00000001   Zero   RW         3304    .bss.idx            bsp_uart.o
    0x24001979        -       0x00000001   Zero   RW         3220    .bss.last_rsnum     n100.o
    0x2400197a        -       0x000000a0   Zero   RW         2497    .bss.prvCheckForValidListAndQueue.ucStaticTimerQueueStorage  timers.o
    0x24001a1a   0x08019708   0x00000002   PAD
    0x24001a1c        -       0x00000050   Zero   RW         2496    .bss.prvCheckForValidListAndQueue.xStaticTimerQueue  timers.o
    0x24001a6c        -       0x00000004   Zero   RW         2493    .bss.prvSampleTimeNow.xLastTime  timers.o
    0x24001a70        -       0x00000004   Zero   RW         2405    .bss.pxCurrentTCB   tasks.o
    0x24001a74        -       0x00000004   Zero   RW         2491    .bss.pxCurrentTimerList  timers.o
    0x24001a78        -       0x00000004   Zero   RW         2413    .bss.pxDelayedTaskList  tasks.o
    0x24001a7c        -       0x00000004   Zero   RW         2700    .bss.pxEnd          heap_4.o
    0x24001a80        -       0x00000004   Zero   RW         2414    .bss.pxOverflowDelayedTaskList  tasks.o
    0x24001a84        -       0x00000004   Zero   RW         2492    .bss.pxOverflowTimerList  timers.o
    0x24001a88        -       0x00000460   Zero   RW         2416    .bss.pxReadyTasksLists  tasks.o
    0x24001ee8        -       0x00000002   Zero   RW         2971    .bss.sizeof_double  kalman_filter.o
    0x24001eea        -       0x00000002   Zero   RW         2970    .bss.sizeof_float   kalman_filter.o
    0x24001eec        -       0x00000014   Zero   RW         3305    .bss.uart_instance  bsp_uart.o
    0x24001f00        -       0x00003c00   Zero   RW         2707    .bss.ucHeap         heap_4.o
    0x24005b00        -       0x00000001   Zero   RW         2741    .bss.ucMaxSysCallPriority  port.o
    0x24005b01   0x08019708   0x00000003   PAD
    0x24005b04        -       0x00000004   Zero   RW         2742    .bss.ulMaxPRIGROUPValue  port.o
    0x24005b08        -       0x00000004   Zero   RW         1324    .bss.uwTick         stm32h7xx_hal.o
    0x24005b0c        -       0x00000004   Zero   RW         2409    .bss.uxCurrentNumberOfTasks  tasks.o
    0x24005b10        -       0x00000004   Zero   RW         2408    .bss.uxDeletedTasksWaitingCleanUp  tasks.o
    0x24005b14        -       0x00000004   Zero   RW         2411    .bss.uxSchedulerSuspended  tasks.o
    0x24005b18        -       0x00000004   Zero   RW         2406    .bss.uxTaskNumber   tasks.o
    0x24005b1c        -       0x00000004   Zero   RW         2417    .bss.uxTopReadyPriority  tasks.o
    0x24005b20        -       0x00000200   Zero   RW         2674    .bss.vApplicationGetIdleTaskMemory.Idle_Stack  cmsis_os2.o
    0x24005d20        -       0x0000005c   Zero   RW         2673    .bss.vApplicationGetIdleTaskMemory.Idle_TCB  cmsis_os2.o
    0x24005d7c        -       0x00000400   Zero   RW         2676    .bss.vApplicationGetTimerTaskMemory.Timer_Stack  cmsis_os2.o
    0x2400617c        -       0x0000005c   Zero   RW         2675    .bss.vApplicationGetTimerTaskMemory.Timer_TCB  cmsis_os2.o
    0x240061d8        -       0x00000064   Zero   RW         3197    .bss.vofaTxBuffer   vofa.o
    0x2400623c        -       0x00000014   Zero   RW         2494    .bss.xActiveTimerList1  timers.o
    0x24006250        -       0x00000014   Zero   RW         2495    .bss.xActiveTimerList2  timers.o
    0x24006264        -       0x00000004   Zero   RW         2701    .bss.xBlockAllocatedBit  heap_4.o
    0x24006268        -       0x00000014   Zero   RW         2425    .bss.xDelayedTaskList1  tasks.o
    0x2400627c        -       0x00000014   Zero   RW         2426    .bss.xDelayedTaskList2  tasks.o
    0x24006290        -       0x00000004   Zero   RW         2702    .bss.xFreeBytesRemaining  heap_4.o
    0x24006294        -       0x00000004   Zero   RW         2420    .bss.xIdleTaskHandle  tasks.o
    0x24006298        -       0x00000004   Zero   RW         2704    .bss.xMinimumEverFreeBytesRemaining  heap_4.o
    0x2400629c        -       0x00000004   Zero   RW         2421    .bss.xNextTaskUnblockTime  tasks.o
    0x240062a0        -       0x00000004   Zero   RW         2424    .bss.xNumOfOverflows  tasks.o
    0x240062a4        -       0x00000004   Zero   RW         2705    .bss.xNumberOfSuccessfulAllocations  heap_4.o
    0x240062a8        -       0x00000004   Zero   RW         2706    .bss.xNumberOfSuccessfulFrees  heap_4.o
    0x240062ac        -       0x00000004   Zero   RW         2423    .bss.xPendedTicks   tasks.o
    0x240062b0        -       0x00000014   Zero   RW         2418    .bss.xPendingReadyList  tasks.o
    0x240062c4        -       0x00000040   Zero   RW         2216    .bss.xQueueRegistry  queue.o
    0x24006304        -       0x00000004   Zero   RW         2410    .bss.xSchedulerRunning  tasks.o
    0x24006308        -       0x00000008   Zero   RW         2703    .bss.xStart         heap_4.o
    0x24006310        -       0x00000014   Zero   RW         2415    .bss.xSuspendedTaskList  tasks.o
    0x24006324        -       0x00000014   Zero   RW         2407    .bss.xTasksWaitingTermination  tasks.o
    0x24006338        -       0x00000004   Zero   RW         2412    .bss.xTickCount     tasks.o
    0x2400633c        -       0x00000004   Zero   RW         2488    .bss.xTimerQueue    timers.o
    0x24006340        -       0x00000004   Zero   RW         2490    .bss.xTimerTaskHandle  timers.o
    0x24006344        -       0x00000004   Zero   RW         2422    .bss.xYieldPending  tasks.o
    0x24006348        -       0x00000800   Zero   RW            1    STACK               startup_stm32h723xx.o


==============================================================================

Image component sizes


      Code (inc. data)   RO Data    RW Data    ZI Data      Debug   Object Name

       372          0          0          0         36       5695   board_comm.o
       742          4          0          0         61       3650   bsp_dwt.o
      1726          0          0         12          0      19981   bsp_fdcan.o
       830          0          0          0         21       5879   bsp_uart.o
      3606         96         84          0       2752      36746   chassis.o
       746          0          0          0       1724      36586   cmsis_os2.o
       126          0          0          0         36       3618   crc.o
      1372         24          0          0          0      22902   dm_8009p.o
       216          0          0          0          0       5290   dma.o
       982          0          0          0        484      11919   fdcan.o
       642          0        284          0         56       4336   freertos.o
       352          0          0          0          0       3080   gpio.o
      1084          0          0          0      15392       4470   heap_4.o
       900         16         48          0        136      16656   ins.o
      3256          0          0          0          4      20326   kalman_filter.o
       296          0          0          0          0       2236   list.o
      2888          0       1920          0          0       7721   lqr.o
       812         24          0         16        264       3463   m3508.o
       506         32          0         16        288       3272   m6020_motor.o
       362          0          0          0          0       8839   main.o
      1164          4          0          0        311       3099   n100.o
      1226         12          0          0          8      17849   pid.o
      1128         16          0          4          5       3852   port.o
      2604          0          0          0         64      17292   queue.o
         0          0          0          0         52       1707   saber_c3.o
       280          0          0          0        136       8081   spi.o
        64         26        716          0     133120        864   startup_stm32h723xx.o
       190          0          0          5          4      14616   stm32h7xx_hal.o
       380          0          0          0          0      11485   stm32h7xx_hal_cortex.o
       204          0          0          0          0       4020   stm32h7xx_hal_crc.o
       234         26          0          0          0       2424   stm32h7xx_hal_crc_ex.o
     15542          8          8          0          0      12465   stm32h7xx_hal_dma.o
      5204          0         92          0          0      33355   stm32h7xx_hal_fdcan.o
       982          0          0          0          0       7024   stm32h7xx_hal_gpio.o
        54          0          0          0          0       7304   stm32h7xx_hal_i2c_ex.o
        50          0          0          0          0       5273   stm32h7xx_hal_msp.o
       162          0          0          0          0       9317   stm32h7xx_hal_pwr_ex.o
      4850         66          0          0          0      11451   stm32h7xx_hal_rcc.o
      6398         96          0          0          0      18740   stm32h7xx_hal_rcc_ex.o
      2078          0          0          0          0      20742   stm32h7xx_hal_spi.o
      3846         22          0          0          0      37400   stm32h7xx_hal_tim.o
       404          0          0          0          0      18064   stm32h7xx_hal_tim_ex.o
       216          0          0          0         76       9607   stm32h7xx_hal_timebase_tim.o
      7038        342         24          0          0      29324   stm32h7xx_hal_uart.o
       946          0         16          0          0       8871   stm32h7xx_hal_uart_ex.o
       278          0          0          0          0       2332   stm32h7xx_it.o
       314          0         16          8          0       5257   system_stm32h7xx.o
       292         16          0          0          0      17612   task_manager.o
      3918          0          5          0       1280      24103   tasks.o
       318          0          0          0         76       7161   tim.o
      1692         10         13          0        300      11597   timers.o
       434          0          0          0          0       2743   tpid.o
      2116          0          0          0       1552      13129   usart.o
        84          0          0          0          0       7274   user_lib.o
      1634         52          0          0          0      17042   vmc.o
        76          0          0          0        124       1421   vofa.o
       226          0          0          0          0       1212   ws2812.o

    ----------------------------------------------------------------------
     89476        944       3276         64     158376     651774   Object Totals
         0          0         48          0          0          0   (incl. Generated)
      1034         52          2          3         14          0   (incl. Padding)

    ----------------------------------------------------------------------

      Code (inc. data)   RO Data    RW Data    ZI Data      Debug   Library Member Name

         0          0       2052          0          0       4961   arm_common_tables.o
       144         12          0          0          0       1111   arm_cos_f32.o
       190          0          0          0          0       1836   arm_mat_add_f32.o
         8          0          0          0          0        841   arm_mat_init_f32.o
       716          4          0          0          0       3547   arm_mat_inverse_f32.o
       304          4          0          0          0       2362   arm_mat_mult_f32.o
       190          0          0          0          0       1834   arm_mat_sub_f32.o
       180          0          0          0          0       1862   arm_mat_trans_f32.o
       140         12          0          0          0       1098   arm_sin_f32.o
         8          0          0          0          0         68   __main.o
         0          0          0          0          0          0   __rtentry.o
        12          0          0          0          0          0   __rtentry2.o
         6          0          0          0          0          0   __rtentry4.o
        52          8          0          0          0          0   __scatter.o
        26          0          0          0          0          0   __scatter_copy.o
        28          0          0          0          0          0   __scatter_zi.o
        22          0          0          0          0        100   _rserrno.o
        16          0          0          0          0         68   aeabi_memset4.o
        10          0          0          0          0         68   defsig_exit.o
        50          0          0          0          0         88   defsig_general.o
        80         58          0          0          0         76   defsig_rtmem_inner.o
        14          0          0          0          0         80   defsig_rtmem_outer.o
        18          0          0          0          0         80   exit.o
        94          0          0          0          0         80   h1_alloc.o
        52          0          0          0          0         68   h1_extend.o
        78          0          0          0          0         80   h1_free.o
        14          0          0          0          0         84   h1_init.o
         6          0          0          0          0        152   heapauxi.o
         4          0          0          0          0        136   hguard.o
         0          0          0          0          0          0   indicate_semi.o
        36          8          0          0          0         80   init_aeabi.o
       138          0          0          0          0        168   init_alloc.o
         2          0          0          0          0          0   libinit.o
        18          0          0          0          0          0   libinit2.o
         2          0          0          0          0          0   libshutdown.o
         2          0          0          0          0          0   libshutdown2.o
         8          4          0          0         96         68   libspace.o
       240          0          0          0          0        100   lludivv7m.o
         0          0          0          0          0          0   maybetermalloc1.o
         8          4          0          0          0         68   rt_errno_addr_intlibspace.o
         8          4          0          0          0         68   rt_heap_descriptor_intlibspace.o
        68          0          0          0          0         68   rt_memclr.o
        78          0          0          0          0         80   rt_memclr_w.o
       138          0          0          0          0         68   rt_memcpy_v6.o
       100          0          0          0          0         80   rt_memcpy_w.o
         2          0          0          0          0          0   rtexit.o
        10          0          0          0          0          0   rtexit2.o
        12          4          0          0          0         68   sys_exit.o
        74          0          0          0          0         80   sys_stackheap_outer.o
        14          0          0          0          0         76   sys_wrch.o
         2          0          0          0          0         68   use_no_semi.o
        16          4          0          0          0        116   dcheck1.o
        26          0          0          0          0        116   fpinit.o
       100          0          0          0          0        116   retnan.o
        92          0          0          0          0        116   scalbn.o
        48          0          0          0          0        116   trapv.o
         0          0          0          0          0          0   usenofp.o
       684         90          0          0          0        208   atan2f.o
       102         52          0          0          0        580   dunder.o
        24          0          0          0          0        124   fabs.o
        48          0          0          0          0        124   fpclassify.o
        38          0          0          0          0        116   fpclassifyf.o
        74         24          0          0          0        580   funder.o
       112          0          0          0          0        116   poly.o
      2244        252        136          0          0        320   pow.o
      1636        110        320          0          0        372   powf.o
         0          0          8          0          0          0   qnan.o
       106          0          0          0          0        140   sqrt.o
        58          0          0          0          0        136   sqrtf.o

    ----------------------------------------------------------------------
      8864        658       2516          0         96      25216   Library Totals
        34          4          0          0          0          0   (incl. Padding)

    ----------------------------------------------------------------------

      Code (inc. data)   RO Data    RW Data    ZI Data      Debug   Library Name

      1872         32       2052          0          0      19452   arm_cortexM7lfdp_math.lib
      1550         90          0          0         96       2368   c_w.l
       282          4          0          0          0        580   fz_wv.l
      5126        528        464          0          0       2816   m_wv.l

    ----------------------------------------------------------------------
      8864        658       2516          0         96      25216   Library Totals

    ----------------------------------------------------------------------

==============================================================================


      Code (inc. data)   RO Data    RW Data    ZI Data      Debug   

     98340       1602       5792         64     158472     672298   Grand Totals
     98340       1602       5792         64     158472     672298   ELF Image Totals
     98340       1602       5792         64          0          0   ROM Totals

==============================================================================

    Total RO  Size (Code + RO Data)               104132 ( 101.69kB)
    Total RW  Size (RW Data + ZI Data)            158536 ( 154.82kB)
    Total ROM Size (Code + RO Data + RW Data)     104196 ( 101.75kB)

==============================================================================

