Component: ARM Compiler 6.16 Tool: armlink [5dfeaa00]

==============================================================================

Section Cross References

    startup_stm32h723xx.o(STACK) refers (Special) to heapauxi.o(.text) for __use_two_region_memory
    startup_stm32h723xx.o(HEAP) refers (Special) to heapauxi.o(.text) for __use_two_region_memory
    startup_stm32h723xx.o(RESET) refers (Special) to heapauxi.o(.text) for __use_two_region_memory
    startup_stm32h723xx.o(RESET) refers to startup_stm32h723xx.o(STACK) for __initial_sp
    startup_stm32h723xx.o(RESET) refers to startup_stm32h723xx.o(.text) for Reset_Handler
    startup_stm32h723xx.o(RESET) refers to stm32h7xx_it.o(.text.NMI_Handler) for NMI_Handler
    startup_stm32h723xx.o(RESET) refers to stm32h7xx_it.o(.text.HardFault_Handler) for HardFault_Handler
    startup_stm32h723xx.o(RESET) refers to stm32h7xx_it.o(.text.MemManage_Handler) for MemManage_Handler
    startup_stm32h723xx.o(RESET) refers to stm32h7xx_it.o(.text.BusFault_Handler) for BusFault_Handler
    startup_stm32h723xx.o(RESET) refers to stm32h7xx_it.o(.text.UsageFault_Handler) for UsageFault_Handler
    startup_stm32h723xx.o(RESET) refers to port.o(.text.SVC_Handler) for SVC_Handler
    startup_stm32h723xx.o(RESET) refers to stm32h7xx_it.o(.text.DebugMon_Handler) for DebugMon_Handler
    startup_stm32h723xx.o(RESET) refers to port.o(.text.PendSV_Handler) for PendSV_Handler
    startup_stm32h723xx.o(RESET) refers to cmsis_os2.o(.text.SysTick_Handler) for SysTick_Handler
    startup_stm32h723xx.o(RESET) refers to stm32h7xx_it.o(.text.DMA1_Stream1_IRQHandler) for DMA1_Stream1_IRQHandler
    startup_stm32h723xx.o(RESET) refers to stm32h7xx_it.o(.text.DMA1_Stream2_IRQHandler) for DMA1_Stream2_IRQHandler
    startup_stm32h723xx.o(RESET) refers to stm32h7xx_it.o(.text.DMA1_Stream3_IRQHandler) for DMA1_Stream3_IRQHandler
    startup_stm32h723xx.o(RESET) refers to stm32h7xx_it.o(.text.DMA1_Stream4_IRQHandler) for DMA1_Stream4_IRQHandler
    startup_stm32h723xx.o(RESET) refers to stm32h7xx_it.o(.text.FDCAN1_IT0_IRQHandler) for FDCAN1_IT0_IRQHandler
    startup_stm32h723xx.o(RESET) refers to stm32h7xx_it.o(.text.FDCAN2_IT0_IRQHandler) for FDCAN2_IT0_IRQHandler
    startup_stm32h723xx.o(RESET) refers to stm32h7xx_it.o(.text.TIM2_IRQHandler) for TIM2_IRQHandler
    startup_stm32h723xx.o(RESET) refers to stm32h7xx_it.o(.text.USART2_IRQHandler) for USART2_IRQHandler
    startup_stm32h723xx.o(RESET) refers to stm32h7xx_it.o(.text.USART3_IRQHandler) for USART3_IRQHandler
    startup_stm32h723xx.o(RESET) refers to stm32h7xx_it.o(.text.DMA2_Stream1_IRQHandler) for DMA2_Stream1_IRQHandler
    startup_stm32h723xx.o(RESET) refers to stm32h7xx_it.o(.text.DMA2_Stream2_IRQHandler) for DMA2_Stream2_IRQHandler
    startup_stm32h723xx.o(RESET) refers to stm32h7xx_it.o(.text.UART7_IRQHandler) for UART7_IRQHandler
    startup_stm32h723xx.o(RESET) refers to stm32h7xx_it.o(.text.FDCAN3_IT0_IRQHandler) for FDCAN3_IT0_IRQHandler
    startup_stm32h723xx.o(.text) refers (Special) to heapauxi.o(.text) for __use_two_region_memory
    startup_stm32h723xx.o(.text) refers to system_stm32h7xx.o(.text.SystemInit) for SystemInit
    startup_stm32h723xx.o(.text) refers to __main.o(!!!main) for __main
    startup_stm32h723xx.o(.text) refers to startup_stm32h723xx.o(HEAP) for Heap_Mem
    startup_stm32h723xx.o(.text) refers to startup_stm32h723xx.o(STACK) for Stack_Mem
    main.o(.text.main) refers to stm32h7xx_hal.o(.text.HAL_Init) for HAL_Init
    main.o(.text.main) refers to main.o(.text.SystemClock_Config) for SystemClock_Config
    main.o(.text.main) refers to stm32h7xx_hal_cortex.o(.text.HAL_NVIC_SetPriority) for HAL_NVIC_SetPriority
    main.o(.text.main) refers to gpio.o(.text.MX_GPIO_Init) for MX_GPIO_Init
    main.o(.text.main) refers to dma.o(.text.MX_DMA_Init) for MX_DMA_Init
    main.o(.text.main) refers to spi.o(.text.MX_SPI6_Init) for MX_SPI6_Init
    main.o(.text.main) refers to fdcan.o(.text.MX_FDCAN1_Init) for MX_FDCAN1_Init
    main.o(.text.main) refers to fdcan.o(.text.MX_FDCAN2_Init) for MX_FDCAN2_Init
    main.o(.text.main) refers to usart.o(.text.MX_USART2_UART_Init) for MX_USART2_UART_Init
    main.o(.text.main) refers to usart.o(.text.MX_USART3_UART_Init) for MX_USART3_UART_Init
    main.o(.text.main) refers to crc.o(.text.MX_CRC_Init) for MX_CRC_Init
    main.o(.text.main) refers to usart.o(.text.MX_UART7_Init) for MX_UART7_Init
    main.o(.text.main) refers to tim.o(.text.MX_TIM3_Init) for MX_TIM3_Init
    main.o(.text.main) refers to fdcan.o(.text.MX_FDCAN3_Init) for MX_FDCAN3_Init
    main.o(.text.main) refers to bsp_dwt.o(.text.DWT_Init) for DWT_Init
    main.o(.text.main) refers to bsp_fdcan.o(.data.Can_Fun) for Can_Fun
    main.o(.text.main) refers to task_manager.o(.text.motor_init) for motor_init
    main.o(.text.main) refers to cmsis_os2.o(.text.osKernelInitialize) for osKernelInitialize
    main.o(.text.main) refers to freertos.o(.text.MX_FREERTOS_Init) for MX_FREERTOS_Init
[...]



==============================================================================

Memory Map of the image

  Image Entry point : 0x080002cd

  Load Region LR_IROM1 (Base: 0x08000000, Size: 0x00019298, Max: 0x00100000, ABSOLUTE)

    Execution Region ER_IROM1 (Exec base: 0x08000000, Load base: 0x08000000, Size: 0x0001924c, Max: 0x00100000, ABSOLUTE)

    Exec Addr    Load Addr    Size         Type   Attr      Idx    E Section Name        Object

    0x08000000   0x08000000   0x000002cc   Data   RO            3    RESET               startup_stm32h723xx.o
    0x080002cc   0x080002cc   0x00000008   Code   RO         3487  * !!!main             c_w.l(__main.o)
    0x080002d4   0x080002d4   0x00000034   Code   RO         3784    !!!scatter          c_w.l(__scatter.o)
    0x08000308   0x08000308   0x0000001a   Code   RO         3786    !!handler_copy      c_w.l(__scatter_copy.o)
    0x08000322   0x08000322   0x00000002   PAD
    0x08000324   0x08000324   0x0000001c   Code   RO         3788    !!handler_zi        c_w.l(__scatter_zi.o)
    0x08000340   0x08000340   0x00000002   Code   RO         3719    .ARM.Collect$$libinit$$00000000  c_w.l(libinit.o)
    0x08000342   0x08000342   0x00000004   Code   RO         3572    .ARM.Collect$$libinit$$00000001  c_w.l(libinit2.o)
    0x08000346   0x08000346   0x00000000   Code   RO         3575    .ARM.Collect$$libinit$$00000004  c_w.l(libinit2.o)
    0x08000346   0x08000346   0x00000008   Code   RO         3576    .ARM.Collect$$libinit$$00000005  c_w.l(libinit2.o)
    0x0800034e   0x0800034e   0x00000000   Code   RO         3578    .ARM.Collect$$libinit$$0000000A  c_w.l(libinit2.o)
    0x0800034e   0x0800034e   0x00000000   Code   RO         3580    .ARM.Collect$$libinit$$0000000C  c_w.l(libinit2.o)
    0x0800034e   0x0800034e   0x00000000   Code   RO         3582    .ARM.Collect$$libinit$$0000000E  c_w.l(libinit2.o)
    0x0800034e   0x0800034e   0x00000000   Code   RO         3585    .ARM.Collect$$libinit$$00000011  c_w.l(libinit2.o)
    0x0800034e   0x0800034e   0x00000000   Code   RO         3587    .ARM.Collect$$libinit$$00000013  c_w.l(libinit2.o)
    0x0800034e   0x0800034e   0x00000000   Code   RO         3589    .ARM.Collect$$libinit$$00000015  c_w.l(libinit2.o)
    0x0800034e   0x0800034e   0x00000000   Code   RO         3591    .ARM.Collect$$libinit$$00000017  c_w.l(libinit2.o)
    0x0800034e   0x0800034e   0x00000000   Code   RO         3593    .ARM.Collect$$libinit$$00000019  c_w.l(libinit2.o)
    0x0800034e   0x0800034e   0x00000000   Code   RO         3595    .ARM.Collect$$libinit$$0000001B  c_w.l(libinit2.o)
    0x0800034e   0x0800034e   0x00000000   Code   RO         3597    .ARM.Collect$$libinit$$0000001D  c_w.l(libinit2.o)
    0x0800034e   0x0800034e   0x00000000   Code   RO         3599    .ARM.Collect$$libinit$$0000001F  c_w.l(libinit2.o)
    0x0800034e   0x0800034e   0x00000000   Code   RO         3601    .ARM.Collect$$libinit$$00000021  c_w.l(libinit2.o)
    0x0800034e   0x0800034e   0x00000000   Code   RO         3603    .ARM.Collect$$libinit$$00000023  c_w.l(libinit2.o)
    0x0800034e   0x0800034e   0x00000000   Code   RO         3605    .ARM.Collect$$libinit$$00000025  c_w.l(libinit2.o)
    0x0800034e   0x0800034e   0x00000000   Code   RO         3609    .ARM.Collect$$libinit$$0000002C  c_w.l(libinit2.o)
    0x0800034e   0x0800034e   0x00000000   Code   RO         3611    .ARM.Collect$$libinit$$0000002E  c_w.l(libinit2.o)
    0x0800034e   0x0800034e   0x00000000   Code   RO         3613    .ARM.Collect$$libinit$$00000030  c_w.l(libinit2.o)
    0x0800034e   0x0800034e   0x00000004   Code   RO         3614    .ARM.Collect$$libinit$$00000031  c_w.l(libinit2.o)
    0x08000352   0x08000352   0x00000000   Code   RO         3615    .ARM.Collect$$libinit$$00000032  c_w.l(libinit2.o)
    0x08000352   0x08000352   0x00000002   Code   RO         3616    .ARM.Collect$$libinit$$00000033  c_w.l(libinit2.o)
    0x08000354   0x08000354   0x00000002   Code   RO         3781    .ARM.Collect$$libshutdown$$00000000  c_w.l(libshutdown.o)
    0x08000356   0x08000356   0x00000000   Code   RO         3737    .ARM.Collect$$libshutdown$$00000002  c_w.l(libshutdown2.o)
    0x08000356   0x08000356   0x00000000   Code   RO         3739    .ARM.Collect$$libshutdown$$00000004  c_w.l(libshutdown2.o)
    0x08000356   0x08000356   0x00000000   Code   RO         3742    .ARM.Collect$$libshutdown$$00000007  c_w.l(libshutdown2.o)
    0x08000356   0x08000356   0x00000000   Code   RO         3745    .ARM.Collect$$libshutdown$$0000000A  c_w.l(libshutdown2.o)
    0x08000356   0x08000356   0x00000000   Code   RO         3747    .ARM.Collect$$libshutdown$$0000000C  c_w.l(libshutdown2.o)
    0x08000356   0x08000356   0x00000000   Code   RO         3750    .ARM.Collect$$libshutdown$$0000000F  c_w.l(libshutdown2.o)
    0x08000356   0x08000356   0x00000002   Code   RO         3751    .ARM.Collect$$libshutdown$$00000010  c_w.l(libshutdown2.o)
    0x08000358   0x08000358   0x00000000   Code   RO         3534    .ARM.Collect$$rtentry$$00000000  c_w.l(__rtentry.o)
    0x08000358   0x08000358   0x00000000   Code   RO         3651    .ARM.Collect$$rtentry$$00000002  c_w.l(__rtentry2.o)
    0x08000358   0x08000358   0x00000006   Code   RO         3663    .ARM.Collect$$rtentry$$00000004  c_w.l(__rtentry4.o)
    0x0800035e   0x0800035e   0x00000000   Code   RO         3653    .ARM.Collect$$rtentry$$00000009  c_w.l(__rtentry2.o)
    0x0800035e   0x0800035e   0x00000004   Code   RO         3654    .ARM.Collect$$rtentry$$0000000A  c_w.l(__rtentry2.o)
    0x08000362   0x08000362   0x00000000   Code   RO         3656    .ARM.Collect$$rtentry$$0000000C  c_w.l(__rtentry2.o)
    0x08000362   0x08000362   0x00000008   Code   RO         3657    .ARM.Collect$$rtentry$$0000000D  c_w.l(__rtentry2.o)
    0x0800036a   0x0800036a   0x00000002   Code   RO         3724    .ARM.Collect$$rtexit$$00000000  c_w.l(rtexit.o)
    0x0800036c   0x0800036c   0x00000000   Code   RO         3757    .ARM.Collect$$rtexit$$00000002  c_w.l(rtexit2.o)
    0x0800036c   0x0800036c   0x00000004   Code   RO         3758    .ARM.Collect$$rtexit$$00000003  c_w.l(rtexit2.o)
    0x08000370   0x08000370   0x00000006   Code   RO         3759    .ARM.Collect$$rtexit$$00000004  c_w.l(rtexit2.o)
    0x08000376   0x08000376   0x00000002   PAD
    0x08000378   0x08000378   0x00000040   Code   RO            4    .text               startup_stm32h723xx.o
    0x080003b8   0x080003b8   0x0000005e   Code   RO         3417    .text               c_w.l(h1_alloc.o)
    0x08000416   0x08000416   0x000000f0   Code   RO         3471    .text               c_w.l(lludivv7m.o)
    0x08000506   0x08000506   0x0000008a   Code   RO         3473    .text               c_w.l(rt_memcpy_v6.o)
    0x08000590   0x08000590   0x00000064   Code   RO         3475    .text               c_w.l(rt_memcpy_w.o)
    0x080005f4   0x080005f4   0x00000010   Code   RO         3479    .text               c_w.l(aeabi_memset4.o)
    0x08000604   0x08000604   0x00000044   Code   RO         3481    .text               c_w.l(rt_memclr.o)
    0x08000648   0x08000648   0x0000004e   Code   RO         3483    .text               c_w.l(rt_memclr_w.o)
    0x08000696   0x08000696   0x00000006   Code   RO         3485    .text               c_w.l(heapauxi.o)
    0x0800069c   0x0800069c   0x00000024   Code   RO         3492    .text               c_w.l(init_aeabi.o)
    0x080006c0   0x080006c0   0x00000008   Code   RO         3542    .text               c_w.l(rt_heap_descriptor_intlibspace.o)
    0x080006c8   0x080006c8   0x00000004   Code   RO         3544    .text               c_w.l(hguard.o)
    0x080006cc   0x080006cc   0x0000008a   Code   RO         3546    .text               c_w.l(init_alloc.o)
    0x08000756   0x08000756   0x0000000e   Code   RO         3552    .text               c_w.l(h1_init.o)
    0x08000764   0x08000764   0x0000004e   Code   RO         3554    .text               c_w.l(h1_free.o)
    0x080007b2   0x080007b2   0x00000016   Code   RO         3568    .text               c_w.l(_rserrno.o)
    0x080007c8   0x080007c8   0x00000008   Code   RO         3647    .text               c_w.l(libspace.o)
    0x080007d0   0x080007d0   0x00000008   Code   RO         3670    .text               c_w.l(rt_errno_addr_intlibspace.o)
    0x080007d8   0x080007d8   0x00000000   Code   RO         3674    .text               c_w.l(maybetermalloc1.o)
    0x080007d8   0x080007d8   0x00000034   Code   RO         3676    .text               c_w.l(h1_extend.o)
    0x0800080c   0x0800080c   0x0000000e   Code   RO         3680    .text               c_w.l(defsig_rtmem_outer.o)
    0x0800081a   0x0800081a   0x00000002   Code   RO         3691    .text               c_w.l(use_no_semi.o)
    0x0800081c   0x0800081c   0x00000000   Code   RO         3693    .text               c_w.l(indicate_semi.o)
    0x0800081c   0x0800081c   0x0000004a   Code   RO         3694    .text               c_w.l(sys_stackheap_outer.o)
    0x08000866   0x08000866   0x00000012   Code   RO         3700    .text               c_w.l(exit.o)
    0x08000878   0x08000878   0x0000000a   Code   RO         3702    .text               c_w.l(defsig_exit.o)
    0x08000882   0x08000882   0x00000002   PAD
    0x08000884   0x08000884   0x00000050   Code   RO         3708    .text               c_w.l(defsig_rtmem_inner.o)
    0x080008d4   0x080008d4   0x0000000c   Code   RO         3720    .text               c_w.l(sys_exit.o)
    0x080008e0   0x080008e0   0x00000032   Code   RO         3732    .text               c_w.l(defsig_general.o)
    0x08000912   0x08000912   0x0000000e   Code   RO         3752    .text               c_w.l(sys_wrch.o)
    0x08000920   0x08000920   0x0000004c   Code   RO         2901    .text.BoardCommInit  board_comm.o
    0x0800096c   0x0800096c   0x00000004   PAD
    0x08000970   0x08000970   0x000000d2   Code   RO         2905    .text.BoardCommReceive  board_comm.o
    0x08000a42   0x08000a42   0x00000006   PAD
    0x08000a48   0x08000a48   0x00000056   Code   RO         2903    .text.BoardCommSend  board_comm.o
    0x08000a9e   0x08000a9e   0x00000002   PAD
    0x08000aa0   0x08000aa0   0x00000004   Code   RO          178    .text.BusFault_Handler  stm32h7xx_it.o
    0x08000aa4   0x08000aa4   0x00000004   PAD
    0x08000aa8   0x08000aa8   0x00000010   Code   RO         2859    .text.ChassisCalcTask  task_manager.o
    0x08000ab8   0x08000ab8   0x00000010   Code   RO          184    .text.DMA1_Stream1_IRQHandler  stm32h7xx_it.o
    0x08000ac8   0x08000ac8   0x00000010   Code   RO          186    .text.DMA1_Stream2_IRQHandler  stm32h7xx_it.o
    0x08000ad8   0x08000ad8   0x00000010   Code   RO          188    .text.DMA1_Stream3_IRQHandler  stm32h7xx_it.o
    0x08000ae8   0x08000ae8   0x00000010   Code   RO          190    .text.DMA1_Stream4_IRQHandler  stm32h7xx_it.o
    0x08000af8   0x08000af8   0x00000010   Code   RO          202    .text.DMA2_Stream1_IRQHandler  stm32h7xx_it.o
    0x08000b08   0x08000b08   0x00000010   Code   RO          204    .text.DMA2_Stream2_IRQHandler  stm32h7xx_it.o
    0x08000b18   0x08000b18   0x000001ca   Code   RO          963    .text.DMA_CalcBaseAndBitshift  stm32h7xx_hal_dma.o
    0x08000ce2   0x08000ce2   0x00000006   PAD
    0x08000ce8   0x08000ce8   0x00000178   Code   RO          965    .text.DMA_CalcDMAMUXChannelBaseAndMask  stm32h7xx_hal_dma.o
    0x08000e60   0x08000e60   0x0000012a   Code   RO          967    .text.DMA_CalcDMAMUXRequestGenBaseAndMask  stm32h7xx_hal_dma.o
    0x08000f8a   0x08000f8a   0x00000006   PAD
    0x08000f90   0x08000f90   0x000000f0   Code   RO          961    .text.DMA_CheckFifoParam  stm32h7xx_hal_dma.o
    0x08001080   0x08001080   0x00000514   Code   RO          973    .text.DMA_SetConfig  stm32h7xx_hal_dma.o
    0x08001594   0x08001594   0x00000004   PAD
    0x08001598   0x08001598   0x00000098   Code   RO         2853    .text.DM_MotorTask  task_manager.o
    0x08001630   0x08001630   0x00000070   Code   RO         3182    .text.DWT_CNT_Update  bsp_dwt.o
    0x080016a0   0x080016a0   0x00000058   Code   RO         3196    .text.DWT_Delay     bsp_dwt.o
    0x080016f8   0x080016f8   0x0000004c   Code   RO         3184    .text.DWT_GetDeltaT  bsp_dwt.o
    0x08001744   0x08001744   0x00000004   PAD
    0x08001748   0x08001748   0x00000048   Code   RO         3192    .text.DWT_GetTimeline_ms  bsp_dwt.o
    0x08001790   0x08001790   0x0000008e   Code   RO         3180    .text.DWT_Init      bsp_dwt.o
    0x0800181e   0x0800181e   0x00000002   PAD
    0x08001820   0x08001820   0x000000fc   Code   RO         3188    .text.DWT_SysTimeUpdate  bsp_dwt.o
    0x0800191c   0x0800191c   0x00000004   PAD
    0x08001920   0x08001920   0x00000002   Code   RO          182    .text.DebugMon_Handler  stm32h7xx_it.o
    0x08001922   0x08001922   0x00000006   PAD
    0x08001928   0x08001928   0x0000000e   Code   RO           15    .text.Error_Handler  main.o
    0x08001936   0x08001936   0x00000002   PAD
    0x08001938   0x08001938   0x00000010   Code   RO          192    .text.FDCAN1_IT0_IRQHandler  stm32h7xx_it.o
    0x08001948   0x08001948   0x00000010   Code   RO          194    .text.FDCAN2_IT0_IRQHandler  stm32h7xx_it.o
    0x08001958   0x08001958   0x00000010   Code   RO          208    .text.FDCAN3_IT0_IRQHandler  stm32h7xx_it.o
    0x08001968   0x08001968   0x000002c2   Code   RO         1534    .text.FDCAN_CalcultateRamBlockAddresses  stm32h7xx_hal_fdcan.o
    0x08001c2a   0x08001c2a   0x00000006   PAD
    0x08001c30   0x08001c30   0x000000b8   Code   RO         1604    .text.FDCAN_CopyMessageToRAM  stm32h7xx_hal_fdcan.o
    0x08001ce8   0x08001ce8   0x000000ea   Code   RO          693    .text.HAL_CRCEx_Polynomial_Set  stm32h7xx_hal_crc_ex.o
    0x08001dd2   0x08001dd2   0x00000006   PAD
    0x08001dd8   0x08001dd8   0x000000cc   Code   RO          668    .text.HAL_CRC_Init  stm32h7xx_hal_crc.o
    0x08001ea4   0x08001ea4   0x00000004   PAD
    0x08001ea8   0x08001ea8   0x0000003a   Code   RO           75    .text.HAL_CRC_MspInit  crc.o
    0x08001ee2   0x08001ee2   0x00000006   PAD
    0x08001ee8   0x08001ee8   0x00000978   Code   RO          977    .text.HAL_DMA_Abort  stm32h7xx_hal_dma.o
    0x08002860   0x08002860   0x000006aa   Code   RO          979    .text.HAL_DMA_Abort_IT  stm32h7xx_hal_dma.o
    0x08002f0a   0x08002f0a   0x00000006   PAD
    0x08002f10   0x08002f10   0x000011c0   Code   RO          983    .text.HAL_DMA_IRQHandler  stm32h7xx_hal_dma.o
    0x080040d0   0x080040d0   0x00000962   Code   RO          959    .text.HAL_DMA_Init  stm32h7xx_hal_dma.o
    0x08004a32   0x08004a32   0x00000006   PAD
    0x08004a38   0x08004a38   0x00000702   Code   RO          975    .text.HAL_DMA_Start_IT  stm32h7xx_hal_dma.o
    0x0800513a   0x0800513a   0x00000006   PAD
    0x08005140   0x08005140   0x000000fe   Code   RO         1682    .text.HAL_FDCAN_ActivateNotification  stm32h7xx_hal_fdcan.o
    0x0800523e   0x0800523e   0x00000002   PAD
    0x08005240   0x08005240   0x000000ca   Code   RO         1602    .text.HAL_FDCAN_AddMessageToTxFifoQ  stm32h7xx_hal_fdcan.o
    0x0800530a   0x0800530a   0x00000006   PAD
    0x08005310   0x08005310   0x0000000a   Code   RO         1696    .text.HAL_FDCAN_ClockCalibrationCallback  stm32h7xx_hal_fdcan.o
    0x0800531a   0x0800531a   0x00000006   PAD
    0x08005320   0x08005320   0x00000116   Code   RO         1554    .text.HAL_FDCAN_ConfigFilter  stm32h7xx_hal_fdcan.o
    0x08005436   0x08005436   0x00000002   PAD
    0x08005438   0x08005438   0x0000005c   Code   RO         1556    .text.HAL_FDCAN_ConfigGlobalFilter  stm32h7xx_hal_fdcan.o
    0x08005494   0x08005494   0x00000004   PAD
    0x08005498   0x08005498   0x00000008   Code   RO         1724    .text.HAL_FDCAN_ErrorCallback  stm32h7xx_hal_fdcan.o
    0x080054a0   0x080054a0   0x0000000a   Code   RO         1714    .text.HAL_FDCAN_ErrorStatusCallback  stm32h7xx_hal_fdcan.o
    0x080054aa   0x080054aa   0x00000006   PAD
    0x080054b0   0x080054b0   0x000002f8   Code   RO         1614    .text.HAL_FDCAN_GetRxMessage  stm32h7xx_hal_fdcan.o
    0x080057a8   0x080057a8   0x00000008   Code   RO         1692    .text.HAL_FDCAN_HighPriorityMessageCallback  stm32h7xx_hal_fdcan.o
    0x080057b0   0x080057b0   0x000005e2   Code   RO         1690    .text.HAL_FDCAN_IRQHandler  stm32h7xx_hal_fdcan.o
    0x08005d92   0x08005d92   0x00000006   PAD
    0x08005d98   0x08005d98   0x000003e0   Code   RO         1530    .text.HAL_FDCAN_Init  stm32h7xx_hal_fdcan.o
    0x08006178   0x08006178   0x00000260   Code   RO          101    .text.HAL_FDCAN_MspInit  fdcan.o
    0x080063d8   0x080063d8   0x00000008   Code   RO         1708    .text.HAL_FDCAN_RxBufferNewMessageCallback  stm32h7xx_hal_fdcan.o
    0x080063e0   0x080063e0   0x0000005a   Code   RO         3224    .text.HAL_FDCAN_RxFifo0Callback  bsp_fdcan.o
    0x0800643a   0x0800643a   0x00000006   PAD
    0x08006440   0x08006440   0x0000000a   Code   RO         1702    .text.HAL_FDCAN_RxFifo1Callback  stm32h7xx_hal_fdcan.o
    0x0800644a   0x0800644a   0x00000006   PAD
    0x08006450   0x08006450   0x00000050   Code   RO         1600    .text.HAL_FDCAN_Start  stm32h7xx_hal_fdcan.o
    0x080064a0   0x080064a0   0x0000000a   Code   RO         1722    .text.HAL_FDCAN_TT_GlobalTimeCallback  stm32h7xx_hal_fdcan.o
    0x080064aa   0x080064aa   0x00000006   PAD
    0x080064b0   0x080064b0   0x0000000a   Code   RO         1716    .text.HAL_FDCAN_TT_ScheduleSyncCallback  stm32h7xx_hal_fdcan.o
    0x080064ba   0x080064ba   0x00000006   PAD
    0x080064c0   0x080064c0   0x0000000c   Code   RO         1720    .text.HAL_FDCAN_TT_StopWatchCallback  stm32h7xx_hal_fdcan.o
    0x080064cc   0x080064cc   0x00000004   PAD
    0x080064d0   0x080064d0   0x0000000a   Code   RO         1718    .text.HAL_FDCAN_TT_TimeMarkCallback  stm32h7xx_hal_fdcan.o
    0x080064da   0x080064da   0x00000006   PAD
    0x080064e0   0x080064e0   0x00000008   Code   RO         1712    .text.HAL_FDCAN_TimeoutOccurredCallback  stm32h7xx_hal_fdcan.o
    0x080064e8   0x080064e8   0x00000008   Code   RO         1710    .text.HAL_FDCAN_TimestampWraparoundCallback  stm32h7xx_hal_fdcan.o
    0x080064f0   0x080064f0   0x0000000a   Code   RO         1694    .text.HAL_FDCAN_TxBufferAbortCallback  stm32h7xx_hal_fdcan.o
    0x080064fa   0x080064fa   0x00000006   PAD
    0x08006500   0x08006500   0x0000000a   Code   RO         1706    .text.HAL_FDCAN_TxBufferCompleteCallback  stm32h7xx_hal_fdcan.o
    0x0800650a   0x0800650a   0x00000006   PAD
    0x08006510   0x08006510   0x0000000a   Code   RO         1698    .text.HAL_FDCAN_TxEventFifoCallback  stm32h7xx_hal_fdcan.o
    0x0800651a   0x0800651a   0x00000006   PAD
    0x08006520   0x08006520   0x00000008   Code   RO         1704    .text.HAL_FDCAN_TxFifoEmptyCallback  stm32h7xx_hal_fdcan.o
    0x08006528   0x08006528   0x000003a8   Code   RO          907    .text.HAL_GPIO_Init  stm32h7xx_hal_gpio.o
    0x080068d0   0x080068d0   0x0000002e   Code   RO          913    .text.HAL_GPIO_WritePin  stm32h7xx_hal_gpio.o
    0x080068fe   0x080068fe   0x00000002   PAD
    0x08006900   0x08006900   0x0000000c   Code   RO         1211    .text.HAL_GetTick   stm32h7xx_hal.o
    0x0800690c   0x0800690c   0x00000004   PAD
    0x08006910   0x08006910   0x00000036   Code   RO         1494    .text.HAL_I2CEx_EnableFastModePlus  stm32h7xx_hal_i2c_ex.o
    0x08006946   0x08006946   0x00000002   PAD
    0x08006948   0x08006948   0x0000001a   Code   RO         1209    .text.HAL_IncTick   stm32h7xx_hal.o
    0x08006962   0x08006962   0x00000006   PAD
    0x08006968   0x08006968   0x0000007a   Code   RO         1199    .text.HAL_Init      stm32h7xx_hal.o
    0x080069e2   0x080069e2   0x00000006   PAD
    0x080069e8   0x080069e8   0x000000d8   Code   RO          225    .text.HAL_InitTick  stm32h7xx_hal_timebase_tim.o
    0x08006ac0   0x08006ac0   0x00000032   Code   RO          217    .text.HAL_MspInit   stm32h7xx_hal_msp.o
    0x08006af2   0x08006af2   0x00000006   PAD
    0x08006af8   0x08006af8   0x00000014   Code   RO          603    .text.HAL_NVIC_EnableIRQ  stm32h7xx_hal_cortex.o
    0x08006b0c   0x08006b0c   0x00000004   PAD
    0x08006b10   0x08006b10   0x0000002e   Code   RO          595    .text.HAL_NVIC_SetPriority  stm32h7xx_hal_cortex.o
    0x08006b3e   0x08006b3e   0x00000002   PAD
    0x08006b40   0x08006b40   0x00000010   Code   RO          591    .text.HAL_NVIC_SetPriorityGrouping  stm32h7xx_hal_cortex.o
    0x08006b50   0x08006b50   0x000000a2   Code   RO         1116    .text.HAL_PWREx_ConfigSupply  stm32h7xx_hal_pwr_ex.o
    0x08006bf2   0x08006bf2   0x00000006   PAD
    0x08006bf8   0x08006bf8   0x00000026   Code   RO          757    .text.HAL_RCCEx_GetD3PCLK1Freq  stm32h7xx_hal_rcc_ex.o
    0x08006c1e   0x08006c1e   0x00000002   PAD
    0x08006c20   0x08006c20   0x000002ac   Code   RO          753    .text.HAL_RCCEx_GetPLL2ClockFreq  stm32h7xx_hal_rcc_ex.o
    0x08006ecc   0x08006ecc   0x00000004   PAD
    0x08006ed0   0x08006ed0   0x000002ac   Code   RO          755    .text.HAL_RCCEx_GetPLL3ClockFreq  stm32h7xx_hal_rcc_ex.o
    0x0800717c   0x0800717c   0x00000004   PAD
    0x08007180   0x08007180   0x00000fec   Code   RO          741    .text.HAL_RCCEx_PeriphCLKConfig  stm32h7xx_hal_rcc_ex.o
    0x0800816c   0x0800816c   0x00000004   PAD
    0x08008170   0x08008170   0x00000498   Code   RO          710    .text.HAL_RCC_ClockConfig  stm32h7xx_hal_rcc.o
    0x08008608   0x08008608   0x00000088   Code   RO          728    .text.HAL_RCC_GetClockConfig  stm32h7xx_hal_rcc.o
    0x08008690   0x08008690   0x00000056   Code   RO          720    .text.HAL_RCC_GetHCLKFreq  stm32h7xx_hal_rcc.o
    0x080086e6   0x080086e6   0x00000002   PAD
    0x080086e8   0x080086e8   0x00000026   Code   RO          722    .text.HAL_RCC_GetPCLK1Freq  stm32h7xx_hal_rcc.o
    0x0800870e   0x0800870e   0x00000002   PAD
    0x08008710   0x08008710   0x00000026   Code   RO          724    .text.HAL_RCC_GetPCLK2Freq  stm32h7xx_hal_rcc.o
    0x08008736   0x08008736   0x00000002   PAD
    0x08008738   0x08008738   0x00000310   Code   RO          712    .text.HAL_RCC_GetSysClockFreq  stm32h7xx_hal_rcc.o
    0x08008a48   0x08008a48   0x00000a20   Code   RO          708    .text.HAL_RCC_OscConfig  stm32h7xx_hal_rcc.o
    0x08009468   0x08009468   0x000000d0   Code   RO         2007    .text.HAL_RS485Ex_Init  stm32h7xx_hal_uart_ex.o
    0x08009538   0x08009538   0x00000292   Code   RO         1739    .text.HAL_SPI_Init  stm32h7xx_hal_spi.o
    0x080097ca   0x080097ca   0x00000006   PAD
    0x080097d0   0x080097d0   0x000000ae   Code   RO          118    .text.HAL_SPI_MspInit  spi.o
    0x0800987e   0x0800987e   0x00000002   PAD
    0x08009880   0x08009880   0x000003e4   Code   RO         1749    .text.HAL_SPI_Transmit  stm32h7xx_hal_spi.o
    0x08009c64   0x08009c64   0x00000004   PAD
    0x08009c68   0x08009c68   0x0000001e   Code   RO         1249    .text.HAL_SYSCFG_AnalogSwitchConfig  stm32h7xx_hal.o
    0x08009c86   0x08009c86   0x00000002   PAD
    0x08009c88   0x08009c88   0x00000008   Code   RO          578    .text.HAL_TIMEx_Break2Callback  stm32h7xx_hal_tim_ex.o
    0x08009c90   0x08009c90   0x00000008   Code   RO          576    .text.HAL_TIMEx_BreakCallback  stm32h7xx_hal_tim_ex.o
    0x08009c98   0x08009c98   0x00000008   Code   RO          572    .text.HAL_TIMEx_CommutCallback  stm32h7xx_hal_tim_ex.o
    0x08009ca0   0x08009ca0   0x0000017c   Code   RO          556    .text.HAL_TIMEx_MasterConfigSynchronization  stm32h7xx_hal_tim_ex.o
    0x08009e1c   0x08009e1c   0x00000004   PAD
    0x08009e20   0x08009e20   0x000000a8   Code   RO          239    .text.HAL_TIM_Base_Init  stm32h7xx_hal_tim.o
    0x08009ec8   0x08009ec8   0x00000008   Code   RO          241    .text.HAL_TIM_Base_MspInit  stm32h7xx_hal_tim.o
    0x08009ed0   0x08009ed0   0x00000128   Code   RO          253    .text.HAL_TIM_Base_Start_IT  stm32h7xx_hal_tim.o
    0x08009ff8   0x08009ff8   0x00000008   Code   RO          375    .text.HAL_TIM_IC_CaptureCallback  stm32h7xx_hal_tim.o
    0x0800a000   0x0800a000   0x00000250   Code   RO          373    .text.HAL_TIM_IRQHandler  stm32h7xx_hal_tim.o
    0x0800a250   0x0800a250   0x00000064   Code   RO          132    .text.HAL_TIM_MspPostInit  tim.o
    0x0800a2b4   0x0800a2b4   0x00000004   PAD
    0x0800a2b8   0x0800a2b8   0x00000008   Code   RO          377    .text.HAL_TIM_OC_DelayElapsedCallback  stm32h7xx_hal_tim.o
    0x0800a2c0   0x0800a2c0   0x000001b0   Code   RO          409    .text.HAL_TIM_PWM_ConfigChannel  stm32h7xx_hal_tim.o
    0x0800a470   0x0800a470   0x000000a8   Code   RO          293    .text.HAL_TIM_PWM_Init  stm32h7xx_hal_tim.o
    0x0800a518   0x0800a518   0x0000003a   Code   RO          134    .text.HAL_TIM_PWM_MspInit  tim.o
    0x0800a552   0x0800a552   0x00000006   PAD
    0x0800a558   0x0800a558   0x00000008   Code   RO          379    .text.HAL_TIM_PWM_PulseFinishedCallback  stm32h7xx_hal_tim.o
    0x0800a560   0x0800a560   0x0000001c   Code   RO           17    .text.HAL_TIM_PeriodElapsedCallback  main.o
    0x0800a57c   0x0800a57c   0x00000004   PAD
    0x0800a580   0x0800a580   0x00000008   Code   RO          383    .text.HAL_TIM_TriggerCallback  stm32h7xx_hal_tim.o
    0x0800a588   0x0800a588   0x0000007c   Code   RO         2029    .text.HAL_UARTEx_DisableFifoMode  stm32h7xx_hal_uart_ex.o
    0x0800a604   0x0800a604   0x00000004   PAD
    0x0800a608   0x0800a608   0x000000b0   Code   RO         2039    .text.HAL_UARTEx_ReceiveToIdle_DMA  stm32h7xx_hal_uart_ex.o
    0x0800a6b8   0x0800a6b8   0x00000090   Code   RO         2863    .text.HAL_UARTEx_RxEventCallback  task_manager.o
    0x0800a748   0x0800a748   0x00000008   Code   RO         2011    .text.HAL_UARTEx_RxFifoFullCallback  stm32h7xx_hal_uart_ex.o
    0x0800a750   0x0800a750   0x0000008c   Code   RO         2033    .text.HAL_UARTEx_SetRxFifoThreshold  stm32h7xx_hal_uart_ex.o
    0x0800a7dc   0x0800a7dc   0x00000004   PAD
    0x0800a7e0   0x0800a7e0   0x0000008c   Code   RO         2031    .text.HAL_UARTEx_SetTxFifoThreshold  stm32h7xx_hal_uart_ex.o
    0x0800a86c   0x0800a86c   0x00000004   PAD
    0x0800a870   0x0800a870   0x00000008   Code   RO         2013    .text.HAL_UARTEx_TxFifoEmptyCallback  stm32h7xx_hal_uart_ex.o
    0x0800a878   0x0800a878   0x00000008   Code   RO         2009    .text.HAL_UARTEx_WakeupCallback  stm32h7xx_hal_uart_ex.o
    0x0800a880   0x0800a880   0x00000008   Code   RO         1951    .text.HAL_UART_ErrorCallback  stm32h7xx_hal_uart.o
    0x0800a888   0x0800a888   0x000006fe   Code   RO         1947    .text.HAL_UART_IRQHandler  stm32h7xx_hal_uart.o
    0x0800af86   0x0800af86   0x00000002   PAD
    0x0800af88   0x0800af88   0x000000aa   Code   RO         1859    .text.HAL_UART_Init  stm32h7xx_hal_uart.o
    0x0800b032   0x0800b032   0x00000006   PAD
    0x0800b038   0x0800b038   0x00000484   Code   RO          152    .text.HAL_UART_MspInit  usart.o
    0x0800b4bc   0x0800b4bc   0x00000004   PAD
    0x0800b4c0   0x0800b4c0   0x00000008   Code   RO         1961    .text.HAL_UART_RxCpltCallback  stm32h7xx_hal_uart.o
    0x0800b4c8   0x0800b4c8   0x00000008   Code   RO         1963    .text.HAL_UART_RxHalfCpltCallback  stm32h7xx_hal_uart.o
    0x0800b4d0   0x0800b4d0   0x00000008   Code   RO         1957    .text.HAL_UART_TxCpltCallback  stm32h7xx_hal_uart.o
    0x0800b4d8   0x0800b4d8   0x00000004   Code   RO          174    .text.HardFault_Handler  stm32h7xx_it.o
    0x0800b4dc   0x0800b4dc   0x00000004   PAD
    0x0800b4e0   0x0800b4e0   0x00000008   Code   RO         2874    .text.INS_Init      ins.o
    0x0800b4e8   0x0800b4e8   0x000001cc   Code   RO         2876    .text.INS_Task      ins.o
    0x0800b6b4   0x0800b6b4   0x00000004   PAD
    0x0800b6b8   0x0800b6b8   0x00000030   Code   RO         3148    .text.M3508_Init    m3508.o
    0x0800b6e8   0x0800b6e8   0x00000118   Code   RO         3146    .text.M3508_SetTor  m3508.o
    0x0800b800   0x0800b800   0x000001a0   Code   RO         3144    .text.M3508_getInfo  m3508.o
    0x0800b9a0   0x0800b9a0   0x00000044   Code   RO         3142    .text.M3508_setCurrent  m3508.o
    0x0800b9e4   0x0800b9e4   0x00000004   PAD
    0x0800b9e8   0x0800b9e8   0x0000009c   Code   RO         3064    .text.M6020_Enable  m6020_motor.o
    0x0800ba84   0x0800ba84   0x00000004   PAD
    0x0800ba88   0x0800ba88   0x00000024   Code   RO         3062    .text.M6020_Reset   m6020_motor.o
    0x0800baac   0x0800baac   0x00000004   PAD
    0x0800bab0   0x0800bab0   0x000000f0   Code   RO         3060    .text.M6020_getInfo  m6020_motor.o
    0x0800bba0   0x0800bba0   0x0000004a   Code   RO         3058    .text.M6020_setVoltage  m6020_motor.o
    0x0800bbea   0x0800bbea   0x00000006   PAD
    0x0800bbf0   0x0800bbf0   0x00000044   Code   RO           73    .text.MX_CRC_Init   crc.o
    0x0800bc34   0x0800bc34   0x00000004   PAD
    0x0800bc38   0x0800bc38   0x000000b4   Code   RO           87    .text.MX_DMA_Init   dma.o
    0x0800bcec   0x0800bcec   0x00000004   PAD
    0x0800bcf0   0x0800bcf0   0x0000007a   Code   RO           95    .text.MX_FDCAN1_Init  fdcan.o
    0x0800bd6a   0x0800bd6a   0x00000006   PAD
    0x0800bd70   0x0800bd70   0x0000007e   Code   RO           97    .text.MX_FDCAN2_Init  fdcan.o
    0x0800bdee   0x0800bdee   0x00000002   PAD
    0x0800bdf0   0x0800bdf0   0x0000007e   Code   RO           99    .text.MX_FDCAN3_Init  fdcan.o
    0x0800be6e   0x0800be6e   0x00000002   PAD
    0x0800be70   0x0800be70   0x000000aa   Code   RO           35    .text.MX_FREERTOS_Init  freertos.o
    0x0800bf1a   0x0800bf1a   0x00000006   PAD
    0x0800bf20   0x0800bf20   0x00000160   Code   RO           27    .text.MX_GPIO_Init  gpio.o
    0x0800c080   0x0800c080   0x0000006a   Code   RO          116    .text.MX_SPI6_Init  spi.o
    0x0800c0ea   0x0800c0ea   0x00000006   PAD
    0x0800c0f0   0x0800c0f0   0x000000a0   Code   RO          130    .text.MX_TIM3_Init  tim.o
    0x0800c190   0x0800c190   0x0000008e   Code   RO          146    .text.MX_UART7_Init  usart.o
    0x0800c21e   0x0800c21e   0x00000002   PAD
    0x0800c220   0x0800c220   0x00000096   Code   RO          148    .text.MX_USART2_UART_Init  usart.o
    0x0800c2b6   0x0800c2b6   0x00000002   PAD
    0x0800c2b8   0x0800c2b8   0x00000096   Code   RO          150    .text.MX_USART3_UART_Init  usart.o
    0x0800c34e   0x0800c34e   0x00000002   PAD
    0x0800c350   0x0800c350   0x00000004   Code   RO          176    .text.MemManage_Handler  stm32h7xx_it.o
    0x0800c354   0x0800c354   0x00000004   PAD
    0x0800c358   0x0800c358   0x00000004   Code   RO          172    .text.NMI_Handler   stm32h7xx_it.o
    0x0800c35c   0x0800c35c   0x00000004   PAD
    0x0800c360   0x0800c360   0x0000006c   Code   RO          601    .text.NVIC_EncodePriority  stm32h7xx_hal_cortex.o
    0x0800c3cc   0x0800c3cc   0x00000004   PAD
    0x0800c3d0   0x0800c3d0   0x00000064   Code   RO         2720    .text.PendSV_Handler  port.o
    0x0800c434   0x0800c434   0x00000004   PAD
    0x0800c438   0x0800c438   0x000000e6   Code   RO         3171    .text.Position_PID  tpid.o
    0x0800c51e   0x0800c51e   0x00000002   PAD
    0x0800c520   0x0800c520   0x0000006a   Code   RO         3169    .text.Position_PIDInit  tpid.o
    0x0800c58a   0x0800c58a   0x00000006   PAD
    0x0800c590   0x0800c590   0x00000012   Code   RO         3084    .text.R4            saber_c3.o
    0x0800c5a2   0x0800c5a2   0x00000006   PAD
    0x0800c5a8   0x0800c5a8   0x000001ca   Code   RO          743    .text.RCCEx_PLL2_Config  stm32h7xx_hal_rcc_ex.o
    0x0800c772   0x0800c772   0x00000006   PAD
    0x0800c778   0x0800c778   0x000001ca   Code   RO          745    .text.RCCEx_PLL3_Config  stm32h7xx_hal_rcc_ex.o
    0x0800c942   0x0800c942   0x00000006   PAD
    0x0800c948   0x0800c948   0x00000116   Code   RO         1751    .text.SPI_CloseTransfer  stm32h7xx_hal_spi.o
    0x0800ca5e   0x0800ca5e   0x00000002   PAD
    0x0800ca60   0x0800ca60   0x0000002a   Code   RO         1741    .text.SPI_GetPacketSize  stm32h7xx_hal_spi.o
    0x0800ca8a   0x0800ca8a   0x00000006   PAD
    0x0800ca90   0x0800ca90   0x00000068   Code   RO         1753    .text.SPI_WaitOnFlagUntilTimeout  stm32h7xx_hal_spi.o
    0x0800caf8   0x0800caf8   0x00000008   PAD
    0x0800cb00   0x0800cb00   0x00000024   Code   RO         2704    .text.SVC_Handler   port.o
    0x0800cb24   0x0800cb24   0x00000004   PAD
    0x0800cb28   0x0800cb28   0x0000000e   Code   RO         2500    .text.SVC_Setup     cmsis_os2.o
    0x0800cb36   0x0800cb36   0x00000002   PAD
    0x0800cb38   0x0800cb38   0x00000142   Code   RO         3080    .text.Saber_Cheak   saber_c3.o
    0x0800cc7a   0x0800cc7a   0x00000006   PAD
    0x0800cc80   0x0800cc80   0x0000001a   Code   RO         3078    .text.Saber_Init    saber_c3.o
    0x0800cc9a   0x0800cc9a   0x00000006   PAD
    0x0800cca0   0x0800cca0   0x000000f0   Code   RO         3082    .text.Saber_Read    saber_c3.o
    0x0800cd90   0x0800cd90   0x00000058   Code   RO           45    .text.StartBoardcommTask  freertos.o
    0x0800cde8   0x0800cde8   0x00000040   Code   RO           39    .text.StartChassisTask  freertos.o
    0x0800ce28   0x0800ce28   0x00000030   Code   RO           37    .text.StartDefaultTask  freertos.o
    0x0800ce58   0x0800ce58   0x00000044   Code   RO           43    .text.StartIMUTask  freertos.o
    0x0800ce9c   0x0800ce9c   0x00000004   PAD
    0x0800cea0   0x0800cea0   0x0000005a   Code   RO           41    .text.StartLegMotorTask  freertos.o
    0x0800cefa   0x0800cefa   0x00000006   PAD
    0x0800cf00   0x0800cf00   0x0000001e   Code   RO         2490    .text.SysTick_Handler  cmsis_os2.o
    0x0800cf1e   0x0800cf1e   0x00000002   PAD
    0x0800cf20   0x0800cf20   0x000000cc   Code   RO           13    .text.SystemClock_Config  main.o
    0x0800cfec   0x0800cfec   0x00000004   PAD
    0x0800cff0   0x0800cff0   0x0000013a   Code   RO         2052    .text.SystemInit    system_stm32h7xx.o
    0x0800d12a   0x0800d12a   0x00000006   PAD
    0x0800d130   0x0800d130   0x00000010   Code   RO          196    .text.TIM2_IRQHandler  stm32h7xx_it.o
    0x0800d140   0x0800d140   0x000001c4   Code   RO          243    .text.TIM_Base_SetConfig  stm32h7xx_hal_tim.o
    0x0800d304   0x0800d304   0x00000004   PAD
    0x0800d308   0x0800d308   0x00000150   Code   RO          387    .text.TIM_OC1_SetConfig  stm32h7xx_hal_tim.o
    0x0800d458   0x0800d458   0x0000016c   Code   RO          389    .text.TIM_OC2_SetConfig  stm32h7xx_hal_tim.o
    0x0800d5c4   0x0800d5c4   0x00000004   PAD
    0x0800d5c8   0x0800d5c8   0x0000016a   Code   RO          391    .text.TIM_OC3_SetConfig  stm32h7xx_hal_tim.o
    0x0800d732   0x0800d732   0x00000006   PAD
    0x0800d738   0x0800d738   0x000000da   Code   RO          393    .text.TIM_OC4_SetConfig  stm32h7xx_hal_tim.o
    0x0800d812   0x0800d812   0x00000006   PAD
    0x0800d818   0x0800d818   0x000000d0   Code   RO          395    .text.TIM_OC5_SetConfig  stm32h7xx_hal_tim.o
    0x0800d8e8   0x0800d8e8   0x000000d2   Code   RO          397    .text.TIM_OC6_SetConfig  stm32h7xx_hal_tim.o
    0x0800d9ba   0x0800d9ba   0x00000006   PAD
    0x0800d9c0   0x0800d9c0   0x000000f4   Code   RO         3165    .text.T_Update      tpid.o
    0x0800dab4   0x0800dab4   0x00000004   PAD
    0x0800dab8   0x0800dab8   0x00000010   Code   RO          206    .text.UART7_IRQHandler  stm32h7xx_it.o
    0x0800dac8   0x0800dac8   0x00000086   Code   RO         2027    .text.UARTEx_SetNbDataToProcess  stm32h7xx_hal_uart_ex.o
    0x0800db4e   0x0800db4e   0x00000002   PAD
    0x0800db50   0x0800db50   0x00000148   Code   RO         1863    .text.UART_AdvFeatureConfig  stm32h7xx_hal_uart.o
    0x0800dc98   0x0800dc98   0x00000146   Code   RO         1867    .text.UART_CheckIdleState  stm32h7xx_hal_uart.o
    0x0800ddde   0x0800ddde   0x00000002   PAD
    0x0800dde0   0x0800dde0   0x0000001e   Code   RO         1949    .text.UART_DMAAbortOnError  stm32h7xx_hal_uart.o
    0x0800ddfe   0x0800ddfe   0x00000002   PAD
    0x0800de00   0x0800de00   0x00000080   Code   RO         1905    .text.UART_DMAError  stm32h7xx_hal_uart.o
    0x0800de80   0x0800de80   0x000000f6   Code   RO         1995    .text.UART_DMAReceiveCplt  stm32h7xx_hal_uart.o
    0x0800df76   0x0800df76   0x00000002   PAD
    0x0800df78   0x0800df78   0x00000036   Code   RO         1997    .text.UART_DMARxHalfCplt  stm32h7xx_hal_uart.o
    0x0800dfae   0x0800dfae   0x00000002   PAD
    0x0800dfb0   0x0800dfb0   0x0000009e   Code   RO         1919    .text.UART_EndRxTransfer  stm32h7xx_hal_uart.o
    0x0800e04e   0x0800e04e   0x00000002   PAD
    0x0800e050   0x0800e050   0x00000044   Code   RO         1955    .text.UART_EndTransmit_IT  stm32h7xx_hal_uart.o
    0x0800e094   0x0800e094   0x00000004   PAD
    0x0800e098   0x0800e098   0x0000005c   Code   RO         1917    .text.UART_EndTxTransfer  stm32h7xx_hal_uart.o
    0x0800e0f4   0x0800e0f4   0x00000004   PAD
    0x0800e0f8   0x0800e0f8   0x00000a4e   Code   RO         1865    .text.UART_SetConfig  stm32h7xx_hal_uart.o
    0x0800eb46   0x0800eb46   0x00000002   PAD
    0x0800eb48   0x0800eb48   0x0000012e   Code   RO         1909    .text.UART_Start_Receive_DMA  stm32h7xx_hal_uart.o
    0x0800ec76   0x0800ec76   0x00000002   PAD
    0x0800ec78   0x0800ec78   0x0000010c   Code   RO         1881    .text.UART_WaitOnFlagUntilTimeout  stm32h7xx_hal_uart.o
    0x0800ed84   0x0800ed84   0x00000004   PAD
    0x0800ed88   0x0800ed88   0x00000010   Code   RO          198    .text.USART2_IRQHandler  stm32h7xx_it.o
    0x0800ed98   0x0800ed98   0x00000010   Code   RO          200    .text.USART3_IRQHandler  stm32h7xx_it.o
    0x0800eda8   0x0800eda8   0x00000004   Code   RO          180    .text.UsageFault_Handler  stm32h7xx_it.o
    0x0800edac   0x0800edac   0x00000004   PAD
    0x0800edb0   0x0800edb0   0x000000e2   Code   RO         3099    .text.WS2812_Ctrl   ws2812.o
    0x0800ee92   0x0800ee92   0x00000006   PAD
    0x0800ee98   0x0800ee98   0x00000010   Code   RO         2855    .text.WheelMotorTask  task_manager.o
    0x0800eea8   0x0800eea8   0x00000008   Code   RO         2782    .text._GLOBAL__sub_I_Chassis.cpp  chassis.o
    0x0800eeb0   0x0800eeb0   0x00000058   Code   RO         3216    .text._Z12can_bsp_initv  bsp_fdcan.o
    0x0800ef08   0x0800ef08   0x000004f4   Code   RO         3220    .text._Z14fdcanx_receiveP19FDCAN_HandleTypeDef  bsp_fdcan.o
    0x0800f3fc   0x0800f3fc   0x00000004   PAD
    0x0800f400   0x0800f400   0x0000004e   Code   RO         3218    .text._Z16fdcanx_send_dataP19FDCAN_HandleTypeDeftPhj  bsp_fdcan.o
    0x0800f44e   0x0800f44e   0x00000002   PAD
    0x0800f450   0x0800f450   0x000005f2   Code   RO         2941    .text._Z18Kalman_Filter_InitP4kf_thhh  kalman_filter.o
    0x0800fa42   0x0800fa42   0x00000006   PAD
    0x0800fa48   0x0800fa48   0x000000fa   Code   RO         2951    .text._Z18Kalman_Filter_SetKP4kf_t  kalman_filter.o
    0x0800fb42   0x0800fb42   0x00000006   PAD
    0x0800fb48   0x0800fb48   0x00000190   Code   RO         2957    .text._Z20Kalman_Filter_UpdateP4kf_t  kalman_filter.o
    0x0800fcd8   0x0800fcd8   0x00000102   Code   RO         2878    .text._Z21BodyFrameToEarthFramePKfPfS1_  ins.o
    0x0800fdda   0x0800fdda   0x00000006   PAD
    0x0800fde0   0x0800fde0   0x00000102   Code   RO         2880    .text._Z21EarthFrameToBodyFramePKfPfS1_  ins.o
    0x0800fee2   0x0800fee2   0x00000006   PAD
    0x0800fee8   0x0800fee8   0x00000062   Code   RO         2943    .text._Z21Kalman_Filter_MeasureP4kf_t  kalman_filter.o
    0x0800ff4a   0x0800ff4a   0x00000006   PAD
    0x0800ff50   0x0800ff50   0x00000080   Code   RO         2955    .text._Z22Kalman_Filter_P_UpdateP4kf_t  kalman_filter.o
    0x0800ffd0   0x0800ffd0   0x000000ac   Code   RO         2953    .text._Z24Kalman_Filter_xhatUpdateP4kf_t  kalman_filter.o
    0x0801007c   0x0801007c   0x00000004   PAD
    0x08010080   0x08010080   0x0000007e   Code   RO         2949    .text._Z26Kalman_Filter_PminusUpdateP4kf_t  kalman_filter.o
    0x080100fe   0x080100fe   0x00000002   PAD
    0x08010100   0x08010100   0x000000a2   Code   RO         2947    .text._Z29Kalman_Filter_xhatMinusUpdateP4kf_t  kalman_filter.o
    0x080101a2   0x080101a2   0x00000006   PAD
    0x080101a8   0x080101a8   0x00000058   Code   RO         3119    .text._ZL13float_to_uintfffi  dm_8009p.o
    0x08010200   0x08010200   0x00000052   Code   RO         3115    .text._ZL13uint_to_floatiffi  dm_8009p.o
    0x08010252   0x08010252   0x00000006   PAD
    0x08010258   0x08010258   0x00000080   Code   RO         3222    .text._ZL15can_filter_initv  bsp_fdcan.o
    0x080102d8   0x080102d8   0x0000018e   Code   RO         2945    .text._ZL16H_K_R_AdjustmentP4kf_t  kalman_filter.o
    0x08010466   0x08010466   0x00000002   PAD
    0x08010468   0x08010468   0x00000018   Code   RO         3226    .text._ZL18fdcan1_rx_callbackv  bsp_fdcan.o
    0x08010480   0x08010480   0x00000018   Code   RO         3228    .text._ZL18fdcan2_rx_callbackv  bsp_fdcan.o
    0x08010498   0x08010498   0x00000018   Code   RO         3230    .text._ZL18fdcan3_rx_callbackv  bsp_fdcan.o
    0x080104b0   0x080104b0   0x00000052   Code   RO         2758    .text._ZN15balance_Chassis10ControllerEv  chassis.o
    0x08010502   0x08010502   0x00000006   PAD
    0x08010508   0x08010508   0x0000014c   Code   RO         2754    .text._ZN15balance_Chassis10LegLenCalcEv  chassis.o
    0x08010654   0x08010654   0x00000004   PAD
    0x08010658   0x08010658   0x00000010   Code   RO         2750    .text._ZN15balance_Chassis10TorControlEv  chassis.o
    0x08010668   0x08010668   0x0000008c   Code   RO         2752    .text._ZN15balance_Chassis11SetMotorTorEv  chassis.o
    0x080106f4   0x080106f4   0x00000004   PAD
    0x080106f8   0x080106f8   0x00000150   Code   RO         2742    .text._ZN15balance_Chassis12SpeedEstInitEv  chassis.o
    0x08010848   0x08010848   0x000000c0   Code   RO         2756    .text._ZN15balance_Chassis16SynthesizeMotionEv  chassis.o
    0x08010908   0x08010908   0x00000184   Code   RO         2764    .text._ZN15balance_Chassis4JumpEv  chassis.o
    0x08010a8c   0x08010a8c   0x00000004   PAD
    0x08010a90   0x08010a90   0x00000078   Code   RO         2772    .text._ZN15balance_Chassis6SetSpdEv  chassis.o
    0x08010b08   0x08010b08   0x000001cc   Code   RO         2746    .text._ZN15balance_Chassis7LQRCalcEv  chassis.o
    0x08010cd4   0x08010cd4   0x00000004   PAD
    0x08010cd8   0x08010cd8   0x00000180   Code   RO         2744    .text._ZN15balance_Chassis7LegCalcEv  chassis.o
    0x08010e58   0x08010e58   0x000000b4   Code   RO         2740    .text._ZN15balance_Chassis7PidInitEv  chassis.o
    0x08010f0c   0x08010f0c   0x00000004   PAD
    0x08010f10   0x08010f10   0x00000050   Code   RO         2748    .text._ZN15balance_Chassis7TorCalcEv  chassis.o
    0x08010f60   0x08010f60   0x00000058   Code   RO         2760    .text._ZN15balance_Chassis8SetStateEv  chassis.o
    0x08010fb8   0x08010fb8   0x000000cc   Code   RO         2738    .text._ZN15balance_Chassis9MotorInitEv  chassis.o
    0x08011084   0x08011084   0x00000004   PAD
    0x08011088   0x08011088   0x000002d4   Code   RO         2770    .text._ZN15balance_Chassis9SetFollowEv  chassis.o
    0x0801135c   0x0801135c   0x00000004   PAD
    0x08011360   0x08011360   0x00000088   Code   RO         2768    .text._ZN15balance_Chassis9SetLegLenEv  chassis.o
    0x080113e8   0x080113e8   0x00000278   Code   RO         2762    .text._ZN15balance_Chassis9SpeedCalcEv  chassis.o
    0x08011660   0x08011660   0x0000003c   Code   RO         2796    .text._ZN15balance_ChassisC2Ev  chassis.o
    0x0801169c   0x0801169c   0x00000004   PAD
    0x080116a0   0x080116a0   0x00000032   Code   RO         3123    .text._ZN20Class_Motor_DM_8009P12SetMotorDataEfffff  dm_8009p.o
    0x080116d2   0x080116d2   0x00000006   PAD
    0x080116d8   0x080116d8   0x0000010c   Code   RO         3117    .text._ZN20Class_Motor_DM_8009P13DM_8009P_CtrlEv  dm_8009p.o
    0x080117e4   0x080117e4   0x00000004   PAD
    0x080117e8   0x080117e8   0x000001d4   Code   RO         3113    .text._ZN20Class_Motor_DM_8009P16DM_8009P_getInfoE19FDCan_Export_Data_t  dm_8009p.o
    0x080119bc   0x080119bc   0x00000004   PAD
    0x080119c0   0x080119c0   0x000000a6   Code   RO         3111    .text._ZN20Class_Motor_DM_8009P4InitEP19FDCAN_HandleTypeDefhh28Enum_Motor_DM_Control_Methodffff  dm_8009p.o
    0x08011a66   0x08011a66   0x00000002   PAD
    0x08011a68   0x08011a68   0x00000046   Code   RO         3107    .text._ZN20Class_Motor_DM_8009P6EnableEv  dm_8009p.o
    0x08011aae   0x08011aae   0x00000002   PAD
    0x08011ab0   0x08011ab0   0x0000000e   Code   RO         3133    .text._ZN20Class_Motor_DM_8009P6GetTorEv  dm_8009p.o
    0x08011abe   0x08011abe   0x00000002   PAD
    0x08011ac0   0x08011ac0   0x0000000e   Code   RO         3129    .text._ZN20Class_Motor_DM_8009P8GetAngleEv  dm_8009p.o
    0x08011ace   0x08011ace   0x00000002   PAD
    0x08011ad0   0x08011ad0   0x0000000e   Code   RO         3131    .text._ZN20Class_Motor_DM_8009P8GetSpeedEv  dm_8009p.o
    0x08011ade   0x08011ade   0x00000002   PAD
    0x08011ae0   0x08011ae0   0x00000040   Code   RO         3125    .text._ZN20Class_Motor_DM_8009P9SetMotorTEf  dm_8009p.o
    0x08011b20   0x08011b20   0x00000010   Code   RO         2848    .text._ZN20Class_Motor_DM_8009PC2Ev  chassis.o
    0x08011b30   0x08011b30   0x0000000e   Code   RO         2834    .text._ZN3Lqr10GetLegTorLEv  chassis.o
    0x08011b3e   0x08011b3e   0x00000002   PAD
    0x08011b40   0x08011b40   0x0000000e   Code   RO         2838    .text._ZN3Lqr10GetLegTorREv  chassis.o
    0x08011b4e   0x08011b4e   0x00000002   PAD
    0x08011b50   0x08011b50   0x00000012   Code   RO         2808    .text._ZN3Lqr11SetRotationEf  chassis.o
    0x08011b62   0x08011b62   0x00000006   PAD
    0x08011b68   0x08011b68   0x0000000e   Code   RO         2828    .text._ZN3Lqr12GetWheelTorLEv  chassis.o
    0x08011b76   0x08011b76   0x00000002   PAD
    0x08011b78   0x08011b78   0x0000000e   Code   RO         2830    .text._ZN3Lqr12GetWheelTorREv  chassis.o
    0x08011b86   0x08011b86   0x00000002   PAD
    0x08011b88   0x08011b88   0x00000012   Code   RO         2810    .text._ZN3Lqr12SetWRotationEf  chassis.o
    0x08011b9a   0x08011b9a   0x00000006   PAD
    0x08011ba0   0x08011ba0   0x00000b48   Code   RO         2915    .text._ZN3Lqr4CalcEv  lqr.o
    0x080126e8   0x080126e8   0x0000007a   Code   RO         2812    .text._ZN3Lqr7SetDataEffffffffffffff  chassis.o
    0x08012762   0x08012762   0x00000006   PAD
    0x08012768   0x08012768   0x00000012   Code   RO         2806    .text._ZN3Lqr7SetDistEf  chassis.o
    0x0801277a   0x0801277a   0x00000006   PAD
    0x08012780   0x08012780   0x00000012   Code   RO         2804    .text._ZN3Lqr8SetSpeedEf  chassis.o
    0x08012792   0x08012792   0x00000006   PAD
    0x08012798   0x08012798   0x00000012   Code   RO         2824    .text._ZN3Pid10SetMeasureEf  chassis.o
    0x080127aa   0x080127aa   0x00000006   PAD
    0x080127b0   0x080127b0   0x000000b8   Code   RO         2970    .text._ZN3Pid11ErrorHandleEv  pid.o
    0x08012868   0x08012868   0x00000052   Code   RO         2984    .text._ZN3Pid11OutputLimitEv  pid.o
    0x080128ba   0x080128ba   0x00000006   PAD
    0x080128c0   0x080128c0   0x00000036   Code   RO         2982    .text._ZN3Pid12OutputFilterEv  pid.o
    0x080128f6   0x080128f6   0x00000002   PAD
    0x080128f8   0x080128f8   0x000000e4   Code   RO         2980    .text._ZN3Pid13IntegralLimitEv  pid.o
    0x080129dc   0x080129dc   0x00000004   PAD
    0x080129e0   0x080129e0   0x00000036   Code   RO         2978    .text._ZN3Pid16DerivativeFilterEv  pid.o
    0x08012a16   0x08012a16   0x00000002   PAD
    0x08012a18   0x08012a18   0x00000032   Code   RO         2972    .text._ZN3Pid18TrapezoidIntergralEv  pid.o
    0x08012a4a   0x08012a4a   0x00000006   PAD
    0x08012a50   0x08012a50   0x000000a8   Code   RO         2974    .text._ZN3Pid22ChangingIntegratioRateEv  pid.o
    0x08012af8   0x08012af8   0x0000002a   Code   RO         2976    .text._ZN3Pid23DerivativeOnMeasurementEv  pid.o
    0x08012b22   0x08012b22   0x00000006   PAD
    0x08012b28   0x08012b28   0x00000032   Code   RO         2798    .text._ZN3Pid4InitEfffff  chassis.o
    0x08012b5a   0x08012b5a   0x00000006   PAD
    0x08012b60   0x08012b60   0x00000012   Code   RO         2826    .text._ZN3Pid6SetRefEf  chassis.o
    0x08012b72   0x08012b72   0x00000006   PAD
    0x08012b78   0x08012b78   0x0000016c   Code   RO         2968    .text._ZN3Pid9CalculateEv  pid.o
    0x08012ce4   0x08012ce4   0x00000004   PAD
    0x08012ce8   0x08012ce8   0x0000000e   Code   RO         2836    .text._ZN3Pid9GetOutputEv  chassis.o
    0x08012cf6   0x08012cf6   0x00000002   PAD
    0x08012cf8   0x08012cf8   0x0000003a   Code   RO         2802    .text._ZN3Vmc10SetLegDataEffffff  chassis.o
    0x08012d32   0x08012d32   0x00000006   PAD
    0x08012d38   0x08012d38   0x0000000e   Code   RO         2816    .text._ZN3Vmc11GetDotThetaEv  chassis.o
    0x08012d46   0x08012d46   0x00000002   PAD
    0x08012d48   0x08012d48   0x0000000e   Code   RO         2846    .text._ZN3Vmc11GetLegSpeedEv  chassis.o
    0x08012d56   0x08012d56   0x00000002   PAD
    0x08012d58   0x08012d58   0x0000001a   Code   RO         2800    .text._ZN3Vmc11SetBodyDataEff  chassis.o
    0x08012d72   0x08012d72   0x00000006   PAD
    0x08012d78   0x08012d78   0x0000000e   Code   RO         2844    .text._ZN3Vmc12GetPhi2SpeedEv  chassis.o
    0x08012d86   0x08012d86   0x00000002   PAD
    0x08012d88   0x08012d88   0x000000d0   Code   RO         2931    .text._ZN3Vmc12LegForceCalcEv  vmc.o
    0x08012e58   0x08012e58   0x0000000e   Code   RO         2820    .text._ZN3Vmc14GetForceNormalEv  chassis.o
    0x08012e66   0x08012e66   0x00000002   PAD
    0x08012e68   0x08012e68   0x0000000e   Code   RO         2840    .text._ZN3Vmc5GetT1Ev  chassis.o
    0x08012e76   0x08012e76   0x00000002   PAD
    0x08012e78   0x08012e78   0x0000000e   Code   RO         2842    .text._ZN3Vmc5GetT2Ev  chassis.o
    0x08012e86   0x08012e86   0x00000002   PAD
    0x08012e88   0x08012e88   0x0000001a   Code   RO         2822    .text._ZN3Vmc6SetTorEff  chassis.o
    0x08012ea2   0x08012ea2   0x00000006   PAD
    0x08012ea8   0x08012ea8   0x0000000e   Code   RO         2832    .text._ZN3Vmc7GetPhi0Ev  chassis.o
    0x08012eb6   0x08012eb6   0x00000002   PAD
    0x08012eb8   0x08012eb8   0x000006d4   Code   RO         2925    .text._ZN3Vmc7LegCalcEv  vmc.o
    0x0801358c   0x0801358c   0x00000004   PAD
    0x08013590   0x08013590   0x00000042   Code   RO         2927    .text._ZN3Vmc7TorCalcEv  vmc.o
    0x080135d2   0x080135d2   0x00000006   PAD
    0x080135d8   0x080135d8   0x0000000e   Code   RO         2814    .text._ZN3Vmc8GetThetaEv  chassis.o
    0x080135e6   0x080135e6   0x00000002   PAD
    0x080135e8   0x080135e8   0x0000041c   Code   RO         2929    .text._ZN3Vmc8JacobianEv  vmc.o
    0x08013a04   0x08013a04   0x00000004   PAD
    0x08013a08   0x08013a08   0x0000000e   Code   RO         2818    .text._ZN3Vmc9GetLegLenEv  chassis.o
    0x08013a16   0x08013a16   0x00000002   PAD
    0x08013a18   0x08013a18   0x00000054   Code   RO         3025    .text._ZN4Math8AbsLimitEff  user_lib.o
    0x08013a6c   0x08013a6c   0x00000004   PAD
    0x08013a70   0x08013a70   0x00000030   Code   RO          605    .text.__NVIC_EnableIRQ  stm32h7xx_hal_cortex.o
    0x08013aa0   0x08013aa0   0x00000010   Code   RO          597    .text.__NVIC_GetPriorityGrouping  stm32h7xx_hal_cortex.o
    0x08013ab0   0x08013ab0   0x00000042   Code   RO          599    .text.__NVIC_SetPriority  stm32h7xx_hal_cortex.o
    0x08013af2   0x08013af2   0x00000006   PAD
    0x08013af8   0x08013af8   0x00000042   Code   RO         2654    .text.__NVIC_SetPriority  cmsis_os2.o
    0x08013b3a   0x08013b3a   0x00000006   PAD
    0x08013b40   0x08013b40   0x0000003c   Code   RO          593    .text.__NVIC_SetPriorityGrouping  stm32h7xx_hal_cortex.o
    0x08013b7c   0x08013b7c   0x00000004   PAD
    0x08013b80   0x08013b80   0x00000010   Code   RO         2736    .text.__cxx_global_var_init  chassis.o
    0x08013b90   0x08013b90   0x00000054   Code   RO         3167    .text.abs_limit     tpid.o
    0x08013be4   0x08013be4   0x00000090   Code   RO         3240    .text.arm_cos_f32   arm_cortexM7lfdp_math.lib(arm_cos_f32.o)
    0x08013c74   0x08013c74   0x000000be   Code   RO         3260    .text.arm_mat_add_f32  arm_cortexM7lfdp_math.lib(arm_mat_add_f32.o)
    0x08013d32   0x08013d32   0x00000008   Code   RO         3270    .text.arm_mat_init_f32  arm_cortexM7lfdp_math.lib(arm_mat_init_f32.o)
    0x08013d3a   0x08013d3a   0x00000002   PAD
    0x08013d3c   0x08013d3c   0x000002cc   Code   RO         3279    .text.arm_mat_inverse_f32  arm_cortexM7lfdp_math.lib(arm_mat_inverse_f32.o)
    0x08014008   0x08014008   0x00000130   Code   RO         3289    .text.arm_mat_mult_f32  arm_cortexM7lfdp_math.lib(arm_mat_mult_f32.o)
    0x08014138   0x08014138   0x000000be   Code   RO         3299    .text.arm_mat_sub_f32  arm_cortexM7lfdp_math.lib(arm_mat_sub_f32.o)
    0x080141f6   0x080141f6   0x00000002   PAD
    0x080141f8   0x080141f8   0x000000b4   Code   RO         3309    .text.arm_mat_trans_f32  arm_cortexM7lfdp_math.lib(arm_mat_trans_f32.o)
    0x080142ac   0x080142ac   0x0000008c   Code   RO         3250    .text.arm_sin_f32   arm_cortexM7lfdp_math.lib(arm_sin_f32.o)
    0x08014338   0x08014338   0x00000068   Code   RO         2861    .text.boardCommunicateTask  task_manager.o
    0x080143a0   0x080143a0   0x00000070   Code   RO           11    .text.main          main.o
    0x08014410   0x08014410   0x00000022   Code   RO         2851    .text.motor_init    task_manager.o
    0x08014432   0x08014432   0x00000006   PAD
    0x08014438   0x08014438   0x00000034   Code   RO         2558    .text.osDelay       cmsis_os2.o
    0x0801446c   0x0801446c   0x00000004   PAD
    0x08014470   0x08014470   0x00000046   Code   RO         2492    .text.osKernelInitialize  cmsis_os2.o
    0x080144b6   0x080144b6   0x00000002   PAD
    0x080144b8   0x080144b8   0x00000052   Code   RO         2498    .text.osKernelStart  cmsis_os2.o
    0x0801450a   0x0801450a   0x00000006   PAD
    0x08014510   0x08014510   0x0000015a   Code   RO         2522    .text.osThreadNew   cmsis_os2.o
    0x0801466a   0x0801466a   0x00000006   PAD
    0x08014670   0x08014670   0x000000d4   Code   RO         2284    .text.prvAddCurrentTaskToDelayedList  tasks.o
    0x08014744   0x08014744   0x00000004   PAD
    0x08014748   0x08014748   0x00000122   Code   RO         2270    .text.prvAddNewTaskToReadyList  tasks.o
    0x0801486a   0x0801486a   0x00000006   PAD
    0x08014870   0x08014870   0x000000a2   Code   RO         2421    .text.prvCheckForValidListAndQueue  timers.o
    0x08014912   0x08014912   0x00000006   PAD
    0x08014918   0x08014918   0x0000005a   Code   RO         2388    .text.prvCheckTasksWaitingTermination  tasks.o
    0x08014972   0x08014972   0x00000006   PAD
    0x08014978   0x08014978   0x00000042   Code   RO         2163    .text.prvCopyDataFromQueue  queue.o
    0x080149ba   0x080149ba   0x00000006   PAD
    0x080149c0   0x080149c0   0x000000cc   Code   RO         2151    .text.prvCopyDataToQueue  queue.o
    0x08014a8c   0x08014a8c   0x00000004   PAD
    0x08014a90   0x08014a90   0x0000005e   Code   RO         2276    .text.prvDeleteTCB  tasks.o
    0x08014aee   0x08014aee   0x00000002   PAD
    0x08014af0   0x08014af0   0x00000040   Code   RO         2459    .text.prvGetNextExpireTime  timers.o
    0x08014b30   0x08014b30   0x000000bc   Code   RO         2671    .text.prvHeapInit   heap_4.o
    0x08014bec   0x08014bec   0x00000004   PAD
    0x08014bf0   0x08014bf0   0x00000038   Code   RO         2310    .text.prvIdleTask   tasks.o
    0x08014c28   0x08014c28   0x00000048   Code   RO         2125    .text.prvInitialiseNewQueue  queue.o
    0x08014c70   0x08014c70   0x00000122   Code   RO         2268    .text.prvInitialiseNewTask  tasks.o
    0x08014d92   0x08014d92   0x00000006   PAD
    0x08014d98   0x08014d98   0x0000008e   Code   RO         2386    .text.prvInitialiseTaskLists  tasks.o
    0x08014e26   0x08014e26   0x00000002   PAD
    0x08014e28   0x08014e28   0x000000c6   Code   RO         2673    .text.prvInsertBlockIntoFreeList  heap_4.o
    0x08014eee   0x08014eee   0x00000002   PAD
    0x08014ef0   0x08014ef0   0x00000086   Code   RO         2471    .text.prvInsertTimerInActiveList  timers.o
    0x08014f76   0x08014f76   0x00000002   PAD
    0x08014f78   0x08014f78   0x00000028   Code   RO         2165    .text.prvIsQueueEmpty  queue.o
    0x08014fa0   0x08014fa0   0x0000002e   Code   RO         2153    .text.prvIsQueueFull  queue.o
    0x08014fce   0x08014fce   0x00000002   PAD
    0x08014fd0   0x08014fd0   0x00000028   Code   RO         2712    .text.prvPortStartFirstTask  port.o
    0x08014ff8   0x08014ff8   0x0000008e   Code   RO         2467    .text.prvProcessExpiredTimer  timers.o
    0x08015086   0x08015086   0x00000002   PAD
    0x08015088   0x08015088   0x00000192   Code   RO         2463    .text.prvProcessReceivedCommands  timers.o
    0x0801521a   0x0801521a   0x00000006   PAD
    0x08015220   0x08015220   0x0000009a   Code   RO         2461    .text.prvProcessTimerOrBlockTask  timers.o
    0x080152ba   0x080152ba   0x00000006   PAD
    0x080152c0   0x080152c0   0x00000046   Code   RO         2278    .text.prvResetNextTaskUnblockTime  tasks.o
    0x08015306   0x08015306   0x00000002   PAD
    0x08015308   0x08015308   0x00000044   Code   RO         2465    .text.prvSampleTimeNow  timers.o
    0x0801534c   0x0801534c   0x00000004   PAD
    0x08015350   0x08015350   0x000000d4   Code   RO         2469    .text.prvSwitchTimerLists  timers.o
    0x08015424   0x08015424   0x00000004   PAD
    0x08015428   0x08015428   0x0000004c   Code   RO         2702    .text.prvTaskExitError  port.o
    0x08015474   0x08015474   0x00000004   PAD
    0x08015478   0x08015478   0x0000001e   Code   RO         2423    .text.prvTimerTask  timers.o
    0x08015496   0x08015496   0x00000002   PAD
    0x08015498   0x08015498   0x000000ae   Code   RO         2155    .text.prvUnlockQueue  queue.o
    0x08015546   0x08015546   0x00000002   PAD
    0x08015548   0x08015548   0x000001ec   Code   RO         2669    .text.pvPortMalloc  heap_4.o
    0x08015734   0x08015734   0x00000004   PAD
    0x08015738   0x08015738   0x0000005e   Code   RO         2700    .text.pxPortInitialiseStack  port.o
    0x08015796   0x08015796   0x00000002   PAD
    0x08015798   0x08015798   0x00000048   Code   RO         2112    .text.uxListRemove  list.o
    0x080157e0   0x080157e0   0x0000002a   Code   RO         2650    .text.vApplicationGetIdleTaskMemory  cmsis_os2.o
    0x0801580a   0x0801580a   0x00000006   PAD
    0x08015810   0x08015810   0x0000002c   Code   RO         2652    .text.vApplicationGetTimerTaskMemory  cmsis_os2.o
    0x0801583c   0x0801583c   0x00000004   PAD
    0x08015840   0x08015840   0x0000002e   Code   RO         2104    .text.vListInitialise  list.o
    0x0801586e   0x0801586e   0x00000002   PAD
    0x08015870   0x08015870   0x0000000e   Code   RO         2106    .text.vListInitialiseItem  list.o
    0x0801587e   0x0801587e   0x00000002   PAD
    0x08015880   0x08015880   0x0000006a   Code   RO         2110    .text.vListInsert   list.o
    0x080158ea   0x080158ea   0x00000006   PAD
    0x080158f0   0x080158f0   0x0000003a   Code   RO         2108    .text.vListInsertEnd  list.o
    0x0801592a   0x0801592a   0x00000006   PAD
    0x08015930   0x08015930   0x00000014   Code   RO         2710    .text.vPortEnableVFP  port.o
    0x08015944   0x08015944   0x00000004   PAD
    0x08015948   0x08015948   0x00000056   Code   RO         2716    .text.vPortEnterCritical  port.o
    0x0801599e   0x0801599e   0x00000002   PAD
    0x080159a0   0x080159a0   0x0000004a   Code   RO         2718    .text.vPortExitCritical  port.o
    0x080159ea   0x080159ea   0x00000006   PAD
    0x080159f0   0x080159f0   0x000000ce   Code   RO         2675    .text.vPortFree     heap_4.o
    0x08015abe   0x08015abe   0x00000002   PAD
    0x08015ac0   0x08015ac0   0x00000044   Code   RO         2708    .text.vPortSetupTimerInterrupt  port.o
    0x08015b04   0x08015b04   0x00000004   PAD
    0x08015b08   0x08015b08   0x00000084   Code   RO         2724    .text.vPortValidateInterruptPriority  port.o
    0x08015b8c   0x08015b8c   0x00000004   PAD
    0x08015b90   0x08015b90   0x00000052   Code   RO         2195    .text.vQueueAddToRegistry  queue.o
    0x08015be2   0x08015be2   0x00000006   PAD
    0x08015be8   0x08015be8   0x00000064   Code   RO         2199    .text.vQueueWaitForMessageRestricted  queue.o
    0x08015c4c   0x08015c4c   0x00000004   PAD
    0x08015c50   0x08015c50   0x0000006e   Code   RO         2288    .text.vTaskDelay    tasks.o
    0x08015cbe   0x08015cbe   0x00000002   PAD
    0x08015cc0   0x08015cc0   0x00000024   Code   RO         2342    .text.vTaskInternalSetTimeOutState  tasks.o
    0x08015ce4   0x08015ce4   0x00000004   PAD
    0x08015ce8   0x08015ce8   0x0000000e   Code   RO         2346    .text.vTaskMissedYield  tasks.o
    0x08015cf6   0x08015cf6   0x00000002   PAD
    0x08015cf8   0x08015cf8   0x00000042   Code   RO         2330    .text.vTaskPlaceOnEventList  tasks.o
    0x08015d3a   0x08015d3a   0x00000006   PAD
    0x08015d40   0x08015d40   0x00000052   Code   RO         2334    .text.vTaskPlaceOnEventListRestricted  tasks.o
    0x08015d92   0x08015d92   0x00000006   PAD
    0x08015d98   0x08015d98   0x000000e0   Code   RO         2308    .text.vTaskStartScheduler  tasks.o
    0x08015e78   0x08015e78   0x00000010   Code   RO         2282    .text.vTaskSuspendAll  tasks.o
    0x08015e88   0x08015e88   0x000000c6   Code   RO         2300    .text.vTaskSwitchContext  tasks.o
    0x08015f4e   0x08015f4e   0x00000002   PAD
    0x08015f50   0x08015f50   0x00000156   Code   RO         2706    .text.xPortStartScheduler  port.o
    0x080160a6   0x080160a6   0x00000002   PAD
    0x080160a8   0x080160a8   0x0000003c   Code   RO         2722    .text.xPortSysTickHandler  port.o
    0x080160e4   0x080160e4   0x00000004   PAD
    0x080160e8   0x080160e8   0x0000010e   Code   RO         2123    .text.xQueueGenericCreateStatic  queue.o
    0x080161f6   0x080161f6   0x00000002   PAD
    0x080161f8   0x080161f8   0x000000ba   Code   RO         2121    .text.xQueueGenericReset  queue.o
    0x080162b2   0x080162b2   0x00000006   PAD
    0x080162b8   0x080162b8   0x0000022c   Code   RO         2141    .text.xQueueGenericSend  queue.o
    0x080164e4   0x080164e4   0x00000004   PAD
    0x080164e8   0x080164e8   0x0000014c   Code   RO         2157    .text.xQueueGenericSendFromISR  queue.o
    0x08016634   0x08016634   0x00000004   PAD
    0x08016638   0x08016638   0x000001dc   Code   RO         2161    .text.xQueueReceive  queue.o
    0x08016814   0x08016814   0x00000004   PAD
    0x08016818   0x08016818   0x000000cc   Code   RO         2344    .text.xTaskCheckForTimeOut  tasks.o
    0x080168e4   0x080168e4   0x00000004   PAD
    0x080168e8   0x080168e8   0x0000009e   Code   RO         2272    .text.xTaskCreate   tasks.o
    0x08016986   0x08016986   0x00000002   PAD
    0x08016988   0x08016988   0x000000ce   Code   RO         2266    .text.xTaskCreateStatic  tasks.o
    0x08016a56   0x08016a56   0x00000002   PAD
    0x08016a58   0x08016a58   0x00000038   Code   RO         2360    .text.xTaskGetSchedulerState  tasks.o
    0x08016a90   0x08016a90   0x00000014   Code   RO         2316    .text.xTaskGetTickCount  tasks.o
    0x08016aa4   0x08016aa4   0x00000004   PAD
    0x08016aa8   0x08016aa8   0x000001c4   Code   RO         2314    .text.xTaskIncrementTick  tasks.o
    0x08016c6c   0x08016c6c   0x00000004   PAD
    0x08016c70   0x08016c70   0x000000ec   Code   RO         2364    .text.xTaskPriorityDisinherit  tasks.o
    0x08016d5c   0x08016d5c   0x00000004   PAD
    0x08016d60   0x08016d60   0x000000ce   Code   RO         2336    .text.xTaskRemoveFromEventList  tasks.o
    0x08016e2e   0x08016e2e   0x00000002   PAD
    0x08016e30   0x08016e30   0x00000186   Code   RO         2286    .text.xTaskResumeAll  tasks.o
    0x08016fb6   0x08016fb6   0x00000002   PAD
    0x08016fb8   0x08016fb8   0x00000094   Code   RO         2419    .text.xTimerCreateTimerTask  timers.o
    0x0801704c   0x0801704c   0x00000004   PAD
    0x08017050   0x08017050   0x000000b0   Code   RO         2431    .text.xTimerGenericCommand  timers.o
    0x08017100   0x08017100   0x00000026   Code   RO         3624    i.__ARM_fpclassifyf  m_wv.l(fpclassifyf.o)
    0x08017126   0x08017126   0x00000002   PAD
    0x08017128   0x08017128   0x000002ac   Code   RO         3501    i.__hardfp_atan2f   m_wv.l(atan2f.o)
    0x080173d4   0x080173d4   0x00000150   Code   RO         3507    i.__hardfp_cosf     m_wv.l(cosf.o)
    0x08017524   0x08017524   0x00000664   Code   RO         3513    i.__hardfp_powf     m_wv.l(powf.o)
    0x08017b88   0x08017b88   0x00000190   Code   RO         3520    i.__hardfp_sinf     m_wv.l(sinf.o)
    0x08017d18   0x08017d18   0x0000003a   Code   RO         3526    i.__hardfp_sqrtf    m_wv.l(sqrtf.o)
    0x08017d52   0x08017d52   0x00000002   PAD
    0x08017d54   0x08017d54   0x00000014   Code   RO         3626    i.__mathlib_flt_divzero  m_wv.l(funder.o)
    0x08017d68   0x08017d68   0x00000006   Code   RO         3627    i.__mathlib_flt_infnan  m_wv.l(funder.o)
    0x08017d6e   0x08017d6e   0x00000006   Code   RO         3628    i.__mathlib_flt_infnan2  m_wv.l(funder.o)
    0x08017d74   0x08017d74   0x00000010   Code   RO         3629    i.__mathlib_flt_invalid  m_wv.l(funder.o)
    0x08017d84   0x08017d84   0x00000010   Code   RO         3630    i.__mathlib_flt_overflow  m_wv.l(funder.o)
    0x08017d94   0x08017d94   0x00000010   Code   RO         3632    i.__mathlib_flt_underflow  m_wv.l(funder.o)
    0x08017da4   0x08017da4   0x00000154   Code   RO         3640    i.__mathlib_rredf2  m_wv.l(rredf.o)
    0x08017ef8   0x08017ef8   0x0000001a   Code   RO         3689    x$fpl$fpinit        fz_wv.l(fpinit.o)
    0x08017f12   0x08017f12   0x00000000   Code   RO         3623    x$fpl$usenofp       fz_wv.l(usenofp.o)
    0x08017f12   0x08017f12   0x00000002   PAD
    0x08017f14   0x08017f14   0x00000140   Data   RO         3516    .constdata          m_wv.l(powf.o)
    0x08018054   0x08018054   0x00000020   Data   RO         3641    .constdata          m_wv.l(rredf.o)
    0x08018074   0x08018074   0x0000004c   Data   RO         1730    .rodata..L__const.HAL_FDCAN_Init.CvtEltSize  stm32h7xx_hal_fdcan.o
    0x080180c0   0x080180c0   0x0000000c   Data   RO         2888    .rodata..L__const.INS_Task.gravity  ins.o
    0x080180cc   0x080180cc   0x00000024   Data   RO           52    .rodata.BoardcommTask_attributes  freertos.o
    0x080180f0   0x080180f0   0x00000024   Data   RO           49    .rodata.ChassisTask_attributes  freertos.o
    0x08018114   0x08018114   0x00000010   Data   RO         2058    .rodata.D1CorePrescTable  system_stm32h7xx.o
    0x08018124   0x08018124   0x00000010   Data   RO         1731    .rodata.DLCtoBytes  stm32h7xx_hal_fdcan.o
    0x08018134   0x08018134   0x00000008   Data   RO          993    .rodata.DMA_CalcBaseAndBitshift.flagBitshiftOffset  stm32h7xx_hal_dma.o
    0x0801813c   0x0801813c   0x00000024   Data   RO           51    .rodata.IMUTask_attributes  freertos.o
    0x08018160   0x08018160   0x00000024   Data   RO           50    .rodata.LegMotorTask_attributes  freertos.o
    0x08018184   0x08018184   0x00000008   Data   RO         2044    .rodata.UARTEx_SetNbDataToProcess.denominator  stm32h7xx_hal_uart_ex.o
    0x0801818c   0x0801818c   0x00000008   Data   RO         2043    .rodata.UARTEx_SetNbDataToProcess.numerator  stm32h7xx_hal_uart_ex.o
    0x08018194   0x08018194   0x00000018   Data   RO         1999    .rodata.UARTPrescTable  stm32h7xx_hal_uart.o
    0x080181ac   0x080181ac   0x000003c0   Data   RO         2917    .rodata._ZL1k       lqr.o
    0x0801856c   0x0801856c   0x0000000c   Data   RO         2891    .rodata._ZL2xb      ins.o
    0x08018578   0x08018578   0x0000000c   Data   RO         2892    .rodata._ZL2yb      ins.o
    0x08018584   0x08018584   0x0000000c   Data   RO         2893    .rodata._ZL2zb      ins.o
    0x08018590   0x08018590   0x000003c0   Data   RO         2918    .rodata._ZL5k_off   lqr.o
    0x08018950   0x08018950   0x00000050   Data   RO         2787    .rodata.cst16       chassis.o
    0x080189a0   0x080189a0   0x00000024   Data   RO           48    .rodata.defaultTask_attributes  freertos.o
    0x080189c4   0x080189c4   0x00000804   Data   RO         3405    .rodata.sinTable_f32  arm_cortexM7lfdp_math.lib(arm_common_tables.o)
    0x080191c8   0x080191c8   0x0000003b   Data   RO           47    .rodata.str1.1      freertos.o
    0x08019203   0x08019203   0x00000005   Data   RO         2404    .rodata.str1.1      tasks.o
    0x08019208   0x08019208   0x0000000d   Data   RO         2474    .rodata.str1.1      timers.o
    0x08019215   0x08019215   0x00000003   PAD
    0x08019218   0x08019218   0x00000030   Data   RO         3783    Region$$Table       anon$$obj.o
    0x08019248   0x08019248   0x00000004   Data   RO         2789    .init_array         chassis.o
    0x0801924c   0x08019248   0x00000000   Data   RO         3490    .init_array         c_w.l(init_aeabi.o)


    Execution Region RW_IRAM1 (Exec base: 0x20000000, Load base: 0x0801924c, Size: 0x00020000, Max: 0x00020000, ABSOLUTE)

    Exec Addr    Load Addr    Size         Type   Attr      Idx    E Section Name        Object

    0x20000000        -       0x00020000   Zero   RW            2    HEAP                startup_stm32h723xx.o


    Execution Region RW_IRAM2 (Exec base: 0x24000000, Load base: 0x08019250, Size: 0x000068c0, Max: 0x00020000, ABSOLUTE)

    Exec Addr    Load Addr    Size         Type   Attr      Idx    E Section Name        Object

    0x24000000   0x08019250   0x0000000c   Data   RW         3232    .data.Can_Fun       bsp_fdcan.o
    0x2400000c   0x0801925c   0x00000010   Data   RW         3151    .data.M3508_FUN     m3508.o
    0x2400001c   0x0801926c   0x00000010   Data   RW         3068    .data.M6020_Fun     m6020_motor.o
    0x2400002c   0x0801927c   0x00000004   Data   RW         2056    .data.SystemCoreClock  system_stm32h7xx.o
    0x24000030   0x08019280   0x00000004   Data   RW         2057    .data.SystemD2Clock  system_stm32h7xx.o
    0x24000034   0x08019284   0x00000004   Data   RW         2933    .data._ZZN3Vmc7LegCalcEvE10predict_dt  vmc.o
    0x24000038   0x08019288   0x00000001   Data   RW         1308    .data.uwTickFreq    stm32h7xx_hal.o
    0x24000039   0x08019289   0x00000003   PAD
    0x2400003c   0x0801928c   0x00000004   Data   RW         1307    .data.uwTickPrio    stm32h7xx_hal.o
    0x24000040   0x08019290   0x00000004   Data   RW         2728    .data.uxCriticalNesting  port.o
    0x24000044   0x08019294   0x00000004   PAD
    0x24000048        -       0x00000060   Zero   RW         3648    .bss                c_w.l(libspace.o)
    0x240000a8        -       0x00000004   Zero   RW           57    .bss.BoardcommTaskHandle  freertos.o
    0x240000ac        -       0x00000004   Zero   RW         3198    .bss.CPU_FREQ_Hz    bsp_dwt.o
    0x240000b0        -       0x00000004   Zero   RW         3199    .bss.CPU_FREQ_Hz_ms  bsp_dwt.o
    0x240000b4        -       0x00000004   Zero   RW         3200    .bss.CPU_FREQ_Hz_us  bsp_dwt.o
    0x240000b8        -       0x00000008   Zero   RW         3205    .bss.CYCCNT64       bsp_dwt.o
    0x240000c0        -       0x00000004   Zero   RW         3208    .bss.CYCCNT_LAST    bsp_dwt.o
    0x240000c4        -       0x00000004   Zero   RW         3201    .bss.CYCCNT_RountCount  bsp_dwt.o
    0x240000c8        -       0x00000004   Zero   RW           54    .bss.ChassisTaskHandle  freertos.o
    0x240000cc        -       0x00000001   Zero   RW         3207    .bss.DWT_CNT_Update.bit_locker  bsp_dwt.o
    0x240000cd   0x08019294   0x00000003   PAD
    0x240000d0        -       0x00000008   Zero   RW         3202    .bss.DWT_SysTimeUpdate.CNT_TEMP1  bsp_dwt.o
    0x240000d8        -       0x00000008   Zero   RW         3203    .bss.DWT_SysTimeUpdate.CNT_TEMP2  bsp_dwt.o
    0x240000e0        -       0x00000008   Zero   RW         3204    .bss.DWT_SysTimeUpdate.CNT_TEMP3  bsp_dwt.o
    0x240000e8        -       0x00000004   Zero   RW          108    .bss.HAL_RCC_FDCAN_CLK_ENABLED  fdcan.o
    0x240000ec        -       0x00000004   Zero   RW           56    .bss.IMUTaskHandle  freertos.o
    0x240000f0        -       0x0000007c   Zero   RW         2886    .bss.INS            ins.o
    0x2400016c        -       0x00000004   Zero   RW         2887    .bss.INS_DWT_Count  ins.o
    0x24000170        -       0x00000004   Zero   RW         2656    .bss.KernelState    cmsis_os2.o
    0x24000174        -       0x00000004   Zero   RW           55    .bss.LegMotorTaskHandle  freertos.o
    0x24000178        -       0x00000100   Zero   RW         3150    .bss.M3508_Array    m3508.o
    0x24000278        -       0x00000008   Zero   RW         3152    .bss.M3508_Data_Tx  m3508.o
    0x24000280        -       0x00000008   Zero   RW         3070    .bss.M6020_Data_Tx  m6020_motor.o
    0x24000288        -       0x00000118   Zero   RW         3069    .bss.M6020s_Yaw     m6020_motor.o
    0x240003a0        -       0x00000034   Zero   RW         3091    .bss.Saber_Angle    saber_c3.o
    0x240003d4        -       0x00000001   Zero   RW         3087    .bss.Saber_Cheak.Header_Position  saber_c3.o
    0x240003d5        -       0x00000001   Zero   RW         3088    .bss.Saber_Cheak.Last_Position  saber_c3.o
    0x240003d6        -       0x00000098   Zero   RW         3090    .bss.Saber_Montage  saber_c3.o
    0x2400046e        -       0x00000001   Zero   RW         3089    .bss.Saber_Read.Header_Position  saber_c3.o
    0x2400046f        -       0x0000004c   Zero   RW         3086    .bss.Saber_Rxbuffer  saber_c3.o
    0x240004bb   0x08019294   0x00000001   PAD
    0x240004bc        -       0x00000004   Zero   RW           65    .bss.StartBoardcommTask.board_dt  freertos.o
    0x240004c0        -       0x00000004   Zero   RW           64    .bss.StartBoardcommTask.board_start  freertos.o
    0x240004c4        -       0x00000004   Zero   RW           59    .bss.StartChassisTask.chassis_dt  freertos.o
    0x240004c8        -       0x00000004   Zero   RW           58    .bss.StartChassisTask.chassis_start  freertos.o
    0x240004cc        -       0x00000004   Zero   RW           63    .bss.StartIMUTask.ins_dt  freertos.o
    0x240004d0        -       0x00000004   Zero   RW           62    .bss.StartIMUTask.ins_start  freertos.o
    0x240004d4        -       0x00000004   Zero   RW           61    .bss.StartLegMotorTask.leg_dt  freertos.o
    0x240004d8        -       0x00000004   Zero   RW           60    .bss.StartLegMotorTask.leg_start  freertos.o
    0x240004dc        -       0x00000008   Zero   RW         3206    .bss.SysTime        bsp_dwt.o
    0x240004e4        -       0x00000004   Zero   RW         2890    .bss._ZL1t          ins.o
    0x240004e8        -       0x00000004   Zero   RW         2889    .bss._ZL2dt         ins.o
    0x240004ec        -       0x00000001   Zero   RW         2866    .bss._ZZ26HAL_UARTEx_RxEventCallbackE18Saber_Montage_Flag  task_manager.o
    0x240004ed   0x08019294   0x00000003   PAD
    0x240004f0        -       0x00000004   Zero   RW         2788    .bss._ZZN15balance_Chassis9SetFollowEvE13delta_aim_yaw  chassis.o
    0x240004f4        -       0x00000004   Zero   RW         2987    .bss._ZZN3Pid13IntegralLimitEvE10temp_i_out  pid.o
    0x240004f8        -       0x00000004   Zero   RW         2986    .bss._ZZN3Pid13IntegralLimitEvE11temp_output  pid.o
    0x240004fc        -       0x00000024   Zero   RW         2907    .bss.board_comm     board_comm.o
    0x24000520        -       0x00000a98   Zero   RW         2786    .bss.chassis        chassis.o
    0x24000fb8        -       0x00000004   Zero   RW           53    .bss.defaultTaskHandle  freertos.o
    0x24000fbc        -       0x00000024   Zero   RW           79    .bss.hcrc           crc.o
    0x24000fe0        -       0x00000078   Zero   RW          159    .bss.hdma_uart7_rx  usart.o
    0x24001058        -       0x00000078   Zero   RW          160    .bss.hdma_uart7_tx  usart.o
    0x240010d0        -       0x00000078   Zero   RW          161    .bss.hdma_usart2_rx  usart.o
    0x24001148        -       0x00000078   Zero   RW          162    .bss.hdma_usart2_tx  usart.o
    0x240011c0        -       0x00000078   Zero   RW          163    .bss.hdma_usart3_rx  usart.o
    0x24001238        -       0x00000078   Zero   RW          164    .bss.hdma_usart3_tx  usart.o
    0x240012b0        -       0x000000a0   Zero   RW          105    .bss.hfdcan1        fdcan.o
    0x24001350        -       0x000000a0   Zero   RW          106    .bss.hfdcan2        fdcan.o
    0x240013f0        -       0x000000a0   Zero   RW          107    .bss.hfdcan3        fdcan.o
    0x24001490        -       0x00000088   Zero   RW          122    .bss.hspi6          spi.o
    0x24001518        -       0x0000004c   Zero   RW          231    .bss.htim2          stm32h7xx_hal_timebase_tim.o
    0x24001564        -       0x0000004c   Zero   RW          138    .bss.htim3          tim.o
    0x240015b0        -       0x00000094   Zero   RW          157    .bss.huart2         usart.o
    0x24001644        -       0x00000094   Zero   RW          158    .bss.huart3         usart.o
    0x240016d8        -       0x00000094   Zero   RW          156    .bss.huart7         usart.o
    0x2400176c        -       0x000000a0   Zero   RW         2482    .bss.prvCheckForValidListAndQueue.ucStaticTimerQueueStorage  timers.o
    0x2400180c        -       0x00000050   Zero   RW         2481    .bss.prvCheckForValidListAndQueue.xStaticTimerQueue  timers.o
    0x2400185c        -       0x00000004   Zero   RW         2478    .bss.prvSampleTimeNow.xLastTime  timers.o
    0x24001860        -       0x00000004   Zero   RW         2390    .bss.pxCurrentTCB   tasks.o
    0x24001864        -       0x00000004   Zero   RW         2476    .bss.pxCurrentTimerList  timers.o
    0x24001868        -       0x00000004   Zero   RW         2398    .bss.pxDelayedTaskList  tasks.o
    0x2400186c        -       0x00000004   Zero   RW         2685    .bss.pxEnd          heap_4.o
    0x24001870        -       0x00000004   Zero   RW         2399    .bss.pxOverflowDelayedTaskList  tasks.o
    0x24001874        -       0x00000004   Zero   RW         2477    .bss.pxOverflowTimerList  timers.o
    0x24001878        -       0x00000460   Zero   RW         2401    .bss.pxReadyTasksLists  tasks.o
    0x24001cd8        -       0x00000002   Zero   RW         2960    .bss.sizeof_double  kalman_filter.o
    0x24001cda        -       0x00000002   Zero   RW         2959    .bss.sizeof_float   kalman_filter.o
    0x24001cdc        -       0x00003c00   Zero   RW         2692    .bss.ucHeap         heap_4.o
    0x240058dc        -       0x00000001   Zero   RW         2726    .bss.ucMaxSysCallPriority  port.o
    0x240058dd   0x08019294   0x00000003   PAD
    0x240058e0        -       0x00000004   Zero   RW         2727    .bss.ulMaxPRIGROUPValue  port.o
    0x240058e4        -       0x00000004   Zero   RW         1309    .bss.uwTick         stm32h7xx_hal.o
    0x240058e8        -       0x00000004   Zero   RW         2394    .bss.uxCurrentNumberOfTasks  tasks.o
    0x240058ec        -       0x00000004   Zero   RW         2393    .bss.uxDeletedTasksWaitingCleanUp  tasks.o
    0x240058f0        -       0x00000004   Zero   RW         2396    .bss.uxSchedulerSuspended  tasks.o
    0x240058f4        -       0x00000004   Zero   RW         2391    .bss.uxTaskNumber   tasks.o
    0x240058f8        -       0x00000004   Zero   RW         2402    .bss.uxTopReadyPriority  tasks.o
    0x240058fc        -       0x00000200   Zero   RW         2659    .bss.vApplicationGetIdleTaskMemory.Idle_Stack  cmsis_os2.o
    0x24005afc        -       0x0000005c   Zero   RW         2658    .bss.vApplicationGetIdleTaskMemory.Idle_TCB  cmsis_os2.o
    0x24005b58        -       0x00000400   Zero   RW         2661    .bss.vApplicationGetTimerTaskMemory.Timer_Stack  cmsis_os2.o
    0x24005f58        -       0x0000005c   Zero   RW         2660    .bss.vApplicationGetTimerTaskMemory.Timer_TCB  cmsis_os2.o
    0x24005fb4        -       0x00000014   Zero   RW         2479    .bss.xActiveTimerList1  timers.o
    0x24005fc8        -       0x00000014   Zero   RW         2480    .bss.xActiveTimerList2  timers.o
    0x24005fdc        -       0x00000004   Zero   RW         2686    .bss.xBlockAllocatedBit  heap_4.o
    0x24005fe0        -       0x00000014   Zero   RW         2410    .bss.xDelayedTaskList1  tasks.o
    0x24005ff4        -       0x00000014   Zero   RW         2411    .bss.xDelayedTaskList2  tasks.o
    0x24006008        -       0x00000004   Zero   RW         2687    .bss.xFreeBytesRemaining  heap_4.o
    0x2400600c        -       0x00000004   Zero   RW         2405    .bss.xIdleTaskHandle  tasks.o
    0x24006010        -       0x00000004   Zero   RW         2689    .bss.xMinimumEverFreeBytesRemaining  heap_4.o
    0x24006014        -       0x00000004   Zero   RW         2406    .bss.xNextTaskUnblockTime  tasks.o
    0x24006018        -       0x00000004   Zero   RW         2409    .bss.xNumOfOverflows  tasks.o
    0x2400601c        -       0x00000004   Zero   RW         2690    .bss.xNumberOfSuccessfulAllocations  heap_4.o
    0x24006020        -       0x00000004   Zero   RW         2691    .bss.xNumberOfSuccessfulFrees  heap_4.o
    0x24006024        -       0x00000004   Zero   RW         2408    .bss.xPendedTicks   tasks.o
    0x24006028        -       0x00000014   Zero   RW         2403    .bss.xPendingReadyList  tasks.o
    0x2400603c        -       0x00000040   Zero   RW         2201    .bss.xQueueRegistry  queue.o
    0x2400607c        -       0x00000004   Zero   RW         2395    .bss.xSchedulerRunning  tasks.o
    0x24006080        -       0x00000008   Zero   RW         2688    .bss.xStart         heap_4.o
    0x24006088        -       0x00000014   Zero   RW         2400    .bss.xSuspendedTaskList  tasks.o
    0x2400609c        -       0x00000014   Zero   RW         2392    .bss.xTasksWaitingTermination  tasks.o
    0x240060b0        -       0x00000004   Zero   RW         2397    .bss.xTickCount     tasks.o
    0x240060b4        -       0x00000004   Zero   RW         2473    .bss.xTimerQueue    timers.o
    0x240060b8        -       0x00000004   Zero   RW         2475    .bss.xTimerTaskHandle  timers.o
    0x240060bc        -       0x00000004   Zero   RW         2407    .bss.xYieldPending  tasks.o
    0x240060c0        -       0x00000800   Zero   RW            1    STACK               startup_stm32h723xx.o


==============================================================================

Image component sizes


      Code (inc. data)   RO Data    RW Data    ZI Data      Debug   Object Name

       372          0          0          0         36       5683   board_comm.o
       742          4          0          0         61       3638   bsp_dwt.o
      1724          0          0         12          0      19969   bsp_fdcan.o
      5180        172         84          0       2716      37000   chassis.o
       746          0          0          0       1724      36574   cmsis_os2.o
       126          0          0          0         36       3606   crc.o
      1298         24          0          0          0      22590   dm_8009p.o
       180          0          0          0          0       5274   dma.o
       982          0          0          0        484      11907   fdcan.o
       528          0        239          0         52       3798   freertos.o
       352          0          0          0          0       3068   gpio.o
      1084          0          0          0      15392       4458   heap_4.o
       984         28         48          0        136      16679   ins.o
      3256          0          0          0          4      20314   kalman_filter.o
       296          0          0          0          0       2224   list.o
      2888          0       1920          0          0       7709   lqr.o
       812         24          0         16        264       3451   m3508.o
       506         32          0         16        288       3260   m6020_motor.o
       358          0          0          0          0       8826   main.o
      1226         12          0          0          8      17837   pid.o
      1128         16          0          4          5       3840   port.o
      2604          0          0          0         64      17280   queue.o
       606          0          0          0        283       1807   saber_c3.o
       280          0          0          0        136       8069   spi.o
        64         26        716          0     133120        852   startup_stm32h723xx.o
       190          0          0          5          4      14604   stm32h7xx_hal.o
       380          0          0          0          0      11473   stm32h7xx_hal_cortex.o
       204          0          0          0          0       4008   stm32h7xx_hal_crc.o
       234         26          0          0          0       2412   stm32h7xx_hal_crc_ex.o
     15542          8          8          0          0      12453   stm32h7xx_hal_dma.o
      5204          0         92          0          0      33343   stm32h7xx_hal_fdcan.o
       982          0          0          0          0       7012   stm32h7xx_hal_gpio.o
        54          0          0          0          0       7292   stm32h7xx_hal_i2c_ex.o
        50          0          0          0          0       5261   stm32h7xx_hal_msp.o
       162          0          0          0          0       9305   stm32h7xx_hal_pwr_ex.o
      4850         66          0          0          0      11439   stm32h7xx_hal_rcc.o
      6398         96          0          0          0      18728   stm32h7xx_hal_rcc_ex.o
      2078          0          0          0          0      20730   stm32h7xx_hal_spi.o
      3846         22          0          0          0      37388   stm32h7xx_hal_tim.o
       404          0          0          0          0      18052   stm32h7xx_hal_tim_ex.o
       216          0          0          0         76       9595   stm32h7xx_hal_timebase_tim.o
      6630        342         24          0          0      29312   stm32h7xx_hal_uart.o
       946          0         16          0          0       8859   stm32h7xx_hal_uart_ex.o
       230          0          0          0          0       2034   stm32h7xx_it.o
       314          0         16          8          0       5245   system_stm32h7xx.o
       466         16          0          0          1      19407   task_manager.o
      3918          0          5          0       1280      24091   tasks.o
       318          0          0          0         76       7149   tim.o
      1692         10         13          0        300      11585   timers.o
       664          0          0          0          0       2731   tpid.o
      1598          0          0          0       1164      12547   usart.o
        84          0          0          0          0       7262   user_lib.o
      3074         64          0          4          0      18381   vmc.o
       226          0          0          0          0       1200   ws2812.o

    ----------------------------------------------------------------------
     90316       1052       3232         68     157724     642611   Object Totals
         0          0         48          0          0          0   (incl. Generated)
      1040         64          3          3         14          0   (incl. Padding)

    ----------------------------------------------------------------------

      Code (inc. data)   RO Data    RW Data    ZI Data      Debug   Library Member Name

         0          0       2052          0          0       4961   arm_common_tables.o
       144         12          0          0          0       1111   arm_cos_f32.o
       190          0          0          0          0       1836   arm_mat_add_f32.o
         8          0          0          0          0        841   arm_mat_init_f32.o
       716          4          0          0          0       3547   arm_mat_inverse_f32.o
       304          4          0          0          0       2362   arm_mat_mult_f32.o
       190          0          0          0          0       1834   arm_mat_sub_f32.o
       180          0          0          0          0       1862   arm_mat_trans_f32.o
       140         12          0          0          0       1098   arm_sin_f32.o
         8          0          0          0          0         68   __main.o
         0          0          0          0          0          0   __rtentry.o
        12          0          0          0          0          0   __rtentry2.o
         6          0          0          0          0          0   __rtentry4.o
        52          8          0          0          0          0   __scatter.o
        26          0          0          0          0          0   __scatter_copy.o
        28          0          0          0          0          0   __scatter_zi.o
        22          0          0          0          0        100   _rserrno.o
        16          0          0          0          0         68   aeabi_memset4.o
        10          0          0          0          0         68   defsig_exit.o
        50          0          0          0          0         88   defsig_general.o
        80         58          0          0          0         76   defsig_rtmem_inner.o
        14          0          0          0          0         80   defsig_rtmem_outer.o
        18          0          0          0          0         80   exit.o
        94          0          0          0          0         80   h1_alloc.o
        52          0          0          0          0         68   h1_extend.o
        78          0          0          0          0         80   h1_free.o
        14          0          0          0          0         84   h1_init.o
         6          0          0          0          0        152   heapauxi.o
         4          0          0          0          0        136   hguard.o
         0          0          0          0          0          0   indicate_semi.o
        36          8          0          0          0         80   init_aeabi.o
       138          0          0          0          0        168   init_alloc.o
         2          0          0          0          0          0   libinit.o
        18          0          0          0          0          0   libinit2.o
         2          0          0          0          0          0   libshutdown.o
         2          0          0          0          0          0   libshutdown2.o
         8          4          0          0         96         68   libspace.o
       240          0          0          0          0        100   lludivv7m.o
         0          0          0          0          0          0   maybetermalloc1.o
         8          4          0          0          0         68   rt_errno_addr_intlibspace.o
         8          4          0          0          0         68   rt_heap_descriptor_intlibspace.o
        68          0          0          0          0         68   rt_memclr.o
        78          0          0          0          0         80   rt_memclr_w.o
       138          0          0          0          0         68   rt_memcpy_v6.o
       100          0          0          0          0         80   rt_memcpy_w.o
         2          0          0          0          0          0   rtexit.o
        10          0          0          0          0          0   rtexit2.o
        12          4          0          0          0         68   sys_exit.o
        74          0          0          0          0         80   sys_stackheap_outer.o
        14          0          0          0          0         76   sys_wrch.o
         2          0          0          0          0         68   use_no_semi.o
        26          0          0          0          0        116   fpinit.o
         0          0          0          0          0          0   usenofp.o
       684         90          0          0          0        208   atan2f.o
       336         56          0          0          0        136   cosf.o
        38          0          0          0          0        116   fpclassifyf.o
        80         24          0          0          0        696   funder.o
      1636        110        320          0          0        372   powf.o
       340         24         32          0          0        160   rredf.o
       400         56          0          0          0        212   sinf.o
        58          0          0          0          0        136   sqrtf.o

    ----------------------------------------------------------------------
      7036        482       2404          0         96      23972   Library Totals
        16          0          0          0          0          0   (incl. Padding)

    ----------------------------------------------------------------------

      Code (inc. data)   RO Data    RW Data    ZI Data      Debug   Library Name

      1872         32       2052          0          0      19452   arm_cortexM7lfdp_math.lib
      1550         90          0          0         96       2368   c_w.l
        26          0          0          0          0        116   fz_wv.l
      3572        360        352          0          0       2036   m_wv.l

    ----------------------------------------------------------------------
      7036        482       2404          0         96      23972   Library Totals

    ----------------------------------------------------------------------

==============================================================================


      Code (inc. data)   RO Data    RW Data    ZI Data      Debug   

     97352       1534       5636         68     157820     662931   Grand Totals
     97352       1534       5636         68     157820     662931   ELF Image Totals
     97352       1534       5636         68          0          0   ROM Totals

==============================================================================

    Total RO  Size (Code + RO Data)               102988 ( 100.57kB)
    Total RW  Size (RW Data + ZI Data)            157888 ( 154.19kB)
    Total ROM Size (Code + RO Data + RW Data)     103056 ( 100.64kB)

==============================================================================

